******************************************************************************
                  TI ARM Linker PC v20.2.1                     
******************************************************************************
>> Linked Tue Sep 29 17:37:16 2020

OUTPUT FILE NAME:   <coprocessor_CC1352R1_LAUNCHXL_tirtos_ccs.out>
ENTRY POINT SYMBOL: "ResetISR"  address: 000107b9


MEMORY CONFIGURATION

         name            origin    length      used     unused   attr    fill
----------------------  --------  ---------  --------  --------  ----  --------
  FLASH                 00000000   0004e000  000153cc  00038c34  R  X
  FLASH_NV              0004e000   00008000  00008000  00000000  RW X
  FLASH_LAST            00056000   00002000  00002000  00000000  R  X
  SRAM                  20000000   00014000  00003e19  000101e7  RW X


SEGMENT ALLOCATION MAP

run origin  load origin   length   init length attrs members
----------  ----------- ---------- ----------- ----- -------
00000000    00000000    000153d0   000153d0    r-x
  00000000    00000000    0000003c   0000003c    r-- .resetVecs
  0000003c    0000003c    0000222c   0000222c    r-- .const
  00002268    00002268    00012cdc   00012cdc    r-x .text.1
  00014f48    00014f48    00000488   00000488    r-- .cinit
0004e000    0004e000    00008000   00000000    rw-
  0004e000    0004e000    00008000   00000000    rw- .TI.bound:flashBuf0
00056000    00056000    00002000   00002000    r-x
  00056000    00056000    00001fa8   00001fa8    r-x .text.2
  00057fa8    00057fa8    00000058   00000058    r-- .ccfg
20000100    20000100    000037e5   00000000    rw-
  20000100    20000100    00000004   00000000    rw- .data:xdcRomConstPtr
  20000104    20000104    00000004   00000000    rw- .data:xdcRomExternFuncPtr
  20000108    20000108    00000004   00000000    rw- .data:xdcRomStatePtr
  2000010c    2000010c    00000010   00000000    rw- .data:RAM_MAC_BASE_ADDR
  20000120    20000120    000023cd   00000000    rw- .data
  200024f0    200024f0    000013f5   00000000    rw- .bss
20013aa0    20013aa0    00000560   00000000    rw-
  20013aa0    20013aa0    00000560   00000000    rw- .stack


SECTION ALLOCATION MAP

 output                                  attributes/
section   page    origin      length       input sections
--------  ----  ----------  ----------   ----------------
.const     0    0000003c    0000222c     
                  0000003c    00000568     maclib_secure_cc13x2.a : hmac_rom_init.obj (.const:HMAC_ROM_Flash_JT)
                  000005a4    000003b8     app_cop_pem4f.oem4f (.const:ROM_constStruct)
                  0000095c    000002bc     ti_radio_config.obj (.const:$O21$$)
                  00000c18    00000258     maclib_secure_cc13x2.a : fh_rom_init.obj (.const:FH_ROM_Flash_JT)
                  00000e70    000001f0     rf_multiMode_cc13x2.aem4f : rf_patch_cpe_prop.c.cc13x2.ccs.o (.const:patchImageProp)
                  00001060    00000168                               : rf_patch_cpe_ieee_802_15_4.c.cc13x2.ccs.o (.const:patchImageIeee802154)
                  000011c8    0000012c     mac_cfg.obj (.const:FH_PibTbl)
                  000012f4    00000100     crc.obj (.const:.string:crc_table$20)
                  000013f4    000000fa     maclib_secure_cc13x2.a : fh_global.obj (.const:FH_stateMatrix)
                  000014ee    000000f8     mac_cfg.obj (.const:macPibTbl)
                  000015e6    00000001     ti_drivers_config.obj (.const:aesccmCC26XXHWAttrs)
                  000015e7    00000001     app_cop_pem4f.oem4f (.const:xdc_runtime_Text_charTab__A)
                  000015e8    000000e4     mac_user_config.obj (.const:$O18$$)
                  000016cc    000000cc     maclib_secure_cc13x2.a : lmac_rom_init.obj (.const:LMAC_ROM_Flash_JT)
                  00001798    0000008c     mac_cfg.obj (.const:FHPIB_defaults)
                  00001824    00000088     mac_cfg.obj (.const:macPibDefaults)
                  000018ac    00000080     drivers_cc13x2.a : Random.oem4f (.const:$P$T0$1)
                  0000192c    00000072     maclib_secure_cc13x2.a : hmac_global.obj (.const:macAssociatingSt)
                  0000199e    00000072                            : hmac_global.obj (.const:macIdleSt)
                  00001a10    00000072                            : hmac_global.obj (.const:macPollingSt)
                  00001a82    00000072                            : hmac_global.obj (.const:macScanningSt)
                  00001af4    00000072                            : hmac_global.obj (.const:macStartingSt)
                  00001b66    00000002     --HOLE-- [fill = 0]
                  00001b68    0000006c                            : icall_osal_rom_init.obj (.const:ICALL_OSAL_ROM_Flash_JT)
                  00001bd4    0000006c     mac_user_config.obj (.const:macRfDriverTable)
                  00001c40    00000058     mac_cfg.obj (.const:macSecurityPibTbl)
                  00001c98    00000054     drivers_cc13x2.a : PowerCC26X2.oem4f (.const:resourceDB)
                  00001cec    00000050     mac_cfg.obj (.const:macMRFSKStdPhyTable)
                  00001d3c    00000048     app_cop_pem4f.oem4f (.const:.string)
                  00001d84    00000048     app_cop_pem4f.oem4f (.const:ROM_externFuncPtrs)
                  00001dcc    00000040     mac_user_config.obj (.const:macCryptoDriverTable)
                  00001e0c    00000040     maclib_secure_cc13x2.a : hmac_global.obj (.const:macTimerRolloverValue)
                  00001e4c    00000038     ti_drivers_config.obj (.const:$O1$$)
                  00001e84    00000038     maclib_secure_cc13x2.a : hmac_global.obj (.const:macCmdIncludeFHIe)
                  00001ebc    00000028     drivers_cc13x2.a : NVSCC26XX.oem4f (.const:NVSCC26XX_fxnTable)
                  00001ee4    00000028                      : UARTCC26XX.oem4f (.const:UARTCC26XX_fxnTable)
                  00001f0c    00000028     app_cop_pem4f.oem4f (.const:ti_sysbios_heaps_HeapCallback_Module__FXNS__C)
                  00001f34    00000028     ti_drivers_config.obj (.const:uartCC26XXHWAttrs)
                  00001f5c    00000028     app_cop_pem4f.oem4f (.const:xdc_runtime_Startup_sfxnTab__A)
                  00001f84    00000024     drivers_cc13x2.a : UART.oem4f (.const:UART_defaultParams)
                  00001fa8    00000024     app_cop_pem4f.oem4f (.const:ti_sysbios_gates_GateMutexPri_Module__FXNS__C)
                  00001fcc    00000020     rf_multiMode_cc13x2.aem4f : RFCC26X2_multiMode.c.cc13x2.ccs.o (.const:RF_defaultParams)
                  00001fec    00000020     app_cop_pem4f.oem4f (.const:ti_sysbios_gates_GateMutexPri_Object__DESC__C)
                  0000200c    00000020     app_cop_pem4f.oem4f (.const:ti_sysbios_heaps_HeapCallback_Object__DESC__C)
                  0000202c    0000001c     CC1352R1_LAUNCHXL_fxns.obj (.const:$O1$$)
                  00002048    0000001c     app_cop_pem4f.oem4f (.const:ti_sysbios_heaps_HeapCallback_Object__PARAMS__C)
                  00002064    00000018     maclib_secure_cc13x2.a : hmac_global.obj (.const:macSendMsgBufSize)
                  0000207c    00000018     app_cop_pem4f.oem4f (.const:ti_sysbios_gates_GateMutexPri_Object__PARAMS__C)
                  00002094    00000014     ti_drivers_config.obj (.const:PowerCC26X2_config)
                  000020a8    00000014     drivers_cc13x2.a : UARTCC26XX.oem4f (.const:parityType)
                  000020bc    00000014     app_cop_pem4f.oem4f (.const:xdc_runtime_Startup_sfxnRts__A)
                  000020d0    00000013     macTask.obj (.const:.string:msacbackSizeTable)
                  000020e3    00000001     --HOLE-- [fill = 0]
                  000020e4    00000010     drivers_cc13x2.a : AESCCM.oem4f (.const:AESCCM_defaultParams)
                  000020f4    00000010                      : TRNG.oem4f (.const:TRNG_defaultParams)
                  00002104    00000010                      : UARTCC26XX.oem4f (.const:dataLength)
                  00002114    00000010     maclib_secure_cc13x2.a : hmac_global.obj (.const:macIEEEPhyTable)
                  00002124    0000000e                            : hmac_global.obj (.const:.string:macCmdBufSize)
                  00002132    0000000e                            : hmac_global.obj (.const:.string:macTxFrameFailed)
                  00002140    0000000e                            : hmac_global.obj (.const:.string:macTxFrameSuccess)
                  0000214e    00000002     --HOLE-- [fill = 0]
                  00002150    0000000c     mt_sys.obj (.const:$O7$$)
                  0000215c    0000000c     drivers_cc13x2.a : Random.oem4f (.const:$P$T1$2)
                  00002168    0000000c     maclib_secure_cc13x2.a : hmac_global.obj (.const:.string:macCbackEventTbl)
                  00002174    0000000c                            : hmac_global.obj (.const:.string:macSendMsgDataSize)
                  00002180    0000000c     ti_drivers_config.obj (.const:NVS_config)
                  0000218c    0000000c     ti_drivers_config.obj (.const:RFCC26XX_hwAttrs)
                  00002198    0000000c     ti_drivers_config.obj (.const:UART_config)
                  000021a4    0000000c     app_cop_pem4f.oem4f (.const:xdc_runtime_Startup_firstFxns__A)
                  000021b0    0000000b     ti_drivers_config.obj (.const)
                  000021bb    00000009     maclib_secure_cc13x2.a : hmac_global.obj (.const:.string:macCmdLen)
                  000021c4    00000008                            : mac_rx.obj (.const:$O27$$)
                  000021cc    00000008     driverlib.lib : aux_sysif.obj (.const:$O35$$)
                  000021d4    00000008     main.obj (.const:.string:dummyExtAddr$2)
                  000021dc    00000008     maclib_secure_cc13x2.a : fh_global.obj (.const:.string:fhSupFrameTypes)
                  000021e4    00000008                            : hmac_global.obj (.const:.string:macAuthTagLen)
                  000021ec    00000008     ti_drivers_config.obj (.const:AESCCM_config)
                  000021f4    00000008     ti_drivers_config.obj (.const:PINCC26XX_hwAttrs)
                  000021fc    00000008     rf_multiMode_cc13x2.aem4f : RFCC26X2_multiMode.c.cc13x2.ccs.o (.const:RFCC26XX_schedulerPolicy)
                  00002204    00000008     ti_drivers_config.obj (.const:nvsCC26XXHWAttrs)
                  0000220c    00000008     drivers_cc13x2.a : UARTCC26XX.oem4f (.const:stopBits)
                  00002214    00000008     app_cop_pem4f.oem4f (.const:ti_sysbios_family_arm_m3_Hwi_excHookFuncs__A)
                  0000221c    00000006     drivers_cc13x2.a : UARTCC26XX.oem4f (.const:.string:rxFifoBytes)
                  00002222    00000006                      : UARTCC26XX.oem4f (.const:.string:rxFifoThreshold)
                  00002228    00000006                      : UARTCC26XX.oem4f (.const:.string:txFifoBytes)
                  0000222e    00000006                      : UARTCC26XX.oem4f (.const:.string:txFifoThreshold)
                  00002234    00000004     maclib_secure_cc13x2.a : hmac_global.obj (.const:.string:macKeySourceLen)
                  00002238    00000004     drivers_cc13x2.a : NVS.oem4f (.const:NVS_defaultParams)
                  0000223c    00000004     app_cop_pem4f.oem4f (.const:ti_sysbios_gates_GateMutexPri_Instance_State_pendQ__O)
                  00002240    00000004     app_cop_pem4f.oem4f (.const:ti_sysbios_heaps_HeapCallback_Object__count__C)
                  00002244    00000004     app_cop_pem4f.oem4f (.const:ti_sysbios_heaps_HeapCallback_allocInstFxn__C)
                  00002248    00000004     app_cop_pem4f.oem4f (.const:ti_sysbios_heaps_HeapCallback_createInstFxn__C)
                  0000224c    00000004     app_cop_pem4f.oem4f (.const:ti_sysbios_heaps_HeapCallback_deleteInstFxn__C)
                  00002250    00000004     app_cop_pem4f.oem4f (.const:ti_sysbios_heaps_HeapCallback_freeInstFxn__C)
                  00002254    00000004     app_cop_pem4f.oem4f (.const:ti_sysbios_heaps_HeapCallback_getStatsInstFxn__C)
                  00002258    00000004     app_cop_pem4f.oem4f (.const:ti_sysbios_heaps_HeapCallback_initInstFxn__C)
                  0000225c    00000004     app_cop_pem4f.oem4f (.const:ti_sysbios_heaps_HeapCallback_isBlockingInstFxn__C)
                  00002260    00000004     app_cop_pem4f.oem4f (.const:ti_sysbios_knl_Clock_tickPeriod__C)
                  00002264    00000004     app_cop_pem4f.oem4f (.const:ti_sysbios_knl_Idle_funcList__A)

.cinit     0    00014f48    00000488     
                  00014f48    00000420     (.cinit..data.load) [load image, compression = lzss]
                  00015368    0000000c     (__TI_handler_table)
                  00015374    00000004     --HOLE-- [fill = 0]
                  00015378    00000008     (.cinit..bss.load) [load image, compression = zero_init]
                  00015380    00000008     (.cinit..data:RAM_MAC_BASE_ADDR.load) [load image, compression = zero_init]
                  00015388    00000008     (.cinit..data:xdcRomConstPtr.load) [load image, compression = lzss]
                  00015390    00000008     (.cinit..data:xdcRomExternFuncPtr.load) [load image, compression = lzss]
                  00015398    00000008     (.cinit..data:xdcRomStatePtr.load) [load image, compression = lzss]
                  000153a0    00000030     (__TI_cinit_table)

.init_array 
*          0    00000000    00000000     UNINITIALIZED

.TI.bound:flashBuf0 
*          0    0004e000    00008000     UNINITIALIZED
                  0004e000    00008000     ti_drivers_config.obj (.TI.bound:flashBuf0)

.ccfg      0    00057fa8    00000058     
                  00057fa8    00000058     ti_devices_config.obj (.ccfg:retain)

.data:xdcRomConstPtr 
*          0    20000100    00000004     UNINITIALIZED
                  20000100    00000004     app_cop_pem4f.oem4f (.data:xdcRomConstPtr)

.data:xdcRomExternFuncPtr 
*          0    20000104    00000004     UNINITIALIZED
                  20000104    00000004     app_cop_pem4f.oem4f (.data:xdcRomExternFuncPtr)

.data:xdcRomStatePtr 
*          0    20000108    00000004     UNINITIALIZED
                  20000108    00000004     app_cop_pem4f.oem4f (.data:xdcRomStatePtr)

.data      0    20000120    000023cd     UNINITIALIZED
                  20000120    000008c4     macTask.obj (.data:$O16$$)
                  200009e4    000003e4     main.obj (.data:$O2$$)
                  20000dc8    00000388     npi_task.obj (.data:$O12$$)
                  20001150    00000234     npi_tl.obj (.data:$O13$$)
                  20001384    000001bc     ti_radio_config.obj (.data:$O20$$)
                  20001540    000001b0     mac_settings.obj (.data:$O17$$)
                  200016f0    0000018c     maclib_osal_tirtos_cc13x2_26x2.a : osal_port.obj (.data:$O31$$)
                  2000187c    00000170     drivers_cc13x2.a : PowerCC26X2.oem4f (.data:PowerCC26X2_module)
                  200019ec    00000114     npi_rxbuf.obj (.data:$O11$$)
                  20001b00    0000010c     app_cop_pem4f.oem4f (.data:ROM_stateStruct)
                  20001c0c    00000004     maclib_secure_cc13x2.a : mac_autopend.obj (.data:$O24$$)
                  20001c10    000000a8                            : mac.obj (.data:$O23$$)
                  20001cb8    000000a0     mac_cfg.obj (.data:macMRFSKGenPhyTable)
                  20001d58    00000078     nvocmp.obj (.data:$O19$$)
                  20001dd0    0000006c     maclib_secure_cc13x2.a : hmac_global.obj (.data:fhObject)
                  20001e3c    00000054                            : fh_global.obj (.data:FHIE_channelPlan)
                  20001e90    0000004c     mcp.obj (.data:$O3$$)
                  20001edc    0000004c     app_cop_pem4f.oem4f (.data:ti_sysbios_knl_Task_Object__table__V)
                  20001f28    00000048     app_cop_pem4f.oem4f (.data:ti_sysbios_family_arm_cc26xx_Timer_Object__table__V)
                  20001f70    00000044     board_led.obj (.data:$O9$$)
                  20001fb4    00000040     maclib_secure_cc13x2.a : mac_radio.obj (.data:$O25$$)
                  20001ff4    00000038     npi_tl_uart.obj (.data:$O14$$)
                  2000202c    00000038     app_cop_pem4f.oem4f (.data:ti_sysbios_gates_GateMutex_Object__table__V)
                  20002064    00000034     api_mac.obj (.data:$O15$$)
                  20002098    00000034     maclib_secure_cc13x2.a : hmac_global.obj (.data:macBeaconPayload)
                  200020cc    00000030     mt_util.obj (.data:$O8$$)
                  200020fc    00000030     maclib_secure_cc13x2.a : hmac_global.obj (.data)
                  2000212c    00000030     app_cop_pem4f.oem4f (.data:ti_sysbios_knl_Swi_Module_State_0_readyQ__A)
                  2000215c    00000030     app_cop_pem4f.oem4f (.data:ti_sysbios_knl_Swi_Object__table__V)
                  2000218c    00000030     app_cop_pem4f.oem4f (.data:ti_sysbios_knl_Task_Module_State_0_readyQ__A)
                  200021bc    0000002c     mt.obj (.data:$O4$$)
                  200021e8    0000002c     ti_radio_config.obj (.data:pOverrides_slr5kbps2gfsk)
                  20002214    00000028     maclib_secure_cc13x2.a : mac_symbol_timer.obj (.data:$O28$$)
                  2000223c    00000028     ti_radio_config.obj (.data:pOverrides_2gfsk200kbps154g)
                  20002264    00000028     ti_radio_config.obj (.data:pOverrides_2gfsk50kbps154g)
                  2000228c    00000024     maclib_secure_cc13x2.a : mac_tx.obj (.data:$O29$$)
                  200022b0    00000024     driverlib.lib : osc.obj (.data:$O33$$)
                  200022d4    00000024     maclib_secure_cc13x2.a : hmac_global.obj (.data:macActionSet)
                  200022f8    00000020     drivers_cc13x2.a : TRNGCC26XX.oem4f (.data:entropyPoolBuffer)
                  20002318    00000020     mac_cfg.obj (.data:macBeaconMargin)
                  20002338    00000020     app_cop_pem4f.oem4f (.data:ti_sysbios_knl_Clock_Object__table__V)
                  20002358    00000020     app_cop_pem4f.oem4f (.data:xdc_runtime_Error_IgnoreBlock)
                  20002378    00000018     app_cop_pem4f.oem4f (.data:ti_sysbios_family_arm_m3_Hwi_Object__table__V)
                  20002390    00000014     maclib_secure_cc13x2.a : mac_radio_tx.obj (.data:$O30$$)
                  200023a4    00000014                            : hmac_global.obj (.data:macStateTbl)
                  200023b8    00000010     maclib_osal_tirtos_cc13x2_26x2.a : osal_port_timers.obj (.data:$O32$$)
                  200023c8    00000010     mac_cfg.obj (.data:macCfg)
                  200023d8    0000000f     maclib_secure_cc13x2.a : mac.obj (.data)
                  200023e7    00000001     drivers_cc13x2.a : AESCCMCC26XX.oem4f (.data)
                  200023e8    0000000c     npi_frame_mt.obj (.data:$O10$$)
                  200023f4    0000000c     maclib_secure_cc13x2.a : mac_hl_patch.obj (.data:$O22$$)
                  20002400    0000000c                            : fh_global.obj (.data:FH_FSM)
                  2000240c    0000000c     ti_radio_config.obj (.data:pOverrides_ieee154)
                  20002418    0000000c     app_cop_pem4f.oem4f (.data:ti_sysbios_heaps_HeapCallback_Object__table__V)
                  20002424    00000008     rtsv7M4_T_le_v4SPD16_eabi.lib : _lock.c.obj (.data:$O36$$)
                  2000242c    00000008     mt_sys.obj (.data:$O6$$)
                  20002434    00000008     maclib_secure_cc13x2.a : fh_global.obj (.data:FH_txTiming)
                  2000243c    00000008     drivers_cc13x2.a : PINCC26XX.oem4f (.data)
                  20002444    00000008                      : TRNGCC26XX.oem4f (.data:jobList)
                  2000244c    00000008     app_cop_pem4f.oem4f (.data:ti_sysbios_family_arm_m3_Hwi_Module__root__V)
                  20002454    00000008     app_cop_pem4f.oem4f (.data:ti_sysbios_gates_GateHwi_Module__root__V)
                  2000245c    00000008     app_cop_pem4f.oem4f (.data:ti_sysbios_gates_GateMutexPri_Module__root__V)
                  20002464    00000008     app_cop_pem4f.oem4f (.data:ti_sysbios_gates_GateMutex_Module__root__V)
                  2000246c    00000008     app_cop_pem4f.oem4f (.data:ti_sysbios_hal_Hwi_Module__root__V)
                  20002474    00000008     app_cop_pem4f.oem4f (.data:ti_sysbios_heaps_HeapCallback_Module__root__V)
                  2000247c    00000008     app_cop_pem4f.oem4f (.data:ti_sysbios_heaps_HeapMem_Module__root__V)
                  20002484    00000008     app_cop_pem4f.oem4f (.data:ti_sysbios_knl_Clock_Module__root__V)
                  2000248c    00000008     app_cop_pem4f.oem4f (.data:ti_sysbios_knl_Event_Module__root__V)
                  20002494    00000008     app_cop_pem4f.oem4f (.data:ti_sysbios_knl_Mailbox_Module__root__V)
                  2000249c    00000008     app_cop_pem4f.oem4f (.data:ti_sysbios_knl_Queue_Module__root__V)
                  200024a4    00000008     app_cop_pem4f.oem4f (.data:ti_sysbios_knl_Semaphore_Module__root__V)
                  200024ac    00000008     app_cop_pem4f.oem4f (.data:ti_sysbios_knl_Swi_Module__root__V)
                  200024b4    00000008     app_cop_pem4f.oem4f (.data:ti_sysbios_knl_Task_Module__root__V)
                  200024bc    00000005     drivers_cc13x2.a : TemperatureCC26X2.oem4f (.data)
                  200024c1    00000004     maclib_secure_cc13x2.a : fh_global.obj (.data:macAddrSize)
                  200024c5    00000002     drivers_cc13x2.a : CryptoResourceCC26XX.oem4f (.data)
                  200024c7    00000001                      : NVS.oem4f (.data)
                  200024c8    00000004     maclib_osal_tirtos_cc13x2_26x2.a : osal_port.obj (.data)
                  200024cc    00000004     maclib_secure_cc13x2.a : lmac_global.obj (.data)
                  200024d0    00000004     mt_mac.obj (.data)
                  200024d4    00000004     rtsv7M4_T_le_v4SPD16_eabi.lib : stkdepth_vars.c.obj (.data)
                  200024d8    00000004     app_cop_pem4f.oem4f (.data:ti_sysbios_family_arm_m3_Hwi_Module_State_0_excContext__A)
                  200024dc    00000004     app_cop_pem4f.oem4f (.data:ti_sysbios_family_arm_m3_Hwi_Module_State_0_excStack__A)
                  200024e0    00000004     app_cop_pem4f.oem4f (.data:ti_sysbios_knl_Task_Module_State_0_idleTask__A)
                  200024e4    00000002     drivers_cc13x2.a : TRNGCC26XX.oem4f (.data)
                  200024e6    00000002     app_cop_pem4f.oem4f (.data:ti_sysbios_family_arm_m3_Hwi_Module_State_0_excActive__A)
                  200024e8    00000001     drivers_cc13x2.a : UART.oem4f (.data)
                  200024e9    00000001     maclib_secure_cc13x2.a : mac_sleep.obj (.data)
                  200024ea    00000001     npi_tl.obj (.data)
                  200024eb    00000001     rf_multiMode_cc13x2.aem4f : rf_patch_cpe_ieee_802_15_4.c.cc13x2.ccs.o (.data)
                  200024ec    00000001                               : rf_patch_cpe_prop.c.cc13x2.ccs.o (.data)

.bss       0    200024f0    000013f5     UNINITIALIZED
                  200024f0    000004f0     rf_multiMode_cc13x2.aem4f : RFCC26X2_multiMode.c.cc13x2.ccs.o (.bss:$O1$$)
                  200029e0    00000200     app_cop_pem4f.oem4f (.bss:taskStackSection)
                  20002be0    000001b4     (.common:uartCC26XXObjects)
                  20002d94    000000fc     (.common:enhancedAckBuf)
                  20002e90    000000f8     maclib_secure_cc13x2.a : mac_radio.obj (.bss:RF_object$28)
                  20002f88    000000d8     (.common:ti_sysbios_family_arm_m3_Hwi_dispatchTable)
                  20003060    0000008c     (.common:FHPIB_db)
                  200030ec    00000088     (.common:FH_hnd)
                  20003174    00000088     (.common:macPib)
                  200031fc    0000007c     (.common:pinHandleTable)
                  20003278    0000007a     (.common:FHNT_tableOpt)
                  200032f2    00000001                            : mac_tx.obj (.bss)
                  200032f3    00000001     rf_multiMode_cc13x2.aem4f : RFCC26X2_multiMode.c.cc13x2.ccs.o (.bss)
                  200032f4    00000054     (.common:macScan)
                  20003348    00000050     drivers_cc13x2.a : PINCC26XX.oem4f (.bss:pinSemaphore)
                  20003398    00000050     (.common:CryptoResourceCC26XX_accessSemaphore)
                  200033e8    00000050     (.common:CryptoResourceCC26XX_operationSemaphore)
                  20003438    00000042     (.common:FHFSM_Dbg)
                  2000347a    00000001     (.common:driverlib_release_0_58048)
                  2000347b    00000001     (.common:macMgmt)
                  2000347c    00000040     (.common:macSecurityPib)
                  200034bc    0000003c     (.common:macBeaconCoord)
                  200034f8    00000038     (.common:FHNT_hnd)
                  20003530    00000038     (.common:macDeviceAction1)
                  20003568    00000034                      : PINCC26XX.oem4f (.bss:pinSwi)
                  2000359c    00000034     (.common:macBeaconDevice)
                  200035d0    00000030     (.common:macMgmtAction1)
                  20003600    0000002c     (.common:macCoord)
                  2000362c    0000002c     (.common:macDevice)
                  20003658    00000028     maclib_secure_cc13x2.a : mac_rx.obj (.bss:$O26$$)
                  20003680    00000028     mt_ext.obj (.bss:$O5$$)
                  200036a8    00000020     drivers_cc13x2.a : PINCC26XX.oem4f (.bss:pinGpioConfigTable)
                  200036c8    00000020     ti_drivers_config.obj (.bss:uartCC26XXRingBuffer0)
                  200036e8    00000020     (.common:macBeacon)
                  20003708    0000001c     drivers_cc13x2.a : TRNGCC26XX.oem4f (.bss:TRNGCC26XX_hwi)
                  20003724    0000001c                      : TRNGCC26XX.oem4f (.bss:entropyPool)
                  20003740    0000001c                      : PINCC26XX.oem4f (.bss:pinHwi)
                  2000375c    0000001c     (.common:CryptoResourceCC26XX_hwi)
                  20003778    0000001c     (.common:macCoordAction2)
                  20003794    0000001c     (.common:macReset)
                  200037b0    00000018     (.common:aesccmCC26XXObjects)
                  200037c8    00000018     (.common:macScanAction)
                  200037e0    00000014     rf_multiMode_cc13x2.aem4f : RFCC26X2_multiMode.c.cc13x2.ccs.o (.bss:RF_ratSyncCmd)
                  200037f4    00000014     drivers_cc13x2.a : Random.oem4f (.bss:state)
                  20003808    00000014     (.common:macDeviceAction2)
                  2000381c    00000014     (.common:macMgmtAction2)
                  20003830    00000010     (.common:macBeaconDeviceAction)
                  20003840    00000010     (.common:macCoordAction3)
                  20003850    00000010     (.common:macData)
                  20003860    00000010     (.common:macDataTxDelay)
                  20003870    0000000c                      : NVSCC26XX.oem4f (.bss)
                  2000387c    0000000c     (.common:macMain)
                  20003888    00000008                      : TemperatureCC26X2.oem4f (.bss:notificationList)
                  20003890    00000008     (.common:FHNT_tempTable)
                  20003898    00000008     (.common:macBeaconCoordAction1)
                  200038a0    00000008     (.common:macCoordAction1)
                  200038a8    00000006     (.common:FHNT_Dbg)
                  200038ae    00000001     (.common:macPanCoordinator)
                  200038af    00000001     (.common:macPhyChannel)
                  200038b0    00000004                      : PINCC26XX.oem4f (.bss)
                  200038b4    00000004     (.common:AESCCM_handle)
                  200038b8    00000004     (.common:FH_test_var)
                  200038bc    00000004     (.common:PowerCC26XX_swiKey)
                  200038c0    00000004     (.common:PowerCC26XX_taskKey)
                  200038c4    00000004     (.common:macCryptoDrvTblPtr)
                  200038c8    00000004     (.common:macRxSymbol)
                  200038cc    00000004     (.common:macTimerActive)
                  200038d0    00000004     (.common:nvsCC26XXObjects)
                  200038d4    00000004     (.common:timerAlignedQ)
                  200038d8    00000004     (.common:timerUnalignedQ)
                  200038dc    00000001     (.common:macPwr)
                  200038dd    00000001     (.common:macRxActive)
                  200038de    00000001     (.common:macRxEnableFlags)
                  200038df    00000001     (.common:macRxOutgoingAckFlag)
                  200038e0    00000001     (.common:macSymbolTimerImpending)
                  200038e1    00000001     (.common:macTaskId)
                  200038e2    00000001     (.common:macTxActive)
                  200038e3    00000001     (.common:macUnitBackoffPeriod)
                  200038e4    00000001     (.common:rxFhRsl)

.vtable    0    200038e5    00000000     UNINITIALIZED

.vtable_ram 
*          0    200038e5    00000000     UNINITIALIZED

vtable_ram 
*          0    200038e5    00000000     UNINITIALIZED

.sysmem    0    200038e5    00000000     UNINITIALIZED

.nonretenvar 
*          0    200038e5    00000000     UNINITIALIZED

.stack     0    20013aa0    00000560     UNINITIALIZED
                  20013aa0    00000560     --HOLE--

.bootVecs 
*          0    00000000    00000008     DSECT
                  00000000    00000008     boot.aem4f : boot.oem4f (.bootVecs)

.resetVecs 
*          0    00000000    0000003c     
                  00000000    0000003c     app_cop_pem4f.oem4f (.resetVecs)

.vecs      0    20000000    000000d8     NOLOAD SECTION
                  20000000    000000d8     app_cop_pem4f.oem4f (.vecs)

xdc.meta   0    00000000    00000122     COPY SECTION
                  00000000    00000122     app_cop_pem4f.oem4f (xdc.meta)

xdc.noload 
*          0    00000000    00000000     COPY SECTION

.data:RAM_MAC_BASE_ADDR 
*          0    2000010c    00000010     UNINITIALIZED
                  2000010c    00000010     maclib_secure_cc13x2.a : rom_init_154.obj (.data:RAM_MAC_BASE_ADDR)

.text.1    0    00002268    00012cdc     
                  00002268    00000460     maclib_secure_cc13x2.a : mac_radio_tx.obj (.text:macRadioTxGoSubG$36)
                  000026c8    0000044c     macTask.obj (.text:macTaskFxn$16)
                  00002b14    00000444     maclib_secure_cc13x2.a : mac_hl_patch.obj (.text:macWrapperAddDevice)
                  00002f58    00000434     nvocmp.obj (.text:NVOCMP_initNv$21)
                  0000338c    000003a4     maclib_secure_cc13x2.a : mac.obj (.text:macRxCb)
                  00003730    00000354                            : mac_rx.obj (.text:rxPayloadIsr$29)
                  00003a84    00000330     api_mac.obj (.text:processIncomingICallMsg$15)
                  00003db4    00000310     maclib_secure_cc13x2.a : mac_radio_tx.obj (.text:macRadioCsmaTxCb)
                  000040c4    000002dc     npi_task.obj (.text:NPITask_Fxn)
                  000043a0    000002c0     mcp.obj (.text:processMsg$3)
                  00004660    00000294     maclib_secure_cc13x2.a : mac_tx.obj (.text:macTxFrame)
                  000048f4    00000280                            : mac_pwr.obj (.text:macPwrVote)
                  00004b74    00000274     nvocmp.obj (.text:NVOCMP_compact$21)
                  00004de8    0000025c     maclib_secure_cc13x2.a : mac_tx.obj (.text:txCsmaPrep$32)
                  00005044    00000228     mt_sys.obj (.text:MtSys_commandProcessing)
                  0000526c    00000220     main.obj (.text:taskFxn$2)
                  0000548c    0000021c     maclib_secure_cc13x2.a : mac.obj (.text:macSendReceiveCmdIeee)
                  000056a8    00000218                            : mac_radio.obj (.text:macRadioInitSubG)
                  000058c0    00000210     rf_multiMode_cc13x2.aem4f : RFCC26X2_multiMode.c.cc13x2.ccs.o (.text:RF_scheduleCmd)
                  00005ad0    0000020c     maclib_secure_cc13x2.a : mac.obj (.text:macSendReceiveCmdSubG)
                  00005cdc    00000208     nvocmp.obj (.text:NVOCMP_addItem$21)
                  00005ee4    00000200     rf_multiMode_cc13x2.aem4f : RFCC26X2_multiMode.c.cc13x2.ccs.o (.text:RF_open)
                  000060e4    000001e0     maclib_secure_cc13x2.a : mac_hl_patch.obj (.text:macWrapperAddKeyInitFCtr)
                  000062c4    000001d4     rf_multiMode_cc13x2.aem4f : RFCC26X2_multiMode.c.cc13x2.ccs.o (.text:RF_dispatchNextCmd)
                  00006498    000001cc     drivers_cc13x2.a : PINCC26XX.oem4f (.text:PIN_init)
                  00006664    000001b4     maclib_secure_cc13x2.a : mac_radio_tx.obj (.text:macRadioTxAck$36)
                  00006818    000001ac                            : mac_hl_patch.obj (.text:macRxBeaconCritical)
                  000069c4    000001a4                            : mac_hl_patch.obj (.text:macWrapperDeleteKeyAndAssociatedDevices)
                  00006b68    0000019c                            : mac_hl_patch.obj (.text:macIncomingFrameSecurityMaterialRetrieval)
                  00006d04    00000198     drivers_cc13x2.a : PowerCC26X2.oem4f (.text:Power_sleep)
                  00006e9c    00000198     maclib_secure_cc13x2.a : mac_hl_patch.obj (.text:macWrapperDeleteDevice)
                  00007034    00000190     drivers_cc13x2.a : PowerCC26X2_calibrateRCOSC.oem4f (.text:calibrateRcoscHf1)
                  000071c4    0000018c     maclib_secure_cc13x2.a : mac_hl_patch.obj (.text:macIncomingFrameSecurity)
                  00007350    0000018c     drivers_cc13x2.a : PowerCC26X2_calibrateRCOSC.oem4f (.text:runCalibrateFsm)
                  000074dc    00000188     maclib_secure_cc13x2.a : mac_radio_tx.obj (.text:macRadioTxGoIeee$36)
                  00007664    00000174     mt_util.obj (.text:MtUtil_commandProcessing)
                  000077d8    00000174     drivers_cc13x2.a : PowerCC26X2.oem4f (.text:Power_init)
                  0000794c    0000016c     maclib_secure_cc13x2.a : mac_radio_tx.obj (.text:macRadioTxPrepCsmaUnslotted)
                  00007ab8    00000164     drivers_cc13x2.a : UARTCC26XX.oem4f (.text:UARTCC26XX_open)
                  00007c1c    00000164     maclib_secure_cc13x2.a : mac_hl_patch.obj (.text:macWrapperDeleteAllDevices)
                  00007d80    00000164                            : mac_tx.obj (.text:txCsmaDelay)
                  00007ee4    00000160     driverlib.lib : sys_ctrl.obj (.text:NOROM_SysCtrlStandby)
                  00008044    00000154     mt.obj (.text:MT_sendResponse)
                  00008198    00000154     nvocmp.obj (.text:NVOCMP_findItem$21)
                  000082ec    00000154     rf_multiMode_cc13x2.aem4f : RFCC26X2_multiMode.c.cc13x2.ccs.o (.text:RF_radioOpDoneCb)
                  00008440    00000154     drivers_cc13x2.a : UARTCC26XX.oem4f (.text:UARTCC26XX_hwiIntFxn)
                  00008594    00000148     rf_multiMode_cc13x2.aem4f : RFCC26X2_multiMode.c.cc13x2.ccs.o (.text:RF_fsmSetupState)
                  000086dc    00000148     maclib_secure_cc13x2.a : mac_radio_tx.obj (.text:macRadioLbtTxCb)
                  00008824    00000140     drivers_cc13x2.a : AESCCMCC26XX.oem4f (.text:AESCCM_startOperation)
                  00008964    00000140     rf_multiMode_cc13x2.aem4f : RFCC26X2_multiMode.c.cc13x2.ccs.o (.text:RF_close)
                  00008aa4    0000013c                               : RFCC26X2_multiMode.c.cc13x2.ccs.o (.text:RF_ratSetupChannel)
                  00008be0    0000013a     drivers_cc13x2.a : UARTCC26XX.oem4f (.text:UARTCC26XX_read)
                  00008d1a    00000002     rf_multiMode_cc13x2.aem4f : rfc.c.cc13x2.ccs.o (.text:NOROM_RFCCpePatchReset)
                  00008d1c    00000138     drivers_cc13x2.a : NVSCC26XX.oem4f (.text:NVSCC26XX_write)
                  00008e54    00000138     maclib_secure_cc13x2.a : mac_hl_patch.obj (.text:macBuildDataFrame)
                  00008f8c    00000134     mt_mac.obj (.text:MtMac_BeaconNotifyInd)
                  000090c0    00000134     rf_multiMode_cc13x2.aem4f : RFCC26X2_multiMode.c.cc13x2.ccs.o (.text:RF_abortCmd)
                  000091f4    00000130     maclib_secure_cc13x2.a : mac_radio.obj (.text:macRadioInitIeee)
                  00009324    00000120     drivers_cc13x2.a : PowerCC26X2.oem4f (.text:configureXOSCHF)
                  00009444    00000118     maclib_secure_cc13x2.a : mac_low_level.obj (.text:macLowLevelBufferInit)
                  0000955c    00000118                            : mac.obj (.text:macSetupRATChanCompare)
                  00009674    00000114     macTask.obj (.text:MAC_CbackEvent)
                  00009788    00000112     rf_multiMode_cc13x2.aem4f : RFCC26X2_multiMode.c.cc13x2.ccs.o (.text:RF_decodeOverridePointers)
                  0000989a    00000002                               : RFCC26X2_multiMode.c.cc13x2.ccs.o (.text:RF_defaultCallback)
                  0000989c    00000110                               : RFCC26X2_multiMode.c.cc13x2.ccs.o (.text:RF_initRadioSetup)
                  000099ac    00000110     maclib_secure_cc13x2.a : mac_hl_patch.obj (.text:macEdScanISR)
                  00009abc    00000110                            : mac_hl_patch.obj (.text:macScanNextChan)
                  00009bcc    0000010c     mt_mac.obj (.text:macDataReq$6)
                  00009cd8    00000106     app_cop_pem4f.oem4f (.text:xdc_runtime_System_printfExtend__I)
                  00009dde    00000002     rtsv7M4_T_le_v4SPD16_eabi.lib : _lock.c.obj (.text:_nop)
                  00009de0    00000104     rf_multiMode_cc13x2.aem4f : RFCC26X2_multiMode.c.cc13x2.ccs.o (.text:RF_hwiCpe0Active)
                  00009ee4    000000fc     maclib_secure_cc13x2.a : mac_hl_patch.obj (.text:macOutgoingFrameKeyDescRetrieval)
                  00009fe0    000000f8     drivers_cc13x2.a : PINCC26XX.oem4f (.text:PINCC26XX_setIoCfg)
                  0000a0d8    000000f0     rf_multiMode_cc13x2.aem4f : RFCC26X2_multiMode.c.cc13x2.ccs.o (.text:RF_fsmPowerUpState)
                  0000a1c8    000000f0     maclib_secure_cc13x2.a : mac_hl_patch.obj (.text:macScanRxCoordRealign)
                  0000a2b8    000000ec     nvocmp.obj (.text:NVOCMP_cleanPage$21)
                  0000a3a4    000000e8     maclib_secure_cc13x2.a : mac.obj (.text:macSetupReceiveCmd)
                  0000a48c    000000e4                            : mac_hl_patch.obj (.text:macOutgoingFrameSecurity)
                  0000a570    000000e4                            : mac_tx.obj (.text:macTxChannelBusyCallback)
                  0000a654    000000e4                            : mac_rx.obj (.text:rxPostRxUpdates$29)
                  0000a738    000000e0     drivers_cc13x2.a : UARTCC26XX.oem4f (.text:UARTCC26XX_write)
                  0000a818    000000e0     mt_mac.obj (.text:macStartReq$6)
                  0000a8f8    000000dc     maclib_secure_cc13x2.a : mac_hl_patch.obj (.text:macBuildHeaderIes)
                  0000a9d4    000000d8     rf_multiMode_cc13x2.aem4f : RFCC26X2_multiMode.c.cc13x2.ccs.o (.text:RF_control)
                  0000aaac    000000d8                               : RFCC26X2_multiMode.c.cc13x2.ccs.o (.text:RF_pendCmd)
                  0000ab84    000000d8     driverlib.lib : setup.obj (.text:TrimAfterColdResetWakeupFromShutDown$55)
                  0000ac5c    000000d8     maclib_secure_cc13x2.a : mac_hl_patch.obj (.text:macCcmStarTransform)
                  0000ad34    000000d2     mt_mac.obj (.text:MtMac_ScanCnf)
                  0000ae06    000000d2     rf_multiMode_cc13x2.aem4f : RFCC26X2_multiMode.c.cc13x2.ccs.o (.text:RF_updatePaConfiguration)
                  0000aed8    000000d0                               : RFCC26X2_multiMode.c.cc13x2.ccs.o (.text:RF_swiHw)
                  0000afa8    000000cc     maclib_secure_cc13x2.a : mac_timer.obj (.text:macSymbolTimerTriggerCallback)
                  0000b074    000000ca     mt_mac.obj (.text:dataInd$6)
                  0000b13e    00000002     main.obj (.text:assertHandler)
                  0000b140    000000c8     dpl_cc13x2.a : PowerCC26X2_tirtos.oem4f (.text:PowerCC26XX_standbyPolicy)
                  0000b208    000000c4     maclib_secure_cc13x2.a : mac_hl_patch.obj (.text:macApiStartReq)
                  0000b2cc    000000c0     nvocmp.obj (.text:NVOCMP_erase$21)
                  0000b38c    000000c0     drivers_cc13x2.a : PowerCC26X2.oem4f (.text:Power_releaseDependency)
                  0000b44c    000000c0                      : UARTCC26XX.oem4f (.text:UARTCC26XX_initIO)
                  0000b50c    000000c0     maclib_secure_cc13x2.a : mac_hl_patch.obj (.text:macMgmtReset)
                  0000b5cc    000000bc                            : mac_hl_patch.obj (.text:macAutoPoll)
                  0000b688    000000bc                            : mac.obj (.text:macGetRFCmdDuration)
                  0000b744    000000b8     drivers_cc13x2.a : PowerCC26X2.oem4f (.text:Power_setDependency)
                  0000b7fc    000000b8                      : UARTCC26XX.oem4f (.text:UARTCC26XX_initHw)
                  0000b8b4    000000b6     mt_mac.obj (.text:macScanReq$6)
                  0000b96a    00000002     drivers_cc13x2.a : PowerCC26X2.oem4f (.text:emptyClockFunc)
                  0000b96c    000000b4     maclib_secure_cc13x2.a : mac_pwr.obj (.text:MAC_PwrOffReq)
                  0000ba20    000000b4     drivers_cc13x2.a : TRNGCC26XX.oem4f (.text:TRNG_generateEntropy)
                  0000bad4    000000b0     maclib_secure_cc13x2.a : mac_autopend.obj (.text:MAC_SrcMatchAddEntry)
                  0000bb84    000000b0                            : mac.obj (.text:macStopCmd)
                  0000bc34    000000ac     nvocmp.obj (.text:NVOCMP_readContItemApi$21)
                  0000bce0    000000ac     drivers_cc13x2.a : PINCC26XX.oem4f (.text:PIN_open)
                  0000bd8c    000000ac     maclib_secure_cc13x2.a : mac_hl_patch.obj (.text:macApiBeaconStartReq)
                  0000be38    000000ac                            : mac_hl_patch.obj (.text:macBeaconCheckTxTime)
                  0000bee4    000000ac     macTask.obj (.text:macTaskInit)
                  0000bf90    000000ac     api_mac.obj (.text:processBeaconNotifyInd$15)
                  0000c03c    000000a8     driverlib.lib : setup.obj (.text:NOROM_SetupTrimDevice)
                  0000c0e4    000000a8     nvocmp.obj (.text:NVOCMP_initNvApi$21)
                  0000c18c    000000a8     maclib_secure_cc13x2.a : mac_radio_tx.obj (.text:macRadioTxAckCb$36)
                  0000c234    000000a8                            : mac_hl_patch.obj (.text:macTrackTimeoutCallback)
                  0000c2dc    000000a4     rf_multiMode_cc13x2.aem4f : RFCC26X2_multiMode.c.cc13x2.ccs.o (.text:RF_ratRestartChannels)
                  0000c380    000000a4     maclib_secure_cc13x2.a : mac_hl_patch.obj (.text:macCcmStarInverseTransform)
                  0000c424    000000a4                            : mac_radio_tx.obj (.text:macRadioTxPrepLbt)
                  0000c4c8    000000a4                            : mac_radio.obj (.text:macRadioUpdateTxPower)
                  0000c56c    000000a0     rf_multiMode_cc13x2.aem4f : RFCC26X2_multiMode.c.cc13x2.ccs.o (.text:RF_requestAccess)
                  0000c60c    000000a0     auto_init.aem4f : auto_init.oem4f (.text)
                  0000c6ac    000000a0     maclib_secure_cc13x2.a : mac_hl_patch.obj (.text:macBlacklistChecking)
                  0000c74c    000000a0     rom_sysbios.aem4f : rom_sysbios.obj (.text:ti_sysbios_knl_Task_setPri__E)
                  0000c7ec    0000009c     nvocmp.obj (.text:NVOCMP_readHeader$21)
                  0000c888    0000009c     maclib_secure_cc13x2.a : mac_radio.obj (.text:macRadioStartScan)
                  0000c924    0000009c                            : mac_timer.obj (.text:macTimerRealign)
                  0000c9c0    0000009c     rtsv7M4_T_le_v4SPD16_eabi.lib : memcpy_t2.asm.obj (.text)
                  0000ca5c    0000009c     mt_ext.obj (.text:sendFragment$5)
                  0000caf8    0000009c     maclib_secure_cc13x2.a : mac_tx.obj (.text:txComplete)
                  0000cb94    00000098     npi_tl_uart.obj (.text:NPITLUART_initializeTransport)
                  0000cc2c    00000098     nvocmp.obj (.text:NVOCMP_updateItemApi$21)
                  0000ccc4    00000098     rf_multiMode_cc13x2.aem4f : RFCC26X2_multiMode.c.cc13x2.ccs.o (.text:RF_calculateDispatchTime)
                  0000cd5c    00000098     drivers_cc13x2.a : UARTCC26XX.oem4f (.text:writeTxFifoFlush)
                  0000cdf4    00000096     mt_mac.obj (.text:macAddDeviceReq$6)
                  0000ce8a    00000096     rtsv7M4_T_le_v4SPD16_eabi.lib : ull_div_t2.asm.obj (.text)
                  0000cf20    00000094     nvocmp.obj (.text:NVOCMP_getDstPage$21)
                  0000cfb4    00000094     rf_multiMode_cc13x2.aem4f : RFCC26X2_multiMode.c.cc13x2.ccs.o (.text:RF_getInfo)
                  0000d048    00000094     drivers_cc13x2.a : TRNGCC26XX.oem4f (.text:TRNGCC26XX_hwiFxn)
                  0000d0dc    00000094     board_led.obj (.text:board_led_blinkTimeoutCB$9)
                  0000d170    00000094     maclib_secure_cc13x2.a : mac_hl_patch.obj (.text:macIncomingSecurityLevelChecking)
                  0000d204    00000094                            : mac_radio.obj (.text:macRadioUpdateChannel)
                  0000d298    00000094                            : mac_radio.obj (.text:macRadioUpdateChannelRx)
                  0000d32c    00000094                            : mac.obj (.text:macRatCb_A)
                  0000d3c0    00000094                            : mac.obj (.text:macSetupFsCmd)
                  0000d454    00000092     drivers_cc13x2.a : UARTCC26XX.oem4f (.text:UARTCC26XX_writeCancel)
                  0000d4e6    00000002                      : CryptoResourceCC26XX.oem4f (.text:errorSpin)
                  0000d4e8    00000090     CC1352R1_LAUNCHXL_fxns.obj (.text:CC1352R1_LAUNCHXL_shutDownExtFlash)
                  0000d578    00000090     maclib_secure_cc13x2.a : mac_hl_patch.obj (.text:MAC_ResumeReq)
                  0000d608    00000090     rf_multiMode_cc13x2.aem4f : RFCC26X2_multiMode.c.cc13x2.ccs.o (.text:RF_discardPendCmd)
                  0000d698    00000090     maclib_secure_cc13x2.a : mac_hl_patch.obj (.text:macCcmDecrypt)
                  0000d728    00000090                            : mac_hl_patch.obj (.text:macTrackStartCallback)
                  0000d7b8    00000090     mt_mac.obj (.text:sendCRSP$6)
                  0000d848    0000008c     npi_task.obj (.text:NPITask_inititializeTask$12)
                  0000d8d4    0000008c     maclib_osal_tirtos_cc13x2_26x2.a : osal_port.obj (.text:OsalPort_heapMalloc$49)
                  0000d960    0000008c                                      : osal_port.obj (.text:OsalPort_setTimer)
                  0000d9ec    0000008c     api_mac.obj (.text:copyDataInd$15)
                  0000da78    0000008c     maclib_secure_cc13x2.a : mac_hl_patch.obj (.text:macCcmEncrypt)
                  0000db04    0000008c                            : mac_radio_tx.obj (.text:macRadioTxEnhAckCb)
                  0000db90    0000008c     rom_sysbios.aem4f : rom_sysbios.obj (.text:ti_sysbios_gates_GateMutexPri_enter__E)
                  0000dc1c    00000088     maclib_secure_cc13x2.a : mac_autopend.obj (.text:MAC_SrcMatchEnable)
                  0000dca4    00000088     driverlib.lib : osc.obj (.text:NOROM_OSCHF_AttemptToSwitchToXosc)
                  0000dd2c    00000088     nvocmp.obj (.text:NVOCMP_deleteItemApi$21)
                  0000ddb4    00000088     rf_multiMode_cc13x2.aem4f : RFCC26X2_multiMode.c.cc13x2.ccs.o (.text:RF_cmdDispatchTime)
                  0000de3c    00000088                               : RFCC26X2_multiMode.c.cc13x2.ccs.o (.text:RF_getTxPower)
                  0000dec4    00000088     drivers_cc13x2.a : PowerCC26X2_calibrateRCOSC.oem4f (.text:calibrateRcoscHf2)
                  0000df4c    00000088                      : PowerCC26X2.oem4f (.text:disableLFClockQualifiers)
                  0000dfd4    00000088     maclib_secure_cc13x2.a : mac_hl_patch.obj (.text:macKeyDescriptorLookup)
                  0000e05c    00000088                            : mac_mcu.obj (.text:macMcuOverflowSetPeriod)
                  0000e0e4    00000088                            : mac_symbol_timer.obj (.text:macSymbolTimerInit)
                  0000e16c    00000088     drivers_cc13x2.a : PowerCC26X2_calibrateRCOSC.oem4f (.text:updateSubSecInc)
                  0000e1f4    00000084     npi_tl.obj (.text:NPITL_writeTL)
                  0000e278    00000084     nvocmp.obj (.text:NVOCMP_createItemApi$21)
                  0000e2fc    00000084     rf_multiMode_cc13x2.aem4f : RFCC26X2_multiMode.c.cc13x2.ccs.o (.text:RF_issueRadioFreeCb)
                  0000e380    00000084                               : RFCC26X2_multiMode.c.cc13x2.ccs.o (.text:RF_verifyGap)
                  0000e404    00000084     drivers_cc13x2.a : UARTCC26XX.oem4f (.text:UARTCC26XX_close)
                  0000e488    00000084     maclib_secure_cc13x2.a : mac_rx_onoff.obj (.text:macRxOffRequest)
                  0000e50c    00000084                            : mac_timer.obj (.text:macTimerUpdateSymbolTimer)
                  0000e590    00000080     api_mac.obj (.text:ApiMac_init)
                  0000e610    00000080     npi_tl_uart.obj (.text:NPITLUART_readCallBack$14)
                  0000e690    00000080     drivers_cc13x2.a : NVSCC26XX.oem4f (.text:NVSCC26XX_open)
                  0000e710    00000080     maclib_secure_cc13x2.a : mac_mcu.obj (.text:macMcuOverflowSetCompare)
                  0000e790    00000080                            : mac_radio.obj (.text:macRadioWakeupCb)
                  0000e810    00000080                            : mac_autopend.obj (.text:macSrcMatchCheckSrcAddr$25)
                  0000e890    00000080                            : mac_radio.obj (.text:scheduleNopWakeupCmd)
                  0000e910    00000080     rom_sysbios.aem4f : rom_sysbios.obj (.text:ti_sysbios_family_arm_cc26xx_Timer_start__E)
                  0000e990    00000080     maclib_secure_cc13x2.a : mac_tx.obj (.text:txGo$32)
                  0000ea10    0000007c     nvocmp.obj (.text:NVOCMP_readItemApi$21)
                  0000ea8c    0000007c     rf_multiMode_cc13x2.aem4f : RFCC26X2_multiMode.c.cc13x2.ccs.o (.text:RF_ratFreeChannel)
                  0000eb08    0000007c     maclib_secure_cc13x2.a : mac_rx_onoff.obj (.text:macRxOn)
                  0000eb84    0000007c     maclib_osal_tirtos_cc13x2_26x2.a : osal_port.obj (.text:osalHeapInitFxn)
                  0000ec00    0000007a     rtsv7M4_T_le_v4SPD16_eabi.lib : memset_t2.asm.obj (.text)
                  0000ec7a    00000002     maclib_secure_cc13x2.a : mac_pwr.obj (.text:macApiPwrOnReq)
                  0000ec7c    00000078     board_led.obj (.text:Board_Led_control)
                  0000ecf4    00000078     nvocmp.obj (.text:NVOCMP_checkItem$21)
                  0000ed6c    00000078     maclib_secure_cc13x2.a : mac_timer.obj (.text:macTimerSetRollover)
                  0000ede4    00000074     npi_task.obj (.text:NPITask_transportRXCallBack$12)
                  0000ee58    00000074     nvocmp.obj (.text:NVOCMP_writeItemApi$21)
                  0000eecc    00000074     drivers_cc13x2.a : PowerCC26X2_calibrateRCOSC.oem4f (.text:PowerCC26X2_auxISR)
                  0000ef40    00000074     rf_multiMode_cc13x2.aem4f : RFCC26X2_multiMode.c.cc13x2.ccs.o (.text:RF_yield)
                  0000efb4    00000074     drivers_cc13x2.a : TRNGCC26XX.oem4f (.text:TRNG_construct)
                  0000f028    00000074     rom_sysbios.aem4f : rom_sysbios.obj (.text:ti_sysbios_gates_GateMutexPri_leave__E)
                  0000f09c    00000072     rf_multiMode_cc13x2.aem4f : RFCC26X2_multiMode.c.cc13x2.ccs.o (.text:RF_detachOverrides)
                  0000f10e    00000002     maclib_secure_cc13x2.a : mac_mcu.obj (.text:macMcuBitReverse)
                  0000f110    00000070     drivers_cc13x2.a : AESCCMCC26XX.oem4f (.text:AESCCM_cleanup)
                  0000f180    00000070     rf_multiMode_cc13x2.aem4f : rfc.c.cc13x2.ccs.o (.text:NOROM_RFCAnaDivTxOverride)
                  0000f1f0    00000070     nvocmp.obj (.text:NVOCMP_eraseNvApi$21)
                  0000f260    00000070     rf_multiMode_cc13x2.aem4f : RFCC26X2_multiMode.c.cc13x2.ccs.o (.text:RF_ratDisableChannel)
                  0000f2d0    00000070     drivers_cc13x2.a : Random.oem4f (.text:Random_seedAutomatic)
                  0000f340    0000006e     rf_multiMode_cc13x2.aem4f : RFCC26X2_multiMode.c.cc13x2.ccs.o (.text:RF_attachOverrides)
                  0000f3ae    0000006e                               : RFCC26X2_multiMode.c.cc13x2.ccs.o (.text:RF_howToSchedule)
                  0000f41c    0000006e     mt_mac.obj (.text:macAssociateReq$6)
                  0000f48a    0000006e     mt_mac.obj (.text:macWriteKeyReq$6)
                  0000f4f8    0000006e     rtsv7M4_T_le_v4SPD16_eabi.lib : ll_div_t2.asm.obj (.text)
                  0000f566    00000002     maclib_secure_cc13x2.a : mac_radio.obj (.text:macRadioSetRE)
                  0000f568    0000006d     rom_sysbios.aem4f : rom_sysbios.obj (.text:xdc_runtime_System_formatNum__I)
                  0000f5d5    00000001     --HOLE-- [fill = 0]
                  0000f5d6    00000002     rtsv7M4_T_le_v4SPD16_eabi.lib : div0.asm.obj (.text)
                  0000f5d8    0000006c     driverlib.lib : chipinfo.obj (.text:NOROM_ChipInfo_GetChipType)
                  0000f644    0000006c     rf_multiMode_cc13x2.aem4f : RFCC26X2_multiMode.c.cc13x2.ccs.o (.text:RF_getCurrentTime)
                  0000f6b0    0000006c     maclib_secure_cc13x2.a : mac_radio_tx.obj (.text:macRadioTxBackoffBoundary)
                  0000f71c    0000006c                            : mac_hl_patch.obj (.text:macTrackPeriodCallback)
                  0000f788    0000006c                            : mac_tx.obj (.text:macTxDoneCallback)
                  0000f7f4    00000068     driverlib.lib : osc.obj (.text:NOROM_OSCHF_SwitchToRcOscTurnOffXosc)
                  0000f85c    00000068     nvocmp.obj (.text:NVOCMP_getFreeNvApi$21)
                  0000f8c4    00000068     maclib_osal_tirtos_cc13x2_26x2.a : osal_port.obj (.text:OsalPort_registerTask)
                  0000f92c    00000068     rf_multiMode_cc13x2.aem4f : RFCC26X2_multiMode.c.cc13x2.ccs.o (.text:RF_hwiHw)
                  0000f994    00000068     rtsv7M4_T_le_v4SPD16_eabi.lib : copy_decompress_lzss.c.obj (.text:decompress:lzss:__TI_decompress_lzss)
                  0000f9fc    00000068     maclib_secure_cc13x2.a : mac_rx.obj (.text:macRxHaltCleanup)
                  0000fa64    00000064     drivers_cc13x2.a : AESCCMCC26XX.oem4f (.text:AESCCM_waitForResult)
                  0000fac8    00000064     nvocmp.obj (.text:NVOCMP_findSignature$21)
                  0000fb2c    00000064     maclib_osal_tirtos_cc13x2_26x2.a : osal_port.obj (.text:OsalPort_clearEvent)
                  0000fb90    00000064                                      : osal_port.obj (.text:OsalPort_pwrmgrTaskState)
                  0000fbf4    00000064     rf_multiMode_cc13x2.aem4f : RFCC26X2_multiMode.c.cc13x2.ccs.o (.text:RF_dispatchNextEvent)
                  0000fc58    00000064     drivers_cc13x2.a : UARTCC26XX.oem4f (.text:UARTCC26XX_control)
                  0000fcbc    00000064     maclib_secure_cc13x2.a : mac.obj (.text:macRequestBackoff)
                  0000fd20    00000064                            : mac_timer.obj (.text:macSymbolTimerRolloverCallback)
                  0000fd84    00000064                            : mac_timer.obj (.text:macTimerAddTimer)
                  0000fde8    00000062     ti_drivers_config.obj (.text:Board_sendExtFlashByte)
                  0000fe4a    00000062     rf_multiMode_cc13x2.aem4f : RFCC26X2_multiMode.c.cc13x2.ccs.o (.text:RF_syncCb)
                  0000feac    00000062     drivers_cc13x2.a : UARTCC26XX.oem4f (.text:UARTCC26XX_swiIntFxn)
                  0000ff0e    00000002     app_cop_pem4f.oem4f (.text:ti_sysbios_BIOS_nullFunc__I)
                  0000ff10    00000060     drivers_cc13x2.a : AESCCMCC26XX.oem4f (.text:AESCCM_hwiFxn)
                  0000ff70    00000060                      : CryptoResourceCC26XX.oem4f (.text:CryptoResourceCC26XX_constructRTOSObjects)
                  0000ffd0    00000060     rf_multiMode_cc13x2.aem4f : RFCC26X2_multiMode.c.cc13x2.ccs.o (.text:RF_applyRfCorePatch)
                  00010030    00000060     drivers_cc13x2.a : TRNGCC26XX.oem4f (.text:TRNGCC26XX_startTrng)
                  00010090    00000060     maclib_secure_cc13x2.a : mac_radio.obj (.text:macGetRadioTxPowerReg)
                  000100f0    00000060                            : mac_timer.obj (.text:macTimerCancel)
                  00010150    00000060                            : mac_timer.obj (.text:macTimerGetNextTimer)
                  000101b0    0000005e     api_mac.obj (.text:convertTxOptions)
                  0001020e    0000005c     npi_frame_mt.obj (.text:NPIFrame_frameMsg)
                  0001026a    00000002     rom_sysbios.aem4f : rom_sysbios.obj (.text:ti_sysbios_heaps_HeapCallback_defaultDelete)
                  0001026c    0000005c     nvocmp.obj (.text:NVOCMP_readItem$21)
                  000102c8    0000005c     maclib_osal_tirtos_cc13x2_26x2.a : osal_port.obj (.text:OsalPort_msgReceive)
                  00010324    0000005c                                      : osal_port.obj (.text:OsalPort_setEvent)
                  00010380    0000005c     drivers_cc13x2.a : PINCC26XX.oem4f (.text:PIN_remove)
                  000103dc    0000005c                      : NVSCC26XX.oem4f (.text:doErase)
                  00010438    0000005c     mt_mac.obj (.text:macDisassociateReq$6)
                  00010494    0000005c     maclib_secure_cc13x2.a : mac_hl_patch.obj (.text:macSetDefaultsByPatch)
                  000104f0    0000005c     drivers_cc13x2.a : UARTCC26XX.oem4f (.text:startTxFifoEmptyClk)
                  0001054c    0000005c     app_cop_pem4f.oem4f (.text:xdc_runtime_Startup_getState__I)
                  000105a8    00000058     npi_task.obj (.text:NPITask_incomingFrameCB$12)
                  00010600    00000058     nvocmp.obj (.text:NVOCMP_getItemLenApi$21)
                  00010658    00000058     drivers_cc13x2.a : PowerCC26X2_calibrateRCOSC.oem4f (.text:PowerCC26X2_initiateCalibration)
                  000106b0    00000058     rf_multiMode_cc13x2.aem4f : RFCC26X2_multiMode.c.cc13x2.ccs.o (.text:RF_TxPowerTable_findValue)
                  00010708    00000058                               : RFCC26X2_multiMode.c.cc13x2.ccs.o (.text:RF_hwiCpe0PowerFsm)
                  00010760    00000058     drivers_cc13x2.a : TRNGCC26XX.oem4f (.text:TRNG_init)
                  000107b8    00000058     boot.aem4f : boot.oem4f (.text)
                  00010810    00000058     maclib_secure_cc13x2.a : mac_radio_tx.obj (.text:macRadioTxRequestTxAck)
                  00010868    00000058     main.obj (.text:main)
                  000108c0    00000056     rf_multiMode_cc13x2.aem4f : RFCC26X2_multiMode.c.cc13x2.ccs.o (.text:RF_defaultSubmitPolicy)
                  00010916    00000002     rom_sysbios.aem4f : rom_sysbios.obj (.text:xdc_runtime_SysCallback_defaultAbort)
                  00010918    00000054     drivers_cc13x2.a : AESCCMCC26XX.oem4f (.text:AESCCM_construct)
                  0001096c    00000054     driverlib.lib : prcm.obj (.text:NOROM_PRCMPowerDomainsAllOff)
                  000109c0    00000054     npi_task.obj (.text:NPITask_createTask)
                  00010a14    00000054     nvocmp.obj (.text:NVOCMP_doNVCRC$21)
                  00010a68    00000054     drivers_cc13x2.a : NVSCC26XX.oem4f (.text:NVSCC26XX_init)
                  00010abc    00000054     rf_multiMode_cc13x2.aem4f : RFCC26X2_multiMode.c.cc13x2.ccs.o (.text:RF_fsmXOSCState)
                  00010b10    00000054     drivers_cc13x2.a : StructRingBuf.oem4f (.text:StructRingBuf_put)
                  00010b64    00000054     dpl_cc13x2.a : SwiP_tirtos.oem4f (.text:SwiP_construct)
                  00010bb8    00000054     mt_ext.obj (.text:abortFragMsg$5)
                  00010c0c    00000054     maclib_secure_cc13x2.a : mac_hl_patch.obj (.text:macIncomingKeyUsagePolicyChecking)
                  00010c60    00000054                            : mac_radio.obj (.text:macRadioSetChannel)
                  00010cb4    00000054                            : mac_radio.obj (.text:macRadioSetChannelRx)
                  00010d08    00000054                            : mac_tx.obj (.text:macTxAckReceivedCallback)
                  00010d5c    00000054     api_mac.obj (.text:processScanCnf$15)
                  00010db0    00000050     nvocmp.obj (.text:NVOCMP_compactNvApi$21)
                  00010e00    00000050     drivers_cc13x2.a : TRNGCC26XX.oem4f (.text:TRNGCC26XX_waitForResult)
                  00010e50    00000050                      : TemperatureCC26X2.oem4f (.text:degreesToCode)
                  00010ea0    00000050     maclib_secure_cc13x2.a : mac_sleep.obj (.text:macCanSleep)
                  00010ef0    00000050                            : mac_radio.obj (.text:macRadioSetPanCoordinator)
                  00010f40    00000050                            : mac_rx_onoff.obj (.text:macRxDisable)
                  00010f90    00000050                            : mac_timer.obj (.text:macTimerStart)
                  00010fe0    0000004e     mt_mac.obj (.text:macOrphanRsp$6)
                  0001102e    0000004c     mt_mac.obj (.text:MtMac_DataCnf)
                  0001107a    00000002     rom_sysbios.aem4f : rom_sysbios.obj (.text:xdc_runtime_SysCallback_defaultExit)
                  0001107c    0000004c     driverlib.lib : prcm.obj (.text:NOROM_PRCMPowerDomainsAllOn)
                  000110c8    0000004c     nvocmp.obj (.text:NVOCMP_setItemInactive$21)
                  00011114    0000004c     maclib_osal_tirtos_cc13x2_26x2.a : osal_port.obj (.text:OsalPort_msgSend)
                  00011160    0000004c     rf_multiMode_cc13x2.aem4f : RFCC26X2_multiMode.c.cc13x2.ccs.o (.text:RF_wakeupNotification)
                  000111ac    0000004c     drivers_cc13x2.a : StructRingBuf.oem4f (.text:StructRingBuf_get)
                  000111f8    0000004c                      : UARTCC26XX.oem4f (.text:UARTCC26XX_readCancel)
                  00011244    0000004c     rtsv7M4_T_le_v4SPD16_eabi.lib : cpy_tbl.c.obj (.text:copy_in)
                  00011290    0000004c     mt_util.obj (.text:loopTimerCB$8)
                  000112dc    0000004c     mt_mac.obj (.text:macGetFhReq$6)
                  00011328    0000004c     maclib_secure_cc13x2.a : mac_radio_tx.obj (.text:macRadioTxHandleAck)
                  00011374    0000004c                            : mac.obj (.text:macSendFsCmd)
                  000113c0    0000004c     maclib_osal_tirtos_cc13x2_26x2.a : osal_port.obj (.text:osalHeapGetStatsFxn)
                  0001140c    0000004a     mt_mac.obj (.text:macAsyncReq$6)
                  00011456    00000002     rom_sysbios.aem4f : rom_sysbios.obj (.text:xdc_runtime_SysCallback_defaultFlush)
                  00011458    00000048     ti_drivers_config.obj (.text:Board_wakeUpExtFlash)
                  000114a0    00000048     CC1352R1_LAUNCHXL_fxns.obj (.text:CC1352R1_LAUNCHXL_wakeUpExtFlash)
                  000114e8    00000048     rf_multiMode_cc13x2.aem4f : rfc.c.cc13x2.ccs.o (.text:NOROM_RFCSynthPowerDown)
                  00011530    00000048     nvocmp.obj (.text:NVOCMP_write$21)
                  00011578    00000048     drivers_cc13x2.a : NVS.oem4f (.text:NVS_open)
                  000115c0    00000048                      : PINCC26XX.oem4f (.text:PIN_setOutputEnable)
                  00011608    00000048                      : PowerCC26X2_calibrateRCOSC.oem4f (.text:PowerCC26X2_RCOSC_clockFunc)
                  00011650    00000048                      : PowerCC26X2.oem4f (.text:PowerCC26XX_switchXOSC_HF)
                  00011698    00000048     maclib_osal_tirtos_cc13x2_26x2.a : util_timer.obj (.text:UtilTimer_construct)
                  000116e0    00000048     drivers_cc13x2.a : NVSCC26XX.oem4f (.text:disableFlashCache)
                  00011728    00000048     mt_mac.obj (.text:macAssociateRsp$6)
                  00011770    00000048     mt_mac.obj (.text:macPollReq$6)
                  000117b8    00000048     maclib_secure_cc13x2.a : mac_radio.obj (.text:macRadioNeedAdjustPower)
                  00011800    00000048                            : mac_radio.obj (.text:macRadioStopScan)
                  00011848    00000048                            : mac_timer.obj (.text:macTimerUpdActive)
                  00011890    00000048     drivers_cc13x2.a : PowerCC26X2.oem4f (.text:switchXOSCHF)
                  000118d8    00000048                      : UARTCC26XX.oem4f (.text:writeFinishedDoCallback)
                  00011920    00000046                      : RingBuf.oem4f (.text:RingBuf_put)
                  00011966    00000046     maclib_secure_cc13x2.a : mac_hl_patch.obj (.text:macDeviceDescriptorLookup)
                  000119ac    00000044                            : mac_timer.obj (.text:MAC_PwrNextTimeout)
                  000119f0    00000044     driverlib.lib : chipinfo.obj (.text:NOROM_ChipInfo_GetHwRevision)
                  00011a34    00000044     drivers_cc13x2.a : NVSCC26XX.oem4f (.text:NVSCC26XX_read)
                  00011a78    00000044                      : PINCC26XX.oem4f (.text:PIN_swi)
                  00011abc    00000044                      : UART.oem4f (.text:UART_init)
                  00011b00    00000044     maclib_secure_cc13x2.a : mac_tx.obj (.text:macTxTimestampCallback)
                  00011b44    00000044     mcp.obj (.text:relayRxMsg$3)
                  00011b88    00000042     mt_mac.obj (.text:MtMac_CommStatusInd)
                  00011bca    00000042     api_mac.obj (.text:copyMacPanDescToApiMacPanDesc$15)
                  00011c0c    00000040     dpl_cc13x2.a : ClockP_tirtos.oem4f (.text:ClockP_construct)
                  00011c4c    00000040                  : ClockP_tirtos.oem4f (.text:ClockP_create)
                  00011c8c    00000040     driverlib.lib : osc.obj (.text:NOROM_OSC_HPOSCRelativeFrequencyOffsetGet)
                  00011ccc    00000040     maclib_osal_tirtos_cc13x2_26x2.a : osal_port.obj (.text:OsalPort_heapFree$49)
                  00011d0c    00000040     drivers_cc13x2.a : PowerCC26X2.oem4f (.text:PowerCC26XX_isStableXOSC_HF)
                  00011d4c    00000040                      : Random.oem4f (.text:Random_getNumber)
                  00011d8c    00000040                      : RingBuf.oem4f (.text:RingBuf_get)
                  00011dcc    00000040                      : TRNGCC26XX.oem4f (.text:TRNGCC26XX_copyToClient)
                  00011e0c    00000040                      : UART.oem4f (.text:UART_open)
                  00011e4c    00000040     rf_multiMode_cc13x2.aem4f : rf_patch_cpe_prop.c.cc13x2.ccs.o (.text:configurePropPatch)
                  00011e8c    00000040     maclib_secure_cc13x2.a : mac_low_level.obj (.text:macLowLevelYield)
                  00011ecc    00000040                            : mac.obj (.text:macRatCb_B)
                  00011f0c    00000040                            : mac_rx.obj (.text:macRxNokIsr)
                  00011f4c    00000040                            : mac_autopend.obj (.text:macSrcMatchSetEnableBit$25)
                  00011f8c    00000040                            : mac_symbol_timer.obj (.text:macSymbolTimerSetTrigger)
                  00011fcc    00000040                            : mac_tx.obj (.text:macTxUpdateIE)
                  0001200c    00000040     rtsv7M4_T_le_v4SPD16_eabi.lib : u_divt2.asm.obj (.text)
                  0001204c    00000040     drivers_cc13x2.a : TemperatureCC26X2.oem4f (.text:setNextThresholds)
                  0001208c    00000040     rom_sysbios.aem4f : rom_sysbios.obj (.text:ti_sysbios_family_arm_cc26xx_Timer_setThreshold__I)
                  000120cc    00000040                       : rom_sysbios.obj (.text:ti_sysbios_heaps_HeapCallback_Module_startup__E)
                  0001210c    0000003e     dpl_cc13x2.a : HwiP_tirtos.oem4f (.text:HwiP_construct)
                  0001214a    0000003e     mt_mac.obj (.text:MtMac_SyncLossInd)
                  00012188    0000003e     maclib_osal_tirtos_cc13x2_26x2.a : osal_port.obj (.text:OsalPort_msgEnqueueMax)
                  000121c6    00000002     rom_sysbios.aem4f : rom_sysbios.obj (.text:xdc_runtime_SysCallback_defaultPutch)
                  000121c8    0000003c     maclib_secure_cc13x2.a : mac_pwr.obj (.text:MAC_PwrOnReq)
                  00012204    0000003c     mt_sys.obj (.text:MtSys_resetReq)
                  00012240    0000003c     npi_tl.obj (.text:NPITL_transmissionCallBack$13)
                  0001227c    0000003c     nvocmp.obj (.text:NVOCMP_disableCache$21)
                  000122b8    0000003c     drivers_cc13x2.a : PINCC26XX.oem4f (.text:PIN_setOutputValue)
                  000122f4    0000003c     rf_multiMode_cc13x2.aem4f : RFCC26X2_multiMode.c.cc13x2.ccs.o (.text:RF_cmdGet)
                  00012330    0000003c                               : RFCC26X2_multiMode.c.cc13x2.ccs.o (.text:RF_cmdStoreEvents)
                  0001236c    0000003c     drivers_cc13x2.a : NVSCC26XX.oem4f (.text:checkEraseRange)
                  000123a8    0000003c     maclib_secure_cc13x2.a : mac_timer.obj (.text:macTimerRecalcUnaligned)
                  000123e4    0000003c                            : mac_tx.obj (.text:macTxDecrypt)
                  00012420    0000003c     rom_sysbios.aem4f : rom_sysbios.obj (.text:ti_sysbios_family_arm_m3_Hwi_construct2__E)
                  0001245c    0000003a     maclib_osal_tirtos_cc13x2_26x2.a : mac_util.obj (.text:Util_bufferUint32)
                  00012496    00000038     api_mac.obj (.text:ApiMac_buildMsgCapInfo)
                  000124ce    00000002     --HOLE-- [fill = 0]
                  000124d0    00000038     ti_drivers_config.obj (.text:Board_shutDownExtFlash)
                  00012508    00000038     nvocmp.obj (.text:NVOCMP_findPage$21)
                  00012540    00000038     drivers_cc13x2.a : PINCC26XX.oem4f (.text:PIN_setConfig)
                  00012578    00000038     rf_multiMode_cc13x2.aem4f : RFCC26X2_multiMode.c.cc13x2.ccs.o (.text:RF_checkCmdFsError)
                  000125b0    00000038                               : RFCC26X2_multiMode.c.cc13x2.ccs.o (.text:RF_powerConstraintRelease)
                  000125e8    00000038     maclib_secure_cc13x2.a : mac_timer.obj (.text:macTimerAligned)
                  00012620    00000038                            : mac_timer.obj (.text:macTimerInit)
                  00012658    00000038                            : mac_tx.obj (.text:macTxAckNotReceivedCallback)
                  00012690    00000038                            : mac_tx.obj (.text:macTxFrameIsr)
                  000126c8    00000038     drivers_cc13x2.a : PowerCC26X2.oem4f (.text:notify)
                  00012700    00000038                      : UARTCC26XX.oem4f (.text:readData)
                  00012738    00000038     rom_sysbios.aem4f : rom_sysbios.obj (.text:ti_sysbios_family_arm_cc26xx_Timer_getCurrentTick__E)
                  00012770    00000038     drivers_cc13x2.a : UARTCC26XX.oem4f (.text:writeData)
                  000127a8    00000036     api_mac.obj (.text:ApiMac_convertCapabilityInfo)
                  000127de    00000036     mt_mac.obj (.text:MtMac_AssociateInd)
                  00012814    00000036     rom_sysbios.aem4f : rom_sysbios.obj (.text:ti_sysbios_family_arm_cc26xx_Timer_setNextTick__E)
                  0001284a    00000002     --HOLE-- [fill = 0]
                  0001284c    00000034     driverlib.lib : sys_ctrl.obj (.text:NOROM_SysCtrlIdle)
                  00012880    00000034     npi_rxbuf.obj (.text:NPIRxBuf_ReadFromRxBuf)
                  000128b4    00000034     nvocmp.obj (.text:NVOCMP_verifyCRC$21)
                  000128e8    00000034     rf_multiMode_cc13x2.aem4f : RFCC26X2_multiMode.c.cc13x2.ccs.o (.text:RF_runDirectImmediateCmd)
                  0001291c    00000034     mt_mac.obj (.text:macAdrToSba$6)
                  00012950    00000034     maclib_secure_cc13x2.a : mac_hl_patch.obj (.text:macCheckPhyRate)
                  00012984    00000034                            : mac_low_level.obj (.text:macLowLevelDiags)
                  000129b8    00000034                            : mac_radio.obj (.text:macRadioSetIEEEAddr)
                  000129ec    00000034                            : mac.obj (.text:macRatDisableChannelB)
                  00012a20    00000034                            : mac_symbol_timer.obj (.text:macSymbolTimerCount)
                  00012a54    00000034     drivers_cc13x2.a : UARTCC26XX.oem4f (.text:readData2RingBuf)
                  00012a88    00000034     rom_sysbios.aem4f : rom_sysbios.obj (.text:ti_sysbios_knl_Swi_setPri__E)
                  00012abc    00000034     drivers_cc13x2.a : TemperatureCC26X2.oem4f (.text:updateThresholds)
                  00012af0    00000032     maclib_osal_tirtos_cc13x2_26x2.a : osal_port.obj (.text:OsalPort_msgExtract)
                  00012b22    00000032     rom_sysbios.aem4f : rom_sysbios.obj (.text:ti_sysbios_gates_GateMutexPri_insertPri__I)
                  00012b54    00000030     npi_tl.obj (.text:NPITL_readTL)
                  00012b84    00000030     nvocmp.obj (.text:NVOCMP_changePageState$21)
                  00012bb4    00000030     drivers_cc13x2.a : NVSCC26XX.oem4f (.text:NVSCC26XX_erase)
                  00012be4    00000030                      : PINCC26XX.oem4f (.text:PINCC26XX_setMux)
                  00012c14    00000030                      : PowerCC26X2.oem4f (.text:Power_releaseConstraint)
                  00012c44    00000030                      : PowerCC26X2.oem4f (.text:Power_setConstraint)
                  00012c74    00000030                      : TRNGCC26XX.oem4f (.text:TRNGCC26XX_fillEntropyPool)
                  00012ca4    00000030                      : TemperatureCC26X2.oem4f (.text:Temperature_unregisterNotify)
                  00012cd4    00000030     maclib_secure_cc13x2.a : mac_rx_onoff.obj (.text:macRxHardDisable)
                  00012d04    00000030                            : mac_rx_onoff.obj (.text:macRxSoftDisable)
                  00012d34    00000030                            : mac_symbol_timer.obj (.text:macSymbolTimerBCWakeUp)
                  00012d64    00000030                            : mac_symbol_timer.obj (.text:macSymbolTimerICallTimerCback)
                  00012d94    00000030                            : mac_timer.obj (.text:macTimerCheckUnAlignedQ)
                  00012dc4    00000030     app_cop_pem4f.oem4f (.text:ti_sysbios_BIOS_atExitFunc__I)
                  00012df4    00000030     app_cop_pem4f.oem4f (.text:ti_sysbios_BIOS_startFunc__I)
                  00012e24    00000030     rom_sysbios.aem4f : rom_sysbios.obj (.text:ti_sysbios_family_arm_cc26xx_Timer_initDevice__I)
                  00012e54    00000030     app_cop_pem4f.oem4f (.text:ti_sysbios_gates_GateMutexPri_Object__create__S)
                  00012e84    00000030     app_cop_pem4f.oem4f (.text:ti_sysbios_gates_GateMutexPri_create)
                  00012eb4    00000030     app_cop_pem4f.oem4f (.text:ti_sysbios_heaps_HeapCallback_Object__create__S)
                  00012ee4    00000030     rom_sysbios.aem4f : rom_sysbios.obj (.text:ti_sysbios_knl_Clock_getTimeout__E)
                  00012f14    0000002e     maclib_osal_tirtos_cc13x2_26x2.a : osal_port.obj (.text:OsalPort_msgDequeue)
                  00012f42    0000002e                                      : osal_port.obj (.text:OsalPort_msgEnqueue)
                  00012f70    0000002e     rf_multiMode_cc13x2.aem4f : RFCC26X2_multiMode.c.cc13x2.ccs.o (.text:RF_queueEnd)
                  00012f9e    0000002e     drivers_cc13x2.a : TRNGCC26XX.oem4f (.text:TRNGCC26XX_serviceJob)
                  00012fcc    0000002c     mt_mac.obj (.text:MtMac_AssociateCnf)
                  00012ff8    0000002c     mt_mac.obj (.text:MtMac_DisassociateInd)
                  00013024    0000002c     drivers_cc13x2.a : NVS.oem4f (.text:NVS_init)
                  00013050    0000002c     rf_multiMode_cc13x2.aem4f : RFCC26X2_multiMode.c.cc13x2.ccs.o (.text:RF_executeDirectImmediateCmd)
                  0001307c    0000002c     dpl_cc13x2.a : SemaphoreP_tirtos.oem4f (.text:SemaphoreP_constructBinary)
                  000130a8    0000002c                  : SemaphoreP_tirtos.oem4f (.text:SemaphoreP_createBinary)
                  000130d4    0000002c     drivers_cc13x2.a : TRNGCC26XX.oem4f (.text:TRNGCC26XX_stopTrng)
                  00013100    0000002c     rf_multiMode_cc13x2.aem4f : rf_patch_cpe_ieee_802_15_4.c.cc13x2.ccs.o (.text:applyIeee802154Patch)
                  0001312c    0000002c                               : rf_patch_cpe_prop.c.cc13x2.ccs.o (.text:applyPropPatch)
                  00013158    0000002c     maclib_secure_cc13x2.a : mac_radio.obj (.text:macRadioSetPanID)
                  00013184    0000002c                            : mac_radio.obj (.text:macRadioSetShortAddr)
                  000131b0    0000002c                            : mac_rx_onoff.obj (.text:macRxSoftEnable)
                  000131dc    0000002c                            : mac_symbol_timer.obj (.text:macSymbolTimerSetRollover)
                  00013208    0000002c                            : mac_tx.obj (.text:macTxRequestCsmaRtcDelay)
                  00013234    0000002c                            : saddr.obj (.text:sAddrCmp)
                  00013260    0000002c     mt_ext.obj (.text:sendStatus$5)
                  0001328c    0000002c     app_cop_pem4f.oem4f (.text:ti_sysbios_gates_GateMutexPri_Handle__label__S)
                  000132b8    0000002c     app_cop_pem4f.oem4f (.text:ti_sysbios_heaps_HeapCallback_Handle__label__S)
                  000132e4    0000002c     rom_sysbios.aem4f : rom_sysbios.obj (.text:ti_sysbios_knl_Clock_getTicksUntilInterrupt__E)
                  00013310    0000002a     drivers_cc13x2.a : List.oem4f (.text:List_insert)
                  0001333a    0000002a     maclib_secure_cc13x2.a : mac_autopend.obj (.text:MAC_SrcMatchDeleteEntry)
                  00013364    0000002a     rf_multiMode_cc13x2.aem4f : RFCC26X2_multiMode.c.cc13x2.ccs.o (.text:RF_searchAndReplacePAOverride)
                  0001338e    00000028     mt_mac.obj (.text:MtMac_DisassociateCnf)
[...]
200009fc  myTask                                                          
20000a4c  Main_user1Cfg                                                   
20000aa8  myTaskStack                                                     
20000dc8  npiAppEntityID                                                  
20000dca  incomingTXReroute                                               
20000de4  npiSemHandle                                                    
20000de8  NPITask_events                                                  
20000df0  incomingTXEventAppCBFunc                                        
20000df4  structnpiSem                                                    
20000e60  npiTaskStack                                                    
20001384  RF_prop_ieee154                                                 
20001394  RF_prop_2gfsk50kbps154g                                         
200013a4  RF_prop_2gfsk200kbps154g                                        
200013b4  RF_prop_slr5kbps2gfsk                                           
200013c4  txPowerTable_ieee154                                            
20001414  txPowerTable_2gfsk50kbps154g                                    
20001478  txPowerTable_2gfsk200kbps154g                                   
200014dc  txPowerTable_slr5kbps2gfsk                                      
20001540  RF_cmdNop                                                       
20001550  RF_cmdNopFg                                                     
20001560  RF_cmdRxAckCmd                                                  
20001574  RF_cmdFsRx                                                      
2000158c  RF_cmdFsTx                                                      
200015a4  RF_cmdIEEETx                                                    
200015bc  RF_cmdPropCs                                                    
200015d8  RF_cmdPropCsSlotted                                             
200015f4  RF_cmdRadioSetup                                                
20001614  RF_cmdIEEECsma                                                  
20001634  RF_cmdPropTxAdv                                                 
20001654  RF_cmdPropRadioDivSetup                                         
20001684  RF_cmdPropRxAdv                                                 
200016b4  RF_cmdIEEERx                                                    
200016f0  taskCnt                                                         
20001700  heapmgrMemFreeTotal                                             
20001704  heapmgrMemFreeError                                             
20001710  HEAPMGR_SIZE                                                    
20001714  taskTbl                                                         
2000187c  PowerCC26X2_module                                              
20001b00  ROM_stateStruct                                                 
20001b00  ti_sysbios_knl_Clock_Module__state__V                           
20001b2c  ti_sysbios_family_arm_cc26xx_TimestampProvider_Module__state__V 
20001b30  xdc_runtime_Startup_Module__state__V                            
20001b38  xdc_runtime_Registry_Module__state__V                           
20001b40  ti_sysbios_BIOS_Module__state__V                                
20001b64  ti_sysbios_knl_Swi_Module__state__V                             
20001b80  ti_sysbios_knl_Task_Module__state__V                            
20001bc4  xdc_runtime_Memory_Module__state__V                             
20001bc8  xdc_runtime_System_Module__state__V                             
20001bd0  ti_sysbios_family_arm_m3_Hwi_Module__state__V                   
20001c04  ti_sysbios_family_arm_cc26xx_Timer_Module__state__V             
20001c0c  macSrcMatchIsAckAllPending                                      
20001c0d  macSrcResIndex                                                  
20001c10  reqAccessAlloc                                                  
20001c12  rxCmdHandle                                                     
20001c18  macRfDrvTblPtr                                                  
20001c1c  lastPostCmd                                                     
20001c20  macSfdDetectCback                                               
20001c24  macTxTimestamp                                                  
20001c28  pMacRadioConfig                                                 
20001c40  macRxOutputSubG                                                 
20001c4c  macRxOutputIeee                                                 
20001c5c  macFrmFilter                                                    
20001c6c  macSrcShortAddrList                                             
20001c88  macSrcExtAddrList                                               
20001cb8  macMRFSKGenPhyTable                                             
20001d5a  gAction                                                         
20001d5b  NVOCMP_size                                                     
20001d88  NVOCMP_nvHandle                                                 
20001dd0  fhObject                                                        
20001e3c  FHIE_channelPlan                                                
20001edc  ti_sysbios_knl_Task_Object__table__V                            
20001f28  ti_sysbios_family_arm_cc26xx_Timer_Object__table__V             
20001fbc  pRfMode                                                         
20001fc0  pRfPowerTable                                                   
20001fc4  pMaxPower                                                       
20001fc8  RF_handle                                                       
20001fcc  macPhyTxPower                                                   
20001fd4  RF_params                                                       
2000202c  ti_sysbios_gates_GateMutex_Object__table__V                     
20002064  appTaskId                                                       
2000206c  appEvents                                                       
20002074  ApiMac_extAddr                                                  
2000207c  appSem                                                          
20002098  macBeaconPayload                                                
200020fc  pMacDataTx                                                      
20002100  macDataTxIndirect                                               
20002104  macDataRequeueIndirect                                          
20002108  macDataRxBeaconCritical                                         
2000210c  macDataTxBeaconComplete                                         
20002110  macDataSetSched                                                 
20002114  macDataCheckSched                                               
20002118  macDataCheckTxTime                                              
2000211c  macDataBeaconRequeue                                            
20002120  csmPhy                                                          
20002124  macTimerRollover                                                
20002128  macTimerNewRollover                                             
2000212c  ti_sysbios_knl_Swi_Module_State_0_readyQ__A                     
2000215c  ti_sysbios_knl_Swi_Object__table__V                             
2000218c  ti_sysbios_knl_Task_Module_State_0_readyQ__A                    
200021bc  npiEID                                                          
200021bd  npiSID                                                          
200021c0  mtProcessIncoming                                               
200021e8  pOverrides_slr5kbps2gfsk                                        
20002214  macSpecUsecsPerSymbol                                           
20002218  macPrevPeriodRatCount                                           
2000221c  macSymbolTimerRollover                                          
20002220  macSymbolTimerTrigger                                           
2000223c  pOverrides_2gfsk200kbps154g                                     
20002264  pOverrides_2gfsk50kbps154g                                      
2000228c  macTxSlottedDelayFactor                                         
2000228d  macTxType                                                       
2000228e  macTxBe                                                         
2000228f  macTxGpInterframeDelay                                          
20002290  txAckReq                                                        
20002293  txSeqn                                                          
20002295  numTx                                                           
20002296  macTxCsmaBackoffDelay                                           
20002298  macCsmaRtcTimerId                                               
2000229c  macAckDbg                                                       
200022b0  _hposcCoeffs                                                    
200022d4  macActionSet                                                    
20002318  macBeaconMargin                                                 
20002338  ti_sysbios_knl_Clock_Object__table__V                           
20002358  xdc_runtime_Error_IgnoreBlock                                   
20002378  ti_sysbios_family_arm_m3_Hwi_Object__table__V                   
20002390  txCmdHandle                                                     
20002392  macRadioAckIeeeFrame                                            
20002398  pMacEnhancedAck                                                 
2000239c  macRadioAckFrame                                                
200023a4  macStateTbl                                                     
200023c8  macCfg                                                          
200023d8  lastRatChanA                                                    
200023d9  lastRatChanB                                                    
200023da  macRxCmdActive                                                  
200023db  macTxCmdActive                                                  
200023dc  macFsCmdActive                                                  
200023dd  macRxPreempted                                                  
200023de  macReqAccessCnt                                                 
200023e0  macReqAccessTimeCnt                                             
200023e2  macReqAccErrCnt                                                 
200023e4  numRfCmd                                                        
200023e5  numRxCmd                                                        
200023e6  numRxPostCmd                                                    
200023fc  pClockHandleEDScan                                              
20002400  FH_FSM                                                          
2000240c  pOverrides_ieee154                                              
20002418  ti_sysbios_heaps_HeapCallback_Object__table__V                  
20002424  _lock                                                           
20002428  _unlock                                                         
20002434  FH_txTiming                                                     
2000243c  pinUpperBound                                                   
20002440  pinLowerBound                                                   
2000244c  ti_sysbios_family_arm_m3_Hwi_Module__root__V                    
20002454  ti_sysbios_gates_GateHwi_Module__root__V                        
2000245c  ti_sysbios_gates_GateMutexPri_Module__root__V                   
20002464  ti_sysbios_gates_GateMutex_Module__root__V                      
2000246c  ti_sysbios_hal_Hwi_Module__root__V                              
20002474  ti_sysbios_heaps_HeapCallback_Module__root__V                   
2000247c  ti_sysbios_heaps_HeapMem_Module__root__V                        
20002484  ti_sysbios_knl_Clock_Module__root__V                            
2000248c  ti_sysbios_knl_Event_Module__root__V                            
20002494  ti_sysbios_knl_Mailbox_Module__root__V                          
2000249c  ti_sysbios_knl_Queue_Module__root__V                            
200024a4  ti_sysbios_knl_Semaphore_Module__root__V                        
200024ac  ti_sysbios_knl_Swi_Module__root__V                              
200024b4  ti_sysbios_knl_Task_Module__root__V                             
200024c1  macAddrSize                                                     
200024c5  CryptoResourceCC26XX_pollingFlag                                
200024c8  macTasksEvents                                                  
200024cc  macTxSlottedDelay                                               
200024cd  bInSwi                                                          
200024ce  macSrcMatchIsEnabled                                            
200024cf  macRadioYielded                                                 
200024d4  main_func_sp                                                    
200024d8  ti_sysbios_family_arm_m3_Hwi_Module_State_0_excContext__A       
200024dc  ti_sysbios_family_arm_m3_Hwi_Module_State_0_excStack__A         
200024e0  ti_sysbios_knl_Task_Module_State_0_idleTask__A                  
200024e6  ti_sysbios_family_arm_m3_Hwi_Module_State_0_excActive__A        
200024e9  macSleepState                                                   
200029e0  ti_sysbios_knl_Task_Instance_State_0_stack__A                   
20002be0  uartCC26XXObjects                                               
20002d94  enhancedAckBuf                                                  
20002f88  ti_sysbios_family_arm_m3_Hwi_dispatchTable                      
20003060  FHPIB_db                                                        
200030ec  FH_hnd                                                          
20003174  macPib                                                          
200031fc  pinHandleTable                                                  
20003278  FHNT_tableOpt                                                   
200032f4  macScan                                                         
20003398  CryptoResourceCC26XX_accessSemaphore                            
200033e8  CryptoResourceCC26XX_operationSemaphore                         
20003438  FHFSM_Dbg                                                       
2000347a  driverlib_release_0_58048                                       
2000347b  macMgmt                                                         
2000347c  macSecurityPib                                                  
200034bc  macBeaconCoord                                                  
200034f8  FHNT_hnd                                                        
20003530  macDeviceAction1                                                
2000359c  macBeaconDevice                                                 
200035d0  macMgmtAction1                                                  
20003600  macCoord                                                        
2000362c  macDevice                                                       
20003658  macRxFilter                                                     
20003659  rxPromiscuousMode                                               
2000365c  rxSeqNum                                                        
20003664  macRxDataEntryOffset                                            
20003668  rxRadioBufferPtr                                                
20003678  macRxDataEntryQueue                                             
200036e8  macBeacon                                                       
2000375c  CryptoResourceCC26XX_hwi                                        
20003778  macCoordAction2                                                 
20003794  macReset                                                        
200037b0  aesccmCC26XXObjects                                             
200037c8  macScanAction                                                   
20003808  macDeviceAction2                                                
2000381c  macMgmtAction2                                                  
20003830  macBeaconDeviceAction                                           
20003840  macCoordAction3                                                 
20003850  macData                                                         
20003860  macDataTxDelay                                                  
2000387c  macMain                                                         
20003890  FHNT_tempTable                                                  
20003898  macBeaconCoordAction1                                           
200038a0  macCoordAction1                                                 
200038a8  FHNT_Dbg                                                        
200038ae  macPanCoordinator                                               
200038af  macPhyChannel                                                   
200038b4  AESCCM_handle                                                   
200038b8  FH_test_var                                                     
200038bc  PowerCC26XX_swiKey                                              
200038c0  PowerCC26XX_taskKey                                             
200038c4  macCryptoDrvTblPtr                                              
200038c8  macRxSymbol                                                     
200038cc  macTimerActive                                                  
200038d0  nvsCC26XXObjects                                                
200038d4  timerAlignedQ                                                   
200038d8  timerUnalignedQ                                                 
200038dc  macPwr                                                          
200038dd  macRxActive                                                     
200038de  macRxEnableFlags                                                
200038df  macRxOutgoingAckFlag                                            
200038e0  macSymbolTimerImpending                                         
200038e1  macTaskId                                                       
200038e2  macTxActive                                                     
200038e3  macUnitBackoffPeriod                                            
200038e4  rxFhRsl                                                         
200038e5  heapStart                                                       
20013aa0  __stack                                                         
20013aa0  heapEnd                                                         
20014000  __STACK_END                                                     
20014000  __STACK_TOP                                                     
e000e000  ti_sysbios_family_arm_m3_Hwi_nvic                               
ffffffff  __TI_pprof_out_hndl                                             
ffffffff  __TI_prof_data_size                                             
ffffffff  __TI_prof_data_start                                            
ffffffff  __binit__                                                       
ffffffff  __c_args__                                                      
ffffffff  binit                                                           
UNDEFED   ITM_flush                                                       
UNDEFED   ITM_restore                                                     
UNDEFED   SHT$$INIT_ARRAY$$Base                                           
UNDEFED   SHT$$INIT_ARRAY$$Limit                                          

[1821 symbols]
