******************************************************************************
                  TI ARM Linker PC v20.2.1                     
******************************************************************************
>> Linked Tue Sep 29 18:02:55 2020

OUTPUT FILE NAME:   <coprocessor_CC1352P_4_LAUNCHXL_tirtos_ccs.out>
ENTRY POINT SYMBOL: "ResetISR"  address: 000106a5


MEMORY CONFIGURATION

         name            origin    length      used     unused   attr    fill
----------------------  --------  ---------  --------  --------  ----  --------
  FLASH                 00000000   0004e000  0001530c  00038cf4  R  X
  FLASH_NV              0004e000   00008000  00008000  00000000  RW X
  FLASH_LAST            00056000   00002000  00002000  00000000  R  X
  SRAM                  20000000   00014000  00003de1  0001021f  RW X


SEGMENT ALLOCATION MAP

run origin  load origin   length   init length attrs members
----------  ----------- ---------- ----------- ----- -------
00000000    00000000    00015310   00015310    r-x
  00000000    00000000    0000003c   0000003c    r-- .resetVecs
  0000003c    0000003c    00002134   00002134    r-- .const
  00002170    00002170    00012ce4   00012ce4    r-x .text.1
  00014e58    00014e58    000004b8   000004b8    r-- .cinit
0004e000    0004e000    00008000   00000000    rw-
  0004e000    0004e000    00008000   00000000    rw- .TI.bound:flashBuf0
00056000    00056000    00002000   00002000    r-x
  00056000    00056000    00001fa8   00001fa8    r-x .text.2
  00057fa8    00057fa8    00000058   00000058    r-- .ccfg
20000100    20000100    000037ad   00000000    rw-
  20000100    20000100    00000004   00000000    rw- .data:xdcRomConstPtr
  20000104    20000104    00000004   00000000    rw- .data:xdcRomExternFuncPtr
  20000108    20000108    00000004   00000000    rw- .data:xdcRomStatePtr
  2000010c    2000010c    00000010   00000000    rw- .data:RAM_MAC_BASE_ADDR
  20000120    20000120    00002395   00000000    rw- .data
  200024b8    200024b8    000013f5   00000000    rw- .bss
20013aa0    20013aa0    00000560   00000000    rw-
  20013aa0    20013aa0    00000560   00000000    rw- .stack


SECTION ALLOCATION MAP

 output                                  attributes/
section   page    origin      length       input sections
--------  ----  ----------  ----------   ----------------
.const     0    0000003c    00002134     
                  0000003c    00000568     maclib_secure_cc13x2.a : hmac_rom_init.obj (.const:HMAC_ROM_Flash_JT)
                  000005a4    000003b8     app_cop_pem4f.oem4f (.const:ROM_constStruct)
                  0000095c    00000258     maclib_secure_cc13x2.a : fh_rom_init.obj (.const:FH_ROM_Flash_JT)
                  00000bb4    00000228     ti_radio_config.obj (.const:$O21$$)
                  00000ddc    000001f0     rf_multiMode_cc13x2.aem4f : rf_patch_cpe_prop.c.cc13x2.ccs.o (.const:patchImageProp)
                  00000fcc    00000168                               : rf_patch_cpe_ieee_802_15_4.c.cc13x2.ccs.o (.const:patchImageIeee802154)
                  00001134    0000012c     mac_cfg.obj (.const:FH_PibTbl)
                  00001260    00000100     crc.obj (.const:.string:crc_table$20)
                  00001360    000000fa     maclib_secure_cc13x2.a : fh_global.obj (.const:FH_stateMatrix)
                  0000145a    000000f8     mac_cfg.obj (.const:macPibTbl)
                  00001552    00000001     ti_drivers_config.obj (.const:aesccmCC26XXHWAttrs)
                  00001553    00000001     app_cop_pem4f.oem4f (.const:xdc_runtime_Text_charTab__A)
                  00001554    000000cc     maclib_secure_cc13x2.a : lmac_rom_init.obj (.const:LMAC_ROM_Flash_JT)
                  00001620    0000008c     mac_cfg.obj (.const:FHPIB_defaults)
                  000016ac    00000088     mac_cfg.obj (.const:macPibDefaults)
                  00001734    00000080     drivers_cc13x2.a : Random.oem4f (.const:$P$T0$1)
                  000017b4    00000072     maclib_secure_cc13x2.a : hmac_global.obj (.const:macAssociatingSt)
                  00001826    00000072                            : hmac_global.obj (.const:macIdleSt)
                  00001898    00000072                            : hmac_global.obj (.const:macPollingSt)
                  0000190a    00000072                            : hmac_global.obj (.const:macScanningSt)
                  0000197c    00000072                            : hmac_global.obj (.const:macStartingSt)
                  000019ee    00000002     --HOLE-- [fill = 0]
                  000019f0    0000006c                            : icall_osal_rom_init.obj (.const:ICALL_OSAL_ROM_Flash_JT)
                  00001a5c    0000006c     mac_user_config.obj (.const:macRfDriverTable)
                  00001ac8    00000064     mac_user_config.obj (.const:$O18$$)
                  00001b2c    00000058     mac_cfg.obj (.const:macSecurityPibTbl)
                  00001b84    00000054     ti_drivers_config.obj (.const:$O2$$)
                  00001bd8    00000054     drivers_cc13x2.a : PowerCC26X2.oem4f (.const:resourceDB)
                  00001c2c    00000050     mac_cfg.obj (.const:macMRFSKStdPhyTable)
                  00001c7c    00000048     app_cop_pem4f.oem4f (.const:.string)
                  00001cc4    00000048     app_cop_pem4f.oem4f (.const:ROM_externFuncPtrs)
                  00001d0c    00000040     mac_user_config.obj (.const:macCryptoDriverTable)
                  00001d4c    00000040     maclib_secure_cc13x2.a : hmac_global.obj (.const:macTimerRolloverValue)
                  00001d8c    00000038                            : hmac_global.obj (.const:macCmdIncludeFHIe)
                  00001dc4    00000028     drivers_cc13x2.a : NVSCC26XX.oem4f (.const:NVSCC26XX_fxnTable)
                  00001dec    00000028                      : UARTCC26XX.oem4f (.const:UARTCC26XX_fxnTable)
                  00001e14    00000028     app_cop_pem4f.oem4f (.const:ti_sysbios_heaps_HeapCallback_Module__FXNS__C)
                  00001e3c    00000028     ti_drivers_config.obj (.const:uartCC26XXHWAttrs)
                  00001e64    00000028     app_cop_pem4f.oem4f (.const:xdc_runtime_Startup_sfxnTab__A)
                  00001e8c    00000024     drivers_cc13x2.a : UART.oem4f (.const:UART_defaultParams)
                  00001eb0    00000024     app_cop_pem4f.oem4f (.const:ti_sysbios_gates_GateMutexPri_Module__FXNS__C)
                  00001ed4    00000020     rf_multiMode_cc13x2.aem4f : RFCC26X2_multiMode.c.cc13x2.ccs.o (.const:RF_defaultParams)
                  00001ef4    00000020     app_cop_pem4f.oem4f (.const:ti_sysbios_gates_GateMutexPri_Object__DESC__C)
                  00001f14    00000020     app_cop_pem4f.oem4f (.const:ti_sysbios_heaps_HeapCallback_Object__DESC__C)
                  00001f34    0000001c     CC1352P_4_LAUNCHXL_fxns.obj (.const:$O1$$)
                  00001f50    0000001c     app_cop_pem4f.oem4f (.const:ti_sysbios_heaps_HeapCallback_Object__PARAMS__C)
                  00001f6c    00000018     maclib_secure_cc13x2.a : hmac_global.obj (.const:macSendMsgBufSize)
                  00001f84    00000018     app_cop_pem4f.oem4f (.const:ti_sysbios_gates_GateMutexPri_Object__PARAMS__C)
                  00001f9c    00000014     ti_drivers_config.obj (.const:PowerCC26X2_config)
                  00001fb0    00000014     drivers_cc13x2.a : UARTCC26XX.oem4f (.const:parityType)
                  00001fc4    00000014     app_cop_pem4f.oem4f (.const:xdc_runtime_Startup_sfxnRts__A)
                  00001fd8    00000013     macTask.obj (.const:.string:msacbackSizeTable)
                  00001feb    00000001     --HOLE-- [fill = 0]
                  00001fec    00000010     drivers_cc13x2.a : AESCCM.oem4f (.const:AESCCM_defaultParams)
                  00001ffc    00000010                      : TRNG.oem4f (.const:TRNG_defaultParams)
                  0000200c    00000010                      : UARTCC26XX.oem4f (.const:dataLength)
                  0000201c    00000010     maclib_secure_cc13x2.a : hmac_global.obj (.const:macIEEEPhyTable)
                  0000202c    0000000e                            : hmac_global.obj (.const:.string:macCmdBufSize)
                  0000203a    0000000e                            : hmac_global.obj (.const:.string:macTxFrameFailed)
                  00002048    0000000e                            : hmac_global.obj (.const:.string:macTxFrameSuccess)
                  00002056    00000002     --HOLE-- [fill = 0]
                  00002058    0000000c     mt_sys.obj (.const:$O7$$)
                  00002064    0000000c     drivers_cc13x2.a : Random.oem4f (.const:$P$T1$2)
                  00002070    0000000c     maclib_secure_cc13x2.a : hmac_global.obj (.const:.string:macCbackEventTbl)
                  0000207c    0000000c                            : hmac_global.obj (.const:.string:macSendMsgDataSize)
                  00002088    0000000c     ti_drivers_config.obj (.const:NVS_config)
                  00002094    0000000c     ti_drivers_config.obj (.const:RFCC26XX_hwAttrs)
                  000020a0    0000000c     ti_drivers_config.obj (.const:UART_config)
                  000020ac    0000000c     app_cop_pem4f.oem4f (.const:xdc_runtime_Startup_firstFxns__A)
                  000020b8    0000000b     ti_drivers_config.obj (.const)
                  000020c3    00000009     maclib_secure_cc13x2.a : hmac_global.obj (.const:.string:macCmdLen)
                  000020cc    00000008                            : mac_rx.obj (.const:$O27$$)
                  000020d4    00000008     driverlib.lib : aux_sysif.obj (.const:$O35$$)
                  000020dc    00000008     main.obj (.const:.string:dummyExtAddr$2)
                  000020e4    00000008     maclib_secure_cc13x2.a : fh_global.obj (.const:.string:fhSupFrameTypes)
                  000020ec    00000008                            : hmac_global.obj (.const:.string:macAuthTagLen)
                  000020f4    00000008     ti_drivers_config.obj (.const:AESCCM_config)
                  000020fc    00000008     ti_drivers_config.obj (.const:PINCC26XX_hwAttrs)
                  00002104    00000008     rf_multiMode_cc13x2.aem4f : RFCC26X2_multiMode.c.cc13x2.ccs.o (.const:RFCC26XX_schedulerPolicy)
                  0000210c    00000008     ti_drivers_config.obj (.const:nvsCC26XXHWAttrs)
                  00002114    00000008     drivers_cc13x2.a : UARTCC26XX.oem4f (.const:stopBits)
                  0000211c    00000008     app_cop_pem4f.oem4f (.const:ti_sysbios_family_arm_m3_Hwi_excHookFuncs__A)
                  00002124    00000006     drivers_cc13x2.a : UARTCC26XX.oem4f (.const:.string:rxFifoBytes)
                  0000212a    00000006                      : UARTCC26XX.oem4f (.const:.string:rxFifoThreshold)
                  00002130    00000006                      : UARTCC26XX.oem4f (.const:.string:txFifoBytes)
                  00002136    00000006                      : UARTCC26XX.oem4f (.const:.string:txFifoThreshold)
                  0000213c    00000004     maclib_secure_cc13x2.a : hmac_global.obj (.const:.string:macKeySourceLen)
                  00002140    00000004     drivers_cc13x2.a : NVS.oem4f (.const:NVS_defaultParams)
                  00002144    00000004     app_cop_pem4f.oem4f (.const:ti_sysbios_gates_GateMutexPri_Instance_State_pendQ__O)
                  00002148    00000004     app_cop_pem4f.oem4f (.const:ti_sysbios_heaps_HeapCallback_Object__count__C)
                  0000214c    00000004     app_cop_pem4f.oem4f (.const:ti_sysbios_heaps_HeapCallback_allocInstFxn__C)
                  00002150    00000004     app_cop_pem4f.oem4f (.const:ti_sysbios_heaps_HeapCallback_createInstFxn__C)
                  00002154    00000004     app_cop_pem4f.oem4f (.const:ti_sysbios_heaps_HeapCallback_deleteInstFxn__C)
                  00002158    00000004     app_cop_pem4f.oem4f (.const:ti_sysbios_heaps_HeapCallback_freeInstFxn__C)
                  0000215c    00000004     app_cop_pem4f.oem4f (.const:ti_sysbios_heaps_HeapCallback_getStatsInstFxn__C)
                  00002160    00000004     app_cop_pem4f.oem4f (.const:ti_sysbios_heaps_HeapCallback_initInstFxn__C)
                  00002164    00000004     app_cop_pem4f.oem4f (.const:ti_sysbios_heaps_HeapCallback_isBlockingInstFxn__C)
                  00002168    00000004     app_cop_pem4f.oem4f (.const:ti_sysbios_knl_Clock_tickPeriod__C)
                  0000216c    00000004     app_cop_pem4f.oem4f (.const:ti_sysbios_knl_Idle_funcList__A)

.cinit     0    00014e58    000004b8     
                  00014e58    00000450     (.cinit..data.load) [load image, compression = lzss]
                  000152a8    0000000c     (__TI_handler_table)
                  000152b4    00000004     --HOLE-- [fill = 0]
                  000152b8    00000008     (.cinit..bss.load) [load image, compression = zero_init]
                  000152c0    00000008     (.cinit..data:RAM_MAC_BASE_ADDR.load) [load image, compression = zero_init]
                  000152c8    00000008     (.cinit..data:xdcRomConstPtr.load) [load image, compression = lzss]
                  000152d0    00000008     (.cinit..data:xdcRomExternFuncPtr.load) [load image, compression = lzss]
                  000152d8    00000008     (.cinit..data:xdcRomStatePtr.load) [load image, compression = lzss]
                  000152e0    00000030     (__TI_cinit_table)

.init_array 
*          0    00000000    00000000     UNINITIALIZED

.TI.bound:flashBuf0 
*          0    0004e000    00008000     UNINITIALIZED
                  0004e000    00008000     ti_drivers_config.obj (.TI.bound:flashBuf0)

.ccfg      0    00057fa8    00000058     
                  00057fa8    00000058     ti_devices_config.obj (.ccfg:retain)

.data:xdcRomConstPtr 
*          0    20000100    00000004     UNINITIALIZED
                  20000100    00000004     app_cop_pem4f.oem4f (.data:xdcRomConstPtr)

.data:xdcRomExternFuncPtr 
*          0    20000104    00000004     UNINITIALIZED
                  20000104    00000004     app_cop_pem4f.oem4f (.data:xdcRomExternFuncPtr)

.data:xdcRomStatePtr 
*          0    20000108    00000004     UNINITIALIZED
                  20000108    00000004     app_cop_pem4f.oem4f (.data:xdcRomStatePtr)

.data      0    20000120    00002395     UNINITIALIZED
                  20000120    000008c4     macTask.obj (.data:$O16$$)
                  200009e4    000003e4     main.obj (.data:$O2$$)
                  20000dc8    00000388     npi_task.obj (.data:$O12$$)
                  20001150    00000234     npi_tl.obj (.data:$O13$$)
                  20001384    000001b0     mac_settings.obj (.data:$O17$$)
                  20001534    0000018c     maclib_osal_tirtos_cc13x2_26x2.a : osal_port.obj (.data:$O31$$)
                  200016c0    00000170     drivers_cc13x2.a : PowerCC26X2.oem4f (.data:PowerCC26X2_module)
                  20001830    00000150     ti_radio_config.obj (.data:$O20$$)
                  20001980    00000114     npi_rxbuf.obj (.data:$O11$$)
                  20001a94    0000010c     app_cop_pem4f.oem4f (.data:ROM_stateStruct)
                  20001ba0    000000a8     maclib_secure_cc13x2.a : mac.obj (.data:$O23$$)
                  20001c48    000000a0     mac_cfg.obj (.data:macMRFSKGenPhyTable)
                  20001ce8    00000078     nvocmp.obj (.data:$O19$$)
                  20001d60    0000006c     maclib_secure_cc13x2.a : hmac_global.obj (.data:fhObject)
                  20001dcc    00000054                            : fh_global.obj (.data:FHIE_channelPlan)
                  20001e20    0000004c     mcp.obj (.data:$O3$$)
                  20001e6c    0000004c     app_cop_pem4f.oem4f (.data:ti_sysbios_knl_Task_Object__table__V)
                  20001eb8    00000048     app_cop_pem4f.oem4f (.data:ti_sysbios_family_arm_cc26xx_Timer_Object__table__V)
                  20001f00    00000044     board_led.obj (.data:$O9$$)
                  20001f44    00000040     maclib_secure_cc13x2.a : mac_radio.obj (.data:$O25$$)
                  20001f84    00000038     npi_tl_uart.obj (.data:$O14$$)
                  20001fbc    00000038     app_cop_pem4f.oem4f (.data:ti_sysbios_gates_GateMutex_Object__table__V)
                  20001ff4    00000034     api_mac.obj (.data:$O15$$)
                  20002028    00000034     maclib_secure_cc13x2.a : hmac_global.obj (.data:macBeaconPayload)
                  2000205c    00000034     ti_radio_config.obj (.data:pOverrides_slr5kbps2gfsk433mhz)
                  20002090    00000030     mt_util.obj (.data:$O8$$)
                  200020c0    00000030     maclib_secure_cc13x2.a : hmac_global.obj (.data)
                  200020f0    00000030     ti_radio_config.obj (.data:pOverrides_2gfsk50kbps154g433mhz)
                  20002120    00000030     app_cop_pem4f.oem4f (.data:ti_sysbios_knl_Swi_Module_State_0_readyQ__A)
                  20002150    00000030     app_cop_pem4f.oem4f (.data:ti_sysbios_knl_Swi_Object__table__V)
                  20002180    00000030     app_cop_pem4f.oem4f (.data:ti_sysbios_knl_Task_Module_State_0_readyQ__A)
                  200021b0    0000002c     mt.obj (.data:$O4$$)
                  200021dc    00000028     maclib_secure_cc13x2.a : mac_symbol_timer.obj (.data:$O28$$)
                  20002204    00000024                            : mac_tx.obj (.data:$O29$$)
                  20002228    00000024     driverlib.lib : osc.obj (.data:$O33$$)
                  2000224c    00000024     maclib_secure_cc13x2.a : hmac_global.obj (.data:macActionSet)
                  20002270    00000020     drivers_cc13x2.a : TRNGCC26XX.oem4f (.data:entropyPoolBuffer)
                  20002290    00000020     mac_cfg.obj (.data:macBeaconMargin)
                  200022b0    00000020     app_cop_pem4f.oem4f (.data:ti_sysbios_knl_Clock_Object__table__V)
                  200022d0    00000020     app_cop_pem4f.oem4f (.data:xdc_runtime_Error_IgnoreBlock)
                  200022f0    0000001c     ti_radio_config.obj (.data:pOverrides_ieee154Tx20)
                  2000230c    0000001c     ti_radio_config.obj (.data:pOverrides_ieee154TxStd)
                  20002328    00000018     app_cop_pem4f.oem4f (.data:ti_sysbios_family_arm_m3_Hwi_Object__table__V)
                  20002340    00000014     ti_drivers_config.obj (.data:$O1$$)
                  20002354    00000014     maclib_secure_cc13x2.a : mac_radio_tx.obj (.data:$O30$$)
                  20002368    00000014                            : hmac_global.obj (.data:macStateTbl)
                  2000237c    00000010     maclib_osal_tirtos_cc13x2_26x2.a : osal_port_timers.obj (.data:$O32$$)
                  2000238c    00000010     mac_cfg.obj (.data:macCfg)
                  2000239c    0000000f     maclib_secure_cc13x2.a : mac.obj (.data)
                  200023ab    00000001     drivers_cc13x2.a : AESCCMCC26XX.oem4f (.data)
                  200023ac    0000000c     npi_frame_mt.obj (.data:$O10$$)
                  200023b8    0000000c     maclib_secure_cc13x2.a : mac_hl_patch.obj (.data:$O22$$)
                  200023c4    0000000c                            : fh_global.obj (.data:FH_FSM)
                  200023d0    0000000c     ti_radio_config.obj (.data:pOverrides_ieee154)
                  200023dc    0000000c     app_cop_pem4f.oem4f (.data:ti_sysbios_heaps_HeapCallback_Object__table__V)
                  200023e8    00000008     rtsv7M4_T_le_v4SPD16_eabi.lib : _lock.c.obj (.data:$O36$$)
                  200023f0    00000008     mt_sys.obj (.data:$O6$$)
                  200023f8    00000008     maclib_secure_cc13x2.a : fh_global.obj (.data:FH_txTiming)
                  20002400    00000008     drivers_cc13x2.a : PINCC26XX.oem4f (.data)
                  20002408    00000008                      : TRNGCC26XX.oem4f (.data:jobList)
                  20002410    00000008     app_cop_pem4f.oem4f (.data:ti_sysbios_family_arm_m3_Hwi_Module__root__V)
                  20002418    00000008     app_cop_pem4f.oem4f (.data:ti_sysbios_gates_GateHwi_Module__root__V)
                  20002420    00000008     app_cop_pem4f.oem4f (.data:ti_sysbios_gates_GateMutexPri_Module__root__V)
                  20002428    00000008     app_cop_pem4f.oem4f (.data:ti_sysbios_gates_GateMutex_Module__root__V)
                  20002430    00000008     app_cop_pem4f.oem4f (.data:ti_sysbios_hal_Hwi_Module__root__V)
                  20002438    00000008     app_cop_pem4f.oem4f (.data:ti_sysbios_heaps_HeapCallback_Module__root__V)
                  20002440    00000008     app_cop_pem4f.oem4f (.data:ti_sysbios_heaps_HeapMem_Module__root__V)
                  20002448    00000008     app_cop_pem4f.oem4f (.data:ti_sysbios_knl_Clock_Module__root__V)
                  20002450    00000008     app_cop_pem4f.oem4f (.data:ti_sysbios_knl_Event_Module__root__V)
                  20002458    00000008     app_cop_pem4f.oem4f (.data:ti_sysbios_knl_Mailbox_Module__root__V)
                  20002460    00000008     app_cop_pem4f.oem4f (.data:ti_sysbios_knl_Queue_Module__root__V)
                  20002468    00000008     app_cop_pem4f.oem4f (.data:ti_sysbios_knl_Semaphore_Module__root__V)
                  20002470    00000008     app_cop_pem4f.oem4f (.data:ti_sysbios_knl_Swi_Module__root__V)
                  20002478    00000008     app_cop_pem4f.oem4f (.data:ti_sysbios_knl_Task_Module__root__V)
                  20002480    00000005     drivers_cc13x2.a : TemperatureCC26X2.oem4f (.data)
                  20002485    00000002                      : CryptoResourceCC26XX.oem4f (.data)
                  20002487    00000001                      : NVS.oem4f (.data)
                  20002488    00000004     maclib_secure_cc13x2.a : mac_autopend.obj (.data:$O24$$)
                  2000248c    00000004                            : fh_global.obj (.data:macAddrSize)
                  20002490    00000004     maclib_osal_tirtos_cc13x2_26x2.a : osal_port.obj (.data)
                  20002494    00000004     maclib_secure_cc13x2.a : lmac_global.obj (.data)
                  20002498    00000004     mt_mac.obj (.data)
                  2000249c    00000004     rtsv7M4_T_le_v4SPD16_eabi.lib : stkdepth_vars.c.obj (.data)
                  200024a0    00000004     app_cop_pem4f.oem4f (.data:ti_sysbios_family_arm_m3_Hwi_Module_State_0_excContext__A)
                  200024a4    00000004     app_cop_pem4f.oem4f (.data:ti_sysbios_family_arm_m3_Hwi_Module_State_0_excStack__A)
                  200024a8    00000004     app_cop_pem4f.oem4f (.data:ti_sysbios_knl_Task_Module_State_0_idleTask__A)
                  200024ac    00000002     drivers_cc13x2.a : TRNGCC26XX.oem4f (.data)
                  200024ae    00000002     app_cop_pem4f.oem4f (.data:ti_sysbios_family_arm_m3_Hwi_Module_State_0_excActive__A)
                  200024b0    00000001     drivers_cc13x2.a : UART.oem4f (.data)
                  200024b1    00000001     maclib_secure_cc13x2.a : mac_sleep.obj (.data)
                  200024b2    00000001     npi_tl.obj (.data)
                  200024b3    00000001     rf_multiMode_cc13x2.aem4f : rf_patch_cpe_ieee_802_15_4.c.cc13x2.ccs.o (.data)
                  200024b4    00000001                               : rf_patch_cpe_prop.c.cc13x2.ccs.o (.data)

.bss       0    200024b8    000013f5     UNINITIALIZED
                  200024b8    000004f0     rf_multiMode_cc13x2.aem4f : RFCC26X2_multiMode.c.cc13x2.ccs.o (.bss:$O1$$)
                  200029a8    00000200     app_cop_pem4f.oem4f (.bss:taskStackSection)
                  20002ba8    000001b4     (.common:uartCC26XXObjects)
                  20002d5c    000000fc     (.common:enhancedAckBuf)
                  20002e58    000000f8     maclib_secure_cc13x2.a : mac_radio.obj (.bss:RF_object$28)
                  20002f50    000000d8     (.common:ti_sysbios_family_arm_m3_Hwi_dispatchTable)
                  20003028    0000008c     (.common:FHPIB_db)
                  200030b4    00000088     (.common:FH_hnd)
                  2000313c    00000088     (.common:macPib)
                  200031c4    0000007c     (.common:pinHandleTable)
                  20003240    0000007a     (.common:FHNT_tableOpt)
                  200032ba    00000001                            : mac_tx.obj (.bss)
                  200032bb    00000001     rf_multiMode_cc13x2.aem4f : RFCC26X2_multiMode.c.cc13x2.ccs.o (.bss)
                  200032bc    00000054     (.common:macScan)
                  20003310    00000050     drivers_cc13x2.a : PINCC26XX.oem4f (.bss:pinSemaphore)
                  20003360    00000050     (.common:CryptoResourceCC26XX_accessSemaphore)
                  200033b0    00000050     (.common:CryptoResourceCC26XX_operationSemaphore)
                  20003400    00000042     (.common:FHFSM_Dbg)
                  20003442    00000001     (.common:driverlib_release_0_58048)
                  20003443    00000001     (.common:macMgmt)
                  20003444    00000040     (.common:macSecurityPib)
                  20003484    0000003c     (.common:macBeaconCoord)
                  200034c0    00000038     (.common:FHNT_hnd)
                  200034f8    00000038     (.common:macDeviceAction1)
                  20003530    00000034                      : PINCC26XX.oem4f (.bss:pinSwi)
                  20003564    00000034     (.common:macBeaconDevice)
                  20003598    00000030     (.common:macMgmtAction1)
                  200035c8    0000002c     (.common:macCoord)
                  200035f4    0000002c     (.common:macDevice)
                  20003620    00000028     maclib_secure_cc13x2.a : mac_rx.obj (.bss:$O26$$)
                  20003648    00000028     mt_ext.obj (.bss:$O5$$)
                  20003670    00000020     drivers_cc13x2.a : PINCC26XX.oem4f (.bss:pinGpioConfigTable)
                  20003690    00000020     ti_drivers_config.obj (.bss:uartCC26XXRingBuffer0)
                  200036b0    00000020     (.common:macBeacon)
                  200036d0    0000001c     drivers_cc13x2.a : TRNGCC26XX.oem4f (.bss:TRNGCC26XX_hwi)
                  200036ec    0000001c                      : TRNGCC26XX.oem4f (.bss:entropyPool)
                  20003708    0000001c                      : PINCC26XX.oem4f (.bss:pinHwi)
                  20003724    0000001c     (.common:CryptoResourceCC26XX_hwi)
                  20003740    0000001c     (.common:macCoordAction2)
                  2000375c    0000001c     (.common:macReset)
                  20003778    00000018     (.common:aesccmCC26XXObjects)
                  20003790    00000018     (.common:macScanAction)
                  200037a8    00000014     rf_multiMode_cc13x2.aem4f : RFCC26X2_multiMode.c.cc13x2.ccs.o (.bss:RF_ratSyncCmd)
                  200037bc    00000014     drivers_cc13x2.a : Random.oem4f (.bss:state)
                  200037d0    00000014     (.common:macDeviceAction2)
                  200037e4    00000014     (.common:macMgmtAction2)
                  200037f8    00000010     (.common:macBeaconDeviceAction)
                  20003808    00000010     (.common:macCoordAction3)
                  20003818    00000010     (.common:macData)
                  20003828    00000010     (.common:macDataTxDelay)
                  20003838    0000000c                      : NVSCC26XX.oem4f (.bss)
                  20003844    0000000c     (.common:macMain)
                  20003850    00000008                      : TemperatureCC26X2.oem4f (.bss:notificationList)
                  20003858    00000008     (.common:FHNT_tempTable)
                  20003860    00000008     (.common:macBeaconCoordAction1)
                  20003868    00000008     (.common:macCoordAction1)
                  20003870    00000006     (.common:FHNT_Dbg)
                  20003876    00000001     (.common:macPanCoordinator)
                  20003877    00000001     (.common:macPhyChannel)
                  20003878    00000004                      : PINCC26XX.oem4f (.bss)
                  2000387c    00000004     (.common:AESCCM_handle)
                  20003880    00000004     (.common:FH_test_var)
                  20003884    00000004     (.common:PowerCC26XX_swiKey)
                  20003888    00000004     (.common:PowerCC26XX_taskKey)
                  2000388c    00000004     (.common:macCryptoDrvTblPtr)
                  20003890    00000004     (.common:macRxSymbol)
                  20003894    00000004     (.common:macTimerActive)
                  20003898    00000004     (.common:nvsCC26XXObjects)
                  2000389c    00000004     (.common:timerAlignedQ)
                  200038a0    00000004     (.common:timerUnalignedQ)
                  200038a4    00000001     (.common:macPwr)
                  200038a5    00000001     (.common:macRxActive)
                  200038a6    00000001     (.common:macRxEnableFlags)
                  200038a7    00000001     (.common:macRxOutgoingAckFlag)
                  200038a8    00000001     (.common:macSymbolTimerImpending)
                  200038a9    00000001     (.common:macTaskId)
                  200038aa    00000001     (.common:macTxActive)
                  200038ab    00000001     (.common:macUnitBackoffPeriod)
                  200038ac    00000001     (.common:rxFhRsl)

.vtable    0    200038ad    00000000     UNINITIALIZED

.vtable_ram 
*          0    200038ad    00000000     UNINITIALIZED

vtable_ram 
*          0    200038ad    00000000     UNINITIALIZED

.sysmem    0    200038ad    00000000     UNINITIALIZED

.nonretenvar 
*          0    200038ad    00000000     UNINITIALIZED

.stack     0    20013aa0    00000560     UNINITIALIZED
                  20013aa0    00000560     --HOLE--

.bootVecs 
*          0    00000000    00000008     DSECT
                  00000000    00000008     boot.aem4f : boot.oem4f (.bootVecs)

.resetVecs 
*          0    00000000    0000003c     
                  00000000    0000003c     app_cop_pem4f.oem4f (.resetVecs)

.vecs      0    20000000    000000d8     NOLOAD SECTION
                  20000000    000000d8     app_cop_pem4f.oem4f (.vecs)

xdc.meta   0    00000000    00000124     COPY SECTION
                  00000000    00000124     app_cop_pem4f.oem4f (xdc.meta)

xdc.noload 
*          0    00000000    00000000     COPY SECTION

.data:RAM_MAC_BASE_ADDR 
*          0    2000010c    00000010     UNINITIALIZED
                  2000010c    00000010     maclib_secure_cc13x2.a : rom_init_154.obj (.data:RAM_MAC_BASE_ADDR)

.text.1    0    00002170    00012ce4     
                  00002170    00000460     maclib_secure_cc13x2.a : mac_radio_tx.obj (.text:macRadioTxGoSubG$36)
                  000025d0    0000044c     macTask.obj (.text:macTaskFxn$16)
                  00002a1c    00000444     maclib_secure_cc13x2.a : mac_hl_patch.obj (.text:macWrapperAddDevice)
                  00002e60    00000434     nvocmp.obj (.text:NVOCMP_initNv$21)
                  00003294    00000354     maclib_secure_cc13x2.a : mac_rx.obj (.text:rxPayloadIsr$29)
                  000035e8    00000330     api_mac.obj (.text:processIncomingICallMsg$15)
                  00003918    00000310     maclib_secure_cc13x2.a : mac_radio_tx.obj (.text:macRadioCsmaTxCb)
                  00003c28    000002dc     npi_task.obj (.text:NPITask_Fxn)
                  00003f04    000002c0     nvocmp.obj (.text:NVOCMP_compactPage$21)
                  000041c4    000002c0     mcp.obj (.text:processMsg$3)
                  00004484    00000294     maclib_secure_cc13x2.a : mac_tx.obj (.text:macTxFrame)
                  00004718    00000280                            : mac_pwr.obj (.text:macPwrVote)
                  00004998    00000274     nvocmp.obj (.text:NVOCMP_compact$21)
                  00004c0c    0000025c     maclib_secure_cc13x2.a : mac_tx.obj (.text:txCsmaPrep$32)
                  00004e68    00000228     mt_sys.obj (.text:MtSys_commandProcessing)
                  00005090    00000220     main.obj (.text:taskFxn$2)
                  000052b0    0000021c     maclib_secure_cc13x2.a : mac.obj (.text:macSendReceiveCmdIeee)
                  000054cc    00000218                            : mac_radio.obj (.text:macRadioInitSubG)
                  000056e4    00000210     rf_multiMode_cc13x2.aem4f : RFCC26X2_multiMode.c.cc13x2.ccs.o (.text:RF_scheduleCmd)
                  000058f4    0000020c     maclib_secure_cc13x2.a : mac.obj (.text:macSendReceiveCmdSubG)
                  00005b00    00000208     nvocmp.obj (.text:NVOCMP_addItem$21)
                  00005d08    00000200     rf_multiMode_cc13x2.aem4f : RFCC26X2_multiMode.c.cc13x2.ccs.o (.text:RF_open)
                  00005f08    000001e0     maclib_secure_cc13x2.a : mac_hl_patch.obj (.text:macWrapperAddKeyInitFCtr)
                  000060e8    000001d4     rf_multiMode_cc13x2.aem4f : RFCC26X2_multiMode.c.cc13x2.ccs.o (.text:RF_dispatchNextCmd)
                  000062bc    000001cc     drivers_cc13x2.a : PINCC26XX.oem4f (.text:PIN_init)
                  00006488    000001b4     maclib_secure_cc13x2.a : mac_radio_tx.obj (.text:macRadioTxAck$36)
                  0000663c    000001ac                            : mac_hl_patch.obj (.text:macRxBeaconCritical)
                  000067e8    000001a4                            : mac_hl_patch.obj (.text:macWrapperDeleteKeyAndAssociatedDevices)
                  0000698c    0000019c                            : mac_hl_patch.obj (.text:macIncomingFrameSecurityMaterialRetrieval)
                  00006b28    00000198     drivers_cc13x2.a : PowerCC26X2.oem4f (.text:Power_sleep)
                  00006cc0    00000198     maclib_secure_cc13x2.a : mac_hl_patch.obj (.text:macWrapperDeleteDevice)
                  00006e58    00000190     drivers_cc13x2.a : PowerCC26X2_calibrateRCOSC.oem4f (.text:calibrateRcoscHf1)
                  00006fe8    0000018c     maclib_secure_cc13x2.a : mac_hl_patch.obj (.text:macIncomingFrameSecurity)
                  00007174    0000018c     drivers_cc13x2.a : PowerCC26X2_calibrateRCOSC.oem4f (.text:runCalibrateFsm)
                  00007300    00000188     maclib_secure_cc13x2.a : mac_radio_tx.obj (.text:macRadioTxGoIeee$36)
                  00007488    00000174     mt_util.obj (.text:MtUtil_commandProcessing)
                  000075fc    00000174     drivers_cc13x2.a : PowerCC26X2.oem4f (.text:Power_init)
                  00007770    0000016c     maclib_secure_cc13x2.a : mac_radio_tx.obj (.text:macRadioTxPrepCsmaUnslotted)
                  000078dc    00000164     drivers_cc13x2.a : UARTCC26XX.oem4f (.text:UARTCC26XX_open)
                  00007a40    00000164     maclib_secure_cc13x2.a : mac_hl_patch.obj (.text:macWrapperDeleteAllDevices)
                  00007ba4    00000164                            : mac_tx.obj (.text:txCsmaDelay)
                  00007d08    00000160     driverlib.lib : sys_ctrl.obj (.text:NOROM_SysCtrlStandby)
                  00007e68    00000154     mt.obj (.text:MT_sendResponse)
                  00007fbc    00000154     nvocmp.obj (.text:NVOCMP_findItem$21)
                  00008110    00000154     rf_multiMode_cc13x2.aem4f : RFCC26X2_multiMode.c.cc13x2.ccs.o (.text:RF_radioOpDoneCb)
                  00008264    00000154     drivers_cc13x2.a : UARTCC26XX.oem4f (.text:UARTCC26XX_hwiIntFxn)
                  000083b8    00000148     rf_multiMode_cc13x2.aem4f : RFCC26X2_multiMode.c.cc13x2.ccs.o (.text:RF_fsmSetupState)
                  00008500    00000148     maclib_secure_cc13x2.a : mac_radio_tx.obj (.text:macRadioLbtTxCb)
                  00008648    00000140     drivers_cc13x2.a : AESCCMCC26XX.oem4f (.text:AESCCM_startOperation)
                  00008788    00000140     rf_multiMode_cc13x2.aem4f : RFCC26X2_multiMode.c.cc13x2.ccs.o (.text:RF_close)
                  000088c8    0000013c                               : RFCC26X2_multiMode.c.cc13x2.ccs.o (.text:RF_ratSetupChannel)
                  00008a04    0000013a     drivers_cc13x2.a : UARTCC26XX.oem4f (.text:UARTCC26XX_read)
                  00008b3e    00000002     rf_multiMode_cc13x2.aem4f : rfc.c.cc13x2.ccs.o (.text:NOROM_RFCCpePatchReset)
                  00008b40    00000138     drivers_cc13x2.a : NVSCC26XX.oem4f (.text:NVSCC26XX_write)
                  00008c78    00000138     maclib_secure_cc13x2.a : mac_hl_patch.obj (.text:macBuildDataFrame)
                  00008db0    00000134     mt_mac.obj (.text:MtMac_BeaconNotifyInd)
                  00008ee4    00000134     rf_multiMode_cc13x2.aem4f : RFCC26X2_multiMode.c.cc13x2.ccs.o (.text:RF_abortCmd)
                  00009018    00000130     maclib_secure_cc13x2.a : mac_radio.obj (.text:macRadioInitIeee)
                  00009148    00000120     drivers_cc13x2.a : PowerCC26X2.oem4f (.text:configureXOSCHF)
                  00009268    00000120     ti_drivers_config.obj (.text:rfDriverCallbackAntennaSwitching)
                  00009388    00000118     maclib_secure_cc13x2.a : mac_low_level.obj (.text:macLowLevelBufferInit)
                  000094a0    00000118                            : mac.obj (.text:macSetupRATChanCompare)
                  000095b8    00000114     macTask.obj (.text:MAC_CbackEvent)
                  000096cc    00000112     rf_multiMode_cc13x2.aem4f : RFCC26X2_multiMode.c.cc13x2.ccs.o (.text:RF_decodeOverridePointers)
                  000097de    00000002                               : RFCC26X2_multiMode.c.cc13x2.ccs.o (.text:RF_defaultCallback)
                  000097e0    00000110                               : RFCC26X2_multiMode.c.cc13x2.ccs.o (.text:RF_initRadioSetup)
                  000098f0    00000110     maclib_secure_cc13x2.a : mac_hl_patch.obj (.text:macEdScanISR)
                  00009a00    00000110                            : mac_hl_patch.obj (.text:macScanNextChan)
                  00009b10    0000010c     mt_mac.obj (.text:macDataReq$6)
                  00009c1c    00000106     app_cop_pem4f.oem4f (.text:xdc_runtime_System_printfExtend__I)
                  00009d22    00000002     rtsv7M4_T_le_v4SPD16_eabi.lib : _lock.c.obj (.text:_nop)
                  00009d24    00000104     rf_multiMode_cc13x2.aem4f : RFCC26X2_multiMode.c.cc13x2.ccs.o (.text:RF_hwiCpe0Active)
                  00009e28    000000fc     maclib_secure_cc13x2.a : mac_hl_patch.obj (.text:macOutgoingFrameKeyDescRetrieval)
                  00009f24    000000f8     drivers_cc13x2.a : PINCC26XX.oem4f (.text:PINCC26XX_setIoCfg)
                  0000a01c    000000f0     rf_multiMode_cc13x2.aem4f : RFCC26X2_multiMode.c.cc13x2.ccs.o (.text:RF_fsmPowerUpState)
                  0000a10c    000000f0     maclib_secure_cc13x2.a : mac_hl_patch.obj (.text:macScanRxCoordRealign)
                  0000a1fc    000000ec     nvocmp.obj (.text:NVOCMP_cleanPage$21)
                  0000a2e8    000000e8     maclib_secure_cc13x2.a : mac.obj (.text:macSetupReceiveCmd)
                  0000a3d0    000000e4                            : mac_hl_patch.obj (.text:macOutgoingFrameSecurity)
                  0000a4b4    000000e4                            : mac_tx.obj (.text:macTxChannelBusyCallback)
                  0000a598    000000e4                            : mac_rx.obj (.text:rxPostRxUpdates$29)
                  0000a67c    000000e0     drivers_cc13x2.a : UARTCC26XX.oem4f (.text:UARTCC26XX_write)
                  0000a75c    000000e0     mt_mac.obj (.text:macStartReq$6)
                  0000a83c    000000dc     maclib_secure_cc13x2.a : mac_hl_patch.obj (.text:macBuildHeaderIes)
                  0000a918    000000d8     rf_multiMode_cc13x2.aem4f : RFCC26X2_multiMode.c.cc13x2.ccs.o (.text:RF_control)
                  0000a9f0    000000d8                               : RFCC26X2_multiMode.c.cc13x2.ccs.o (.text:RF_pendCmd)
                  0000aac8    000000d8     driverlib.lib : setup.obj (.text:TrimAfterColdResetWakeupFromShutDown$55)
                  0000aba0    000000d8     maclib_secure_cc13x2.a : mac_hl_patch.obj (.text:macCcmStarTransform)
                  0000ac78    000000d2     mt_mac.obj (.text:MtMac_ScanCnf)
                  0000ad4a    000000d2     rf_multiMode_cc13x2.aem4f : RFCC26X2_multiMode.c.cc13x2.ccs.o (.text:RF_updatePaConfiguration)
                  0000ae1c    000000d0                               : RFCC26X2_multiMode.c.cc13x2.ccs.o (.text:RF_swiHw)
                  0000aeec    000000cc     maclib_secure_cc13x2.a : mac_timer.obj (.text:macSymbolTimerTriggerCallback)
                  0000afb8    000000ca     mt_mac.obj (.text:dataInd$6)
                  0000b082    00000002     main.obj (.text:assertHandler)
                  0000b084    000000c8     dpl_cc13x2.a : PowerCC26X2_tirtos.oem4f (.text:PowerCC26XX_standbyPolicy)
                  0000b14c    000000c4     maclib_secure_cc13x2.a : mac_hl_patch.obj (.text:macApiStartReq)
                  0000b210    000000c0     nvocmp.obj (.text:NVOCMP_erase$21)
                  0000b2d0    000000c0     drivers_cc13x2.a : PowerCC26X2.oem4f (.text:Power_releaseDependency)
                  0000b390    000000c0                      : UARTCC26XX.oem4f (.text:UARTCC26XX_initIO)
                  0000b450    000000c0     maclib_secure_cc13x2.a : mac_hl_patch.obj (.text:macMgmtReset)
                  0000b510    000000bc                            : mac_hl_patch.obj (.text:macAutoPoll)
                  0000b5cc    000000bc                            : mac.obj (.text:macGetRFCmdDuration)
                  0000b688    000000b8     drivers_cc13x2.a : PowerCC26X2.oem4f (.text:Power_setDependency)
                  0000b740    000000b8                      : UARTCC26XX.oem4f (.text:UARTCC26XX_initHw)
                  0000b7f8    000000b6     mt_mac.obj (.text:macScanReq$6)
                  0000b8ae    00000002     drivers_cc13x2.a : PowerCC26X2.oem4f (.text:emptyClockFunc)
                  0000b8b0    000000b4     maclib_secure_cc13x2.a : mac_pwr.obj (.text:MAC_PwrOffReq)
                  0000b964    000000b4     drivers_cc13x2.a : TRNGCC26XX.oem4f (.text:TRNG_generateEntropy)
                  0000ba18    000000b0     maclib_secure_cc13x2.a : mac_autopend.obj (.text:MAC_SrcMatchAddEntry)
                  0000bac8    000000b0                            : mac.obj (.text:macStopCmd)
                  0000bb78    000000ac     nvocmp.obj (.text:NVOCMP_readContItemApi$21)
                  0000bc24    000000ac     drivers_cc13x2.a : PINCC26XX.oem4f (.text:PIN_open)
                  0000bcd0    000000ac     maclib_secure_cc13x2.a : mac_hl_patch.obj (.text:macApiBeaconStartReq)
                  0000bd7c    000000ac                            : mac_hl_patch.obj (.text:macBeaconCheckTxTime)
                  0000be28    000000ac     macTask.obj (.text:macTaskInit)
                  0000bed4    000000ac     api_mac.obj (.text:processBeaconNotifyInd$15)
                  0000bf80    000000a8     driverlib.lib : setup.obj (.text:NOROM_SetupTrimDevice)
                  0000c028    000000a8     nvocmp.obj (.text:NVOCMP_initNvApi$21)
                  0000c0d0    000000a8     maclib_secure_cc13x2.a : mac_radio_tx.obj (.text:macRadioTxAckCb$36)
                  0000c178    000000a8                            : mac_hl_patch.obj (.text:macTrackTimeoutCallback)
                  0000c220    000000a4     rf_multiMode_cc13x2.aem4f : RFCC26X2_multiMode.c.cc13x2.ccs.o (.text:RF_ratRestartChannels)
                  0000c2c4    000000a4     maclib_secure_cc13x2.a : mac_hl_patch.obj (.text:macCcmStarInverseTransform)
                  0000c368    000000a4                            : mac_radio_tx.obj (.text:macRadioTxPrepLbt)
                  0000c40c    000000a4                            : mac_radio.obj (.text:macRadioUpdateTxPower)
                  0000c4b0    000000a0     rf_multiMode_cc13x2.aem4f : RFCC26X2_multiMode.c.cc13x2.ccs.o (.text:RF_requestAccess)
                  0000c550    000000a0     auto_init.aem4f : auto_init.oem4f (.text)
                  0000c5f0    000000a0     maclib_secure_cc13x2.a : mac_hl_patch.obj (.text:macBlacklistChecking)
                  0000c690    000000a0     rom_sysbios.aem4f : rom_sysbios.obj (.text:ti_sysbios_knl_Task_setPri__E)
                  0000c730    0000009c     nvocmp.obj (.text:NVOCMP_readHeader$21)
                  0000c7cc    0000009c     maclib_secure_cc13x2.a : mac_radio.obj (.text:macRadioStartScan)
                  0000c868    0000009c                            : mac_timer.obj (.text:macTimerRealign)
                  0000c904    0000009c     rtsv7M4_T_le_v4SPD16_eabi.lib : memcpy_t2.asm.obj (.text)
                  0000c9a0    0000009c     mt_ext.obj (.text:sendFragment$5)
                  0000ca3c    0000009c     maclib_secure_cc13x2.a : mac_tx.obj (.text:txComplete)
                  0000cad8    00000098     npi_tl_uart.obj (.text:NPITLUART_initializeTransport)
                  0000cb70    00000098     nvocmp.obj (.text:NVOCMP_updateItemApi$21)
                  0000cc08    00000098     rf_multiMode_cc13x2.aem4f : RFCC26X2_multiMode.c.cc13x2.ccs.o (.text:RF_calculateDispatchTime)
                  0000cca0    00000098     drivers_cc13x2.a : UARTCC26XX.oem4f (.text:writeTxFifoFlush)
                  0000cd38    00000096     mt_mac.obj (.text:macAddDeviceReq$6)
                  0000cdce    00000096     rtsv7M4_T_le_v4SPD16_eabi.lib : ull_div_t2.asm.obj (.text)
                  0000ce64    00000094     nvocmp.obj (.text:NVOCMP_getDstPage$21)
                  0000cef8    00000094     rf_multiMode_cc13x2.aem4f : RFCC26X2_multiMode.c.cc13x2.ccs.o (.text:RF_getInfo)
                  0000cf8c    00000094     drivers_cc13x2.a : TRNGCC26XX.oem4f (.text:TRNGCC26XX_hwiFxn)
                  0000d020    00000094     board_led.obj (.text:board_led_blinkTimeoutCB$9)
                  0000d0b4    00000094     maclib_secure_cc13x2.a : mac_hl_patch.obj (.text:macIncomingSecurityLevelChecking)
                  0000d148    00000094                            : mac_radio.obj (.text:macRadioUpdateChannel)
                  0000d1dc    00000094                            : mac_radio.obj (.text:macRadioUpdateChannelRx)
                  0000d270    00000094                            : mac.obj (.text:macRatCb_A)
                  0000d304    00000094                            : mac.obj (.text:macSetupFsCmd)
                  0000d398    00000092     drivers_cc13x2.a : UARTCC26XX.oem4f (.text:UARTCC26XX_writeCancel)
                  0000d42a    00000002                      : CryptoResourceCC26XX.oem4f (.text:errorSpin)
                  0000d42c    00000090     CC1352P_4_LAUNCHXL_fxns.obj (.text:CC1352P_4_LAUNCHXL_shutDownExtFlash)
                  0000d4bc    00000090     maclib_secure_cc13x2.a : mac_hl_patch.obj (.text:MAC_ResumeReq)
                  0000d54c    00000090     rf_multiMode_cc13x2.aem4f : RFCC26X2_multiMode.c.cc13x2.ccs.o (.text:RF_discardPendCmd)
                  0000d5dc    00000090     maclib_secure_cc13x2.a : mac_hl_patch.obj (.text:macCcmDecrypt)
                  0000d66c    00000090                            : mac_hl_patch.obj (.text:macTrackStartCallback)
                  0000d6fc    00000090     mt_mac.obj (.text:sendCRSP$6)
                  0000d78c    0000008c     npi_task.obj (.text:NPITask_inititializeTask$12)
                  0000d818    0000008c     maclib_osal_tirtos_cc13x2_26x2.a : osal_port.obj (.text:OsalPort_heapMalloc$49)
                  0000d8a4    0000008c                                      : osal_port.obj (.text:OsalPort_setTimer)
                  0000d930    0000008c     api_mac.obj (.text:copyDataInd$15)
                  0000d9bc    0000008c     maclib_secure_cc13x2.a : mac_hl_patch.obj (.text:macCcmEncrypt)
                  0000da48    0000008c                            : mac_radio_tx.obj (.text:macRadioTxEnhAckCb)
                  0000dad4    0000008c     rom_sysbios.aem4f : rom_sysbios.obj (.text:ti_sysbios_gates_GateMutexPri_enter__E)
                  0000db60    00000088     maclib_secure_cc13x2.a : mac_autopend.obj (.text:MAC_SrcMatchEnable)
                  0000dbe8    00000088     driverlib.lib : osc.obj (.text:NOROM_OSCHF_AttemptToSwitchToXosc)
                  0000dc70    00000088     nvocmp.obj (.text:NVOCMP_deleteItemApi$21)
                  0000dcf8    00000088     rf_multiMode_cc13x2.aem4f : RFCC26X2_multiMode.c.cc13x2.ccs.o (.text:RF_cmdDispatchTime)
                  0000dd80    00000088                               : RFCC26X2_multiMode.c.cc13x2.ccs.o (.text:RF_getTxPower)
                  0000de08    00000088     drivers_cc13x2.a : PowerCC26X2_calibrateRCOSC.oem4f (.text:calibrateRcoscHf2)
                  0000de90    00000088                      : PowerCC26X2.oem4f (.text:disableLFClockQualifiers)
                  0000df18    00000088     maclib_secure_cc13x2.a : mac_hl_patch.obj (.text:macKeyDescriptorLookup)
                  0000dfa0    00000088                            : mac_mcu.obj (.text:macMcuOverflowSetPeriod)
                  0000e028    00000088                            : mac_symbol_timer.obj (.text:macSymbolTimerInit)
                  0000e0b0    00000088     drivers_cc13x2.a : PowerCC26X2_calibrateRCOSC.oem4f (.text:updateSubSecInc)
                  0000e138    00000084     npi_tl.obj (.text:NPITL_writeTL)
                  0000e1bc    00000084     nvocmp.obj (.text:NVOCMP_createItemApi$21)
                  0000e240    00000084     rf_multiMode_cc13x2.aem4f : RFCC26X2_multiMode.c.cc13x2.ccs.o (.text:RF_issueRadioFreeCb)
                  0000e2c4    00000084                               : RFCC26X2_multiMode.c.cc13x2.ccs.o (.text:RF_verifyGap)
                  0000e348    00000084     drivers_cc13x2.a : UARTCC26XX.oem4f (.text:UARTCC26XX_close)
                  0000e3cc    00000084     maclib_secure_cc13x2.a : mac_rx_onoff.obj (.text:macRxOffRequest)
                  0000e450    00000084                            : mac_timer.obj (.text:macTimerUpdateSymbolTimer)
                  0000e4d4    00000080     api_mac.obj (.text:ApiMac_init)
                  0000e554    00000080     npi_tl_uart.obj (.text:NPITLUART_readCallBack$14)
                  0000e5d4    00000080     drivers_cc13x2.a : NVSCC26XX.oem4f (.text:NVSCC26XX_open)
                  0000e654    00000080     maclib_secure_cc13x2.a : mac_mcu.obj (.text:macMcuOverflowSetCompare)
                  0000e6d4    00000080                            : mac_radio.obj (.text:macRadioWakeupCb)
                  0000e754    00000080                            : mac_autopend.obj (.text:macSrcMatchCheckSrcAddr$25)
                  0000e7d4    00000080                            : mac_radio.obj (.text:scheduleNopWakeupCmd)
                  0000e854    00000080     rom_sysbios.aem4f : rom_sysbios.obj (.text:ti_sysbios_family_arm_cc26xx_Timer_start__E)
                  0000e8d4    00000080     maclib_secure_cc13x2.a : mac_tx.obj (.text:txGo$32)
                  0000e954    0000007c     nvocmp.obj (.text:NVOCMP_readItemApi$21)
                  0000e9d0    0000007c     rf_multiMode_cc13x2.aem4f : RFCC26X2_multiMode.c.cc13x2.ccs.o (.text:RF_ratFreeChannel)
                  0000ea4c    0000007c     maclib_secure_cc13x2.a : mac_rx_onoff.obj (.text:macRxOn)
                  0000eac8    0000007c     maclib_osal_tirtos_cc13x2_26x2.a : osal_port.obj (.text:osalHeapInitFxn)
                  0000eb44    0000007a     rtsv7M4_T_le_v4SPD16_eabi.lib : memset_t2.asm.obj (.text)
                  0000ebbe    00000002     maclib_secure_cc13x2.a : mac_pwr.obj (.text:macApiPwrOnReq)
                  0000ebc0    00000078     board_led.obj (.text:Board_Led_control)
                  0000ec38    00000078     nvocmp.obj (.text:NVOCMP_checkItem$21)
                  0000ecb0    00000078     maclib_secure_cc13x2.a : mac_timer.obj (.text:macTimerSetRollover)
                  0000ed28    00000074     npi_task.obj (.text:NPITask_transportRXCallBack$12)
                  0000ed9c    00000074     nvocmp.obj (.text:NVOCMP_writeItemApi$21)
                  0000ee10    00000074     drivers_cc13x2.a : PowerCC26X2_calibrateRCOSC.oem4f (.text:PowerCC26X2_auxISR)
                  0000ee84    00000074     rf_multiMode_cc13x2.aem4f : RFCC26X2_multiMode.c.cc13x2.ccs.o (.text:RF_yield)
                  0000eef8    00000074     drivers_cc13x2.a : TRNGCC26XX.oem4f (.text:TRNG_construct)
                  0000ef6c    00000074     rom_sysbios.aem4f : rom_sysbios.obj (.text:ti_sysbios_gates_GateMutexPri_leave__E)
                  0000efe0    00000072     rf_multiMode_cc13x2.aem4f : RFCC26X2_multiMode.c.cc13x2.ccs.o (.text:RF_detachOverrides)
                  0000f052    00000002     maclib_secure_cc13x2.a : mac_mcu.obj (.text:macMcuBitReverse)
                  0000f054    00000070     drivers_cc13x2.a : AESCCMCC26XX.oem4f (.text:AESCCM_cleanup)
                  0000f0c4    00000070     rf_multiMode_cc13x2.aem4f : rfc.c.cc13x2.ccs.o (.text:NOROM_RFCAnaDivTxOverride)
                  0000f134    00000070     nvocmp.obj (.text:NVOCMP_eraseNvApi$21)
                  0000f1a4    00000070     rf_multiMode_cc13x2.aem4f : RFCC26X2_multiMode.c.cc13x2.ccs.o (.text:RF_ratDisableChannel)
                  0000f214    00000070     drivers_cc13x2.a : Random.oem4f (.text:Random_seedAutomatic)
                  0000f284    0000006e     rf_multiMode_cc13x2.aem4f : RFCC26X2_multiMode.c.cc13x2.ccs.o (.text:RF_attachOverrides)
                  0000f2f2    0000006e                               : RFCC26X2_multiMode.c.cc13x2.ccs.o (.text:RF_howToSchedule)
                  0000f360    0000006e     mt_mac.obj (.text:macAssociateReq$6)
                  0000f3ce    0000006e     mt_mac.obj (.text:macWriteKeyReq$6)
                  0000f43c    0000006e     rtsv7M4_T_le_v4SPD16_eabi.lib : ll_div_t2.asm.obj (.text)
                  0000f4aa    00000002     maclib_secure_cc13x2.a : mac_radio.obj (.text:macRadioSetRE)
                  0000f4ac    0000006d     rom_sysbios.aem4f : rom_sysbios.obj (.text:xdc_runtime_System_formatNum__I)
                  0000f519    00000001     --HOLE-- [fill = 0]
                  0000f51a    00000002     ti_drivers_config.obj (.text:rfDriverCallback)
                  0000f51c    0000006c     driverlib.lib : chipinfo.obj (.text:NOROM_ChipInfo_GetChipType)
                  0000f588    0000006c     rf_multiMode_cc13x2.aem4f : RFCC26X2_multiMode.c.cc13x2.ccs.o (.text:RF_getCurrentTime)
                  0000f5f4    0000006c     maclib_secure_cc13x2.a : mac_radio_tx.obj (.text:macRadioTxBackoffBoundary)
                  0000f660    0000006c                            : mac_hl_patch.obj (.text:macTrackPeriodCallback)
                  0000f6cc    0000006c                            : mac_tx.obj (.text:macTxDoneCallback)
                  0000f738    00000068     driverlib.lib : osc.obj (.text:NOROM_OSCHF_SwitchToRcOscTurnOffXosc)
                  0000f7a0    00000068     nvocmp.obj (.text:NVOCMP_getFreeNvApi$21)
                  0000f808    00000068     maclib_osal_tirtos_cc13x2_26x2.a : osal_port.obj (.text:OsalPort_registerTask)
                  0000f870    00000068     rf_multiMode_cc13x2.aem4f : RFCC26X2_multiMode.c.cc13x2.ccs.o (.text:RF_hwiHw)
                  0000f8d8    00000068     rtsv7M4_T_le_v4SPD16_eabi.lib : copy_decompress_lzss.c.obj (.text:decompress:lzss:__TI_decompress_lzss)
                  0000f940    00000068     maclib_secure_cc13x2.a : mac_rx.obj (.text:macRxHaltCleanup)
                  0000f9a8    00000064     drivers_cc13x2.a : AESCCMCC26XX.oem4f (.text:AESCCM_waitForResult)
                  0000fa0c    00000064     nvocmp.obj (.text:NVOCMP_findSignature$21)
                  0000fa70    00000064     maclib_osal_tirtos_cc13x2_26x2.a : osal_port.obj (.text:OsalPort_clearEvent)
                  0000fad4    00000064                                      : osal_port.obj (.text:OsalPort_pwrmgrTaskState)
                  0000fb38    00000064     rf_multiMode_cc13x2.aem4f : RFCC26X2_multiMode.c.cc13x2.ccs.o (.text:RF_dispatchNextEvent)
                  0000fb9c    00000064     drivers_cc13x2.a : UARTCC26XX.oem4f (.text:UARTCC26XX_control)
                  0000fc00    00000064     maclib_secure_cc13x2.a : mac.obj (.text:macRequestBackoff)
                  0000fc64    00000064                            : mac_timer.obj (.text:macSymbolTimerRolloverCallback)
                  0000fcc8    00000064                            : mac_timer.obj (.text:macTimerAddTimer)
                  0000fd2c    00000062     ti_drivers_config.obj (.text:Board_sendExtFlashByte)
                  0000fd8e    00000062     rf_multiMode_cc13x2.aem4f : RFCC26X2_multiMode.c.cc13x2.ccs.o (.text:RF_syncCb)
                  0000fdf0    00000062     drivers_cc13x2.a : UARTCC26XX.oem4f (.text:UARTCC26XX_swiIntFxn)
                  0000fe52    00000002     rtsv7M4_T_le_v4SPD16_eabi.lib : div0.asm.obj (.text)
                  0000fe54    00000060     drivers_cc13x2.a : AESCCMCC26XX.oem4f (.text:AESCCM_hwiFxn)
                  0000feb4    00000060                      : CryptoResourceCC26XX.oem4f (.text:CryptoResourceCC26XX_constructRTOSObjects)
                  0000ff14    00000060     rf_multiMode_cc13x2.aem4f : RFCC26X2_multiMode.c.cc13x2.ccs.o (.text:RF_applyRfCorePatch)
                  0000ff74    00000060     drivers_cc13x2.a : TRNGCC26XX.oem4f (.text:TRNGCC26XX_startTrng)
                  0000ffd4    00000060     maclib_secure_cc13x2.a : mac_radio.obj (.text:macGetRadioTxPowerReg)
                  00010034    00000060                            : mac_timer.obj (.text:macTimerCancel)
                  00010094    00000060                            : mac_timer.obj (.text:macTimerGetNextTimer)
                  000100f4    0000005e     api_mac.obj (.text:convertTxOptions)
                  00010152    0000005c     npi_frame_mt.obj (.text:NPIFrame_frameMsg)
                  000101ae    00000002     app_cop_pem4f.oem4f (.text:ti_sysbios_BIOS_nullFunc__I)
                  000101b0    0000005c     nvocmp.obj (.text:NVOCMP_readItem$21)
                  0001020c    0000005c     maclib_osal_tirtos_cc13x2_26x2.a : osal_port.obj (.text:OsalPort_msgReceive)
                  00010268    0000005c                                      : osal_port.obj (.text:OsalPort_setEvent)
                  000102c4    0000005c     drivers_cc13x2.a : PINCC26XX.oem4f (.text:PIN_remove)
                  00010320    0000005c                      : NVSCC26XX.oem4f (.text:doErase)
                  0001037c    0000005c     mt_mac.obj (.text:macDisassociateReq$6)
                  000103d8    0000005c     maclib_secure_cc13x2.a : mac_hl_patch.obj (.text:macSetDefaultsByPatch)
                  00010434    0000005c     drivers_cc13x2.a : UARTCC26XX.oem4f (.text:startTxFifoEmptyClk)
                  00010490    0000005c     app_cop_pem4f.oem4f (.text:xdc_runtime_Startup_getState__I)
                  000104ec    00000058     npi_task.obj (.text:NPITask_incomingFrameCB$12)
                  00010544    00000058     drivers_cc13x2.a : PowerCC26X2_calibrateRCOSC.oem4f (.text:PowerCC26X2_initiateCalibration)
                  0001059c    00000058     rf_multiMode_cc13x2.aem4f : RFCC26X2_multiMode.c.cc13x2.ccs.o (.text:RF_TxPowerTable_findValue)
                  000105f4    00000058                               : RFCC26X2_multiMode.c.cc13x2.ccs.o (.text:RF_hwiCpe0PowerFsm)
                  0001064c    00000058     drivers_cc13x2.a : TRNGCC26XX.oem4f (.text:TRNG_init)
                  000106a4    00000058     boot.aem4f : boot.oem4f (.text)
                  000106fc    00000058     maclib_secure_cc13x2.a : mac_radio_tx.obj (.text:macRadioTxRequestTxAck)
                  00010754    00000058     main.obj (.text:main)
                  000107ac    00000056     rf_multiMode_cc13x2.aem4f : RFCC26X2_multiMode.c.cc13x2.ccs.o (.text:RF_defaultSubmitPolicy)
                  00010802    00000002     rom_sysbios.aem4f : rom_sysbios.obj (.text:ti_sysbios_heaps_HeapCallback_defaultDelete)
                  00010804    00000054     drivers_cc13x2.a : AESCCMCC26XX.oem4f (.text:AESCCM_construct)
                  00010858    00000054     driverlib.lib : prcm.obj (.text:NOROM_PRCMPowerDomainsAllOff)
                  000108ac    00000054     npi_task.obj (.text:NPITask_createTask)
                  00010900    00000054     nvocmp.obj (.text:NVOCMP_doNVCRC$21)
                  00010954    00000054     drivers_cc13x2.a : NVSCC26XX.oem4f (.text:NVSCC26XX_init)
                  000109a8    00000054     rf_multiMode_cc13x2.aem4f : RFCC26X2_multiMode.c.cc13x2.ccs.o (.text:RF_fsmXOSCState)
                  000109fc    00000054     drivers_cc13x2.a : StructRingBuf.oem4f (.text:StructRingBuf_put)
                  00010a50    00000054     dpl_cc13x2.a : SwiP_tirtos.oem4f (.text:SwiP_construct)
                  00010aa4    00000054     mt_ext.obj (.text:abortFragMsg$5)
                  00010af8    00000054     maclib_secure_cc13x2.a : mac_hl_patch.obj (.text:macIncomingKeyUsagePolicyChecking)
                  00010b4c    00000054                            : mac_radio.obj (.text:macRadioSetChannel)
                  00010ba0    00000054                            : mac_radio.obj (.text:macRadioSetChannelRx)
                  00010bf4    00000054                            : mac_tx.obj (.text:macTxAckReceivedCallback)
                  00010c48    00000054     api_mac.obj (.text:processScanCnf$15)
                  00010c9c    00000050     nvocmp.obj (.text:NVOCMP_compactNvApi$21)
                  00010cec    00000050     drivers_cc13x2.a : TRNGCC26XX.oem4f (.text:TRNGCC26XX_waitForResult)
                  00010d3c    00000050                      : TemperatureCC26X2.oem4f (.text:degreesToCode)
                  00010d8c    00000050     maclib_secure_cc13x2.a : mac_sleep.obj (.text:macCanSleep)
                  00010ddc    00000050                            : mac_radio.obj (.text:macRadioSetPanCoordinator)
                  00010e2c    00000050                            : mac_rx_onoff.obj (.text:macRxDisable)
                  00010e7c    00000050                            : mac_timer.obj (.text:macTimerStart)
                  00010ecc    0000004e     mt_mac.obj (.text:macOrphanRsp$6)
                  00010f1a    00000002     rom_sysbios.aem4f : rom_sysbios.obj (.text:xdc_runtime_SysCallback_defaultAbort)
                  00010f1c    0000004c     ti_drivers_config.obj (.text:Board_wakeUpExtFlash)
                  00010f68    0000004c     mt_mac.obj (.text:MtMac_DataCnf)
                  00010fb4    0000004c     driverlib.lib : prcm.obj (.text:NOROM_PRCMPowerDomainsAllOn)
                  00011000    0000004c     nvocmp.obj (.text:NVOCMP_setItemInactive$21)
                  0001104c    0000004c     maclib_osal_tirtos_cc13x2_26x2.a : osal_port.obj (.text:OsalPort_msgSend)
                  00011098    0000004c     rf_multiMode_cc13x2.aem4f : RFCC26X2_multiMode.c.cc13x2.ccs.o (.text:RF_wakeupNotification)
                  000110e4    0000004c     drivers_cc13x2.a : StructRingBuf.oem4f (.text:StructRingBuf_get)
                  00011130    0000004c                      : UARTCC26XX.oem4f (.text:UARTCC26XX_readCancel)
                  0001117c    0000004c     rtsv7M4_T_le_v4SPD16_eabi.lib : cpy_tbl.c.obj (.text:copy_in)
                  000111c8    0000004c     mt_util.obj (.text:loopTimerCB$8)
                  00011214    0000004c     mt_mac.obj (.text:macGetFhReq$6)
                  00011260    0000004c     maclib_secure_cc13x2.a : mac_radio_tx.obj (.text:macRadioTxHandleAck)
                  000112ac    0000004c                            : mac.obj (.text:macSendFsCmd)
                  000112f8    0000004c     maclib_osal_tirtos_cc13x2_26x2.a : osal_port.obj (.text:osalHeapGetStatsFxn)
                  00011344    0000004a     mt_mac.obj (.text:macAsyncReq$6)
                  0001138e    00000002     rom_sysbios.aem4f : rom_sysbios.obj (.text:xdc_runtime_SysCallback_defaultExit)
                  00011390    00000048     CC1352P_4_LAUNCHXL_fxns.obj (.text:CC1352P_4_LAUNCHXL_wakeUpExtFlash)
                  000113d8    00000048     rf_multiMode_cc13x2.aem4f : rfc.c.cc13x2.ccs.o (.text:NOROM_RFCSynthPowerDown)
                  00011420    00000048     nvocmp.obj (.text:NVOCMP_write$21)
                  00011468    00000048     drivers_cc13x2.a : NVS.oem4f (.text:NVS_open)
                  000114b0    00000048                      : PINCC26XX.oem4f (.text:PIN_setOutputEnable)
                  000114f8    00000048                      : PowerCC26X2_calibrateRCOSC.oem4f (.text:PowerCC26X2_RCOSC_clockFunc)
                  00011540    00000048                      : PowerCC26X2.oem4f (.text:PowerCC26XX_switchXOSC_HF)
                  00011588    00000048     maclib_osal_tirtos_cc13x2_26x2.a : util_timer.obj (.text:UtilTimer_construct)
                  000115d0    00000048     drivers_cc13x2.a : NVSCC26XX.oem4f (.text:disableFlashCache)
                  00011618    00000048     mt_mac.obj (.text:macAssociateRsp$6)
                  00011660    00000048     mt_mac.obj (.text:macPollReq$6)
                  000116a8    00000048     maclib_secure_cc13x2.a : mac_radio.obj (.text:macRadioNeedAdjustPower)
                  000116f0    00000048                            : mac_radio.obj (.text:macRadioStopScan)
                  00011738    00000048                            : mac_timer.obj (.text:macTimerUpdActive)
                  00011780    00000048     drivers_cc13x2.a : PowerCC26X2.oem4f (.text:switchXOSCHF)
                  000117c8    00000048                      : UARTCC26XX.oem4f (.text:writeFinishedDoCallback)
                  00011810    00000046                      : RingBuf.oem4f (.text:RingBuf_put)
                  00011856    00000046     maclib_secure_cc13x2.a : mac_hl_patch.obj (.text:macDeviceDescriptorLookup)
                  0001189c    00000044                            : mac_timer.obj (.text:MAC_PwrNextTimeout)
                  000118e0    00000044     driverlib.lib : chipinfo.obj (.text:NOROM_ChipInfo_GetHwRevision)
                  00011924    00000044     drivers_cc13x2.a : NVSCC26XX.oem4f (.text:NVSCC26XX_read)
                  00011968    00000044                      : PINCC26XX.oem4f (.text:PIN_swi)
                  000119ac    00000044                      : UART.oem4f (.text:UART_init)
                  000119f0    00000044     maclib_secure_cc13x2.a : mac_tx.obj (.text:macTxTimestampCallback)
                  00011a34    00000044     mcp.obj (.text:relayRxMsg$3)
                  00011a78    00000042     mt_mac.obj (.text:MtMac_CommStatusInd)
                  00011aba    00000042     api_mac.obj (.text:copyMacPanDescToApiMacPanDesc$15)
                  00011afc    00000040     dpl_cc13x2.a : ClockP_tirtos.oem4f (.text:ClockP_construct)
                  00011b3c    00000040                  : ClockP_tirtos.oem4f (.text:ClockP_create)
                  00011b7c    00000040     driverlib.lib : osc.obj (.text:NOROM_OSC_HPOSCRelativeFrequencyOffsetGet)
                  00011bbc    00000040     maclib_osal_tirtos_cc13x2_26x2.a : osal_port.obj (.text:OsalPort_heapFree$49)
                  00011bfc    00000040     drivers_cc13x2.a : PowerCC26X2.oem4f (.text:PowerCC26XX_isStableXOSC_HF)
                  00011c3c    00000040                      : Random.oem4f (.text:Random_getNumber)
                  00011c7c    00000040                      : RingBuf.oem4f (.text:RingBuf_get)
                  00011cbc    00000040                      : TRNGCC26XX.oem4f (.text:TRNGCC26XX_copyToClient)
                  00011cfc    00000040                      : UART.oem4f (.text:UART_open)
                  00011d3c    00000040     rf_multiMode_cc13x2.aem4f : rf_patch_cpe_prop.c.cc13x2.ccs.o (.text:configurePropPatch)
                  00011d7c    00000040     maclib_secure_cc13x2.a : mac_low_level.obj (.text:macLowLevelYield)
                  00011dbc    00000040                            : mac.obj (.text:macRatCb_B)
                  00011dfc    00000040                            : mac_rx.obj (.text:macRxNokIsr)
                  00011e3c    00000040                            : mac_autopend.obj (.text:macSrcMatchSetEnableBit$25)
                  00011e7c    00000040                            : mac_symbol_timer.obj (.text:macSymbolTimerSetTrigger)
                  00011ebc    00000040                            : mac_tx.obj (.text:macTxUpdateIE)
                  00011efc    00000040     rtsv7M4_T_le_v4SPD16_eabi.lib : u_divt2.asm.obj (.text)
                  00011f3c    00000040     drivers_cc13x2.a : TemperatureCC26X2.oem4f (.text:setNextThresholds)
                  00011f7c    00000040     rom_sysbios.aem4f : rom_sysbios.obj (.text:ti_sysbios_family_arm_cc26xx_Timer_setThreshold__I)
                  00011fbc    00000040                       : rom_sysbios.obj (.text:ti_sysbios_heaps_HeapCallback_Module_startup__E)
                  00011ffc    0000003e     dpl_cc13x2.a : HwiP_tirtos.oem4f (.text:HwiP_construct)
                  0001203a    0000003e     mt_mac.obj (.text:MtMac_SyncLossInd)
                  00012078    0000003e     maclib_osal_tirtos_cc13x2_26x2.a : osal_port.obj (.text:OsalPort_msgEnqueueMax)
                  000120b6    00000002     rom_sysbios.aem4f : rom_sysbios.obj (.text:xdc_runtime_SysCallback_defaultFlush)
                  000120b8    0000003c     maclib_secure_cc13x2.a : mac_pwr.obj (.text:MAC_PwrOnReq)
                  000120f4    0000003c     mt_sys.obj (.text:MtSys_resetReq)
                  00012130    0000003c     npi_tl.obj (.text:NPITL_transmissionCallBack$13)
                  0001216c    0000003c     nvocmp.obj (.text:NVOCMP_disableCache$21)
                  000121a8    0000003c     drivers_cc13x2.a : PINCC26XX.oem4f (.text:PIN_setOutputValue)
                  000121e4    0000003c     rf_multiMode_cc13x2.aem4f : RFCC26X2_multiMode.c.cc13x2.ccs.o (.text:RF_cmdGet)
                  00012220    0000003c                               : RFCC26X2_multiMode.c.cc13x2.ccs.o (.text:RF_cmdStoreEvents)
                  0001225c    0000003c     drivers_cc13x2.a : NVSCC26XX.oem4f (.text:checkEraseRange)
                  00012298    0000003c     maclib_secure_cc13x2.a : mac_timer.obj (.text:macTimerRecalcUnaligned)
                  000122d4    0000003c                            : mac_tx.obj (.text:macTxDecrypt)
                  00012310    0000003c     rom_sysbios.aem4f : rom_sysbios.obj (.text:ti_sysbios_family_arm_m3_Hwi_construct2__E)
                  0001234c    0000003a     maclib_osal_tirtos_cc13x2_26x2.a : mac_util.obj (.text:Util_bufferUint32)
                  00012386    00000038     api_mac.obj (.text:ApiMac_buildMsgCapInfo)
                  000123be    00000002     rom_sysbios.aem4f : rom_sysbios.obj (.text:xdc_runtime_SysCallback_defaultPutch)
                  000123c0    00000038     ti_drivers_config.obj (.text:Board_shutDownExtFlash)
                  000123f8    00000038     nvocmp.obj (.text:NVOCMP_findPage$21)
                  00012430    00000038     drivers_cc13x2.a : PINCC26XX.oem4f (.text:PIN_setConfig)
                  00012468    00000038     rf_multiMode_cc13x2.aem4f : RFCC26X2_multiMode.c.cc13x2.ccs.o (.text:RF_checkCmdFsError)
                  000124a0    00000038                               : RFCC26X2_multiMode.c.cc13x2.ccs.o (.text:RF_powerConstraintRelease)
                  000124d8    00000038     maclib_secure_cc13x2.a : mac_timer.obj (.text:macTimerAligned)
                  00012510    00000038                            : mac_timer.obj (.text:macTimerInit)
                  00012548    00000038                            : mac_tx.obj (.text:macTxAckNotReceivedCallback)
                  00012580    00000038                            : mac_tx.obj (.text:macTxFrameIsr)
                  000125b8    00000038     drivers_cc13x2.a : PowerCC26X2.oem4f (.text:notify)
                  000125f0    00000038                      : UARTCC26XX.oem4f (.text:readData)
                  00012628    00000038     rom_sysbios.aem4f : rom_sysbios.obj (.text:ti_sysbios_family_arm_cc26xx_Timer_getCurrentTick__E)
                  00012660    00000038     drivers_cc13x2.a : UARTCC26XX.oem4f (.text:writeData)
                  00012698    00000036     api_mac.obj (.text:ApiMac_convertCapabilityInfo)
                  000126ce    00000036     mt_mac.obj (.text:MtMac_AssociateInd)
                  00012704    00000036     rom_sysbios.aem4f : rom_sysbios.obj (.text:ti_sysbios_family_arm_cc26xx_Timer_setNextTick__E)
                  0001273a    00000002     --HOLE-- [fill = 0]
                  0001273c    00000034     driverlib.lib : sys_ctrl.obj (.text:NOROM_SysCtrlIdle)
                  00012770    00000034     npi_rxbuf.obj (.text:NPIRxBuf_ReadFromRxBuf)
                  000127a4    00000034     nvocmp.obj (.text:NVOCMP_verifyCRC$21)
                  000127d8    00000034     rf_multiMode_cc13x2.aem4f : RFCC26X2_multiMode.c.cc13x2.ccs.o (.text:RF_runDirectImmediateCmd)
                  0001280c    00000034     mt_mac.obj (.text:macAdrToSba$6)
                  00012840    00000034     maclib_secure_cc13x2.a : mac_hl_patch.obj (.text:macCheckPhyRate)
                  00012874    00000034                            : mac_low_level.obj (.text:macLowLevelDiags)
                  000128a8    00000034                            : mac_radio.obj (.text:macRadioSetIEEEAddr)
                  000128dc    00000034                            : mac.obj (.text:macRatDisableChannelB)
                  00012910    00000034                            : mac_symbol_timer.obj (.text:macSymbolTimerCount)
                  00012944    00000034     drivers_cc13x2.a : UARTCC26XX.oem4f (.text:readData2RingBuf)
                  00012978    00000034     rom_sysbios.aem4f : rom_sysbios.obj (.text:ti_sysbios_knl_Swi_setPri__E)
                  000129ac    00000034     drivers_cc13x2.a : TemperatureCC26X2.oem4f (.text:updateThresholds)
                  000129e0    00000032     maclib_osal_tirtos_cc13x2_26x2.a : osal_port.obj (.text:OsalPort_msgExtract)
                  00012a12    00000032     rom_sysbios.aem4f : rom_sysbios.obj (.text:ti_sysbios_gates_GateMutexPri_insertPri__I)
                  00012a44    00000030     npi_tl.obj (.text:NPITL_readTL)
                  00012a74    00000030     nvocmp.obj (.text:NVOCMP_changePageState$21)
                  00012aa4    00000030     drivers_cc13x2.a : NVSCC26XX.oem4f (.text:NVSCC26XX_erase)
                  00012ad4    00000030                      : PINCC26XX.oem4f (.text:PINCC26XX_setMux)
                  00012b04    00000030                      : PowerCC26X2.oem4f (.text:Power_releaseConstraint)
                  00012b34    00000030                      : PowerCC26X2.oem4f (.text:Power_setConstraint)
                  00012b64    00000030                      : TRNGCC26XX.oem4f (.text:TRNGCC26XX_fillEntropyPool)
                  00012b94    00000030                      : TemperatureCC26X2.oem4f (.text:Temperature_unregisterNotify)
                  00012bc4    00000030     maclib_secure_cc13x2.a : mac_rx_onoff.obj (.text:macRxHardDisable)
                  00012bf4    00000030                            : mac_rx_onoff.obj (.text:macRxSoftDisable)
                  00012c24    00000030                            : mac_symbol_timer.obj (.text:macSymbolTimerBCWakeUp)
                  00012c54    00000030                            : mac_symbol_timer.obj (.text:macSymbolTimerICallTimerCback)
                  00012c84    00000030                            : mac_timer.obj (.text:macTimerCheckUnAlignedQ)
                  00012cb4    00000030     app_cop_pem4f.oem4f (.text:ti_sysbios_BIOS_atExitFunc__I)
                  00012ce4    00000030     app_cop_pem4f.oem4f (.text:ti_sysbios_BIOS_startFunc__I)
                  00012d14    00000030     rom_sysbios.aem4f : rom_sysbios.obj (.text:ti_sysbios_family_arm_cc26xx_Timer_initDevice__I)
                  00012d44    00000030     app_cop_pem4f.oem4f (.text:ti_sysbios_gates_GateMutexPri_Object__create__S)
                  00012d74    00000030     app_cop_pem4f.oem4f (.text:ti_sysbios_gates_GateMutexPri_create)
                  00012da4    00000030     app_cop_pem4f.oem4f (.text:ti_sysbios_heaps_HeapCallback_Object__create__S)
                  00012dd4    00000030     rom_sysbios.aem4f : rom_sysbios.obj (.text:ti_sysbios_knl_Clock_getTimeout__E)
                  00012e04    0000002e     maclib_osal_tirtos_cc13x2_26x2.a : osal_port.obj (.text:OsalPort_msgDequeue)
                  00012e32    0000002e                                      : osal_port.obj (.text:OsalPort_msgEnqueue)
                  00012e60    0000002e     rf_multiMode_cc13x2.aem4f : RFCC26X2_multiMode.c.cc13x2.ccs.o (.text:RF_queueEnd)
                  00012e8e    0000002e     drivers_cc13x2.a : TRNGCC26XX.oem4f (.text:TRNGCC26XX_serviceJob)
                  00012ebc    0000002c     mt_mac.obj (.text:MtMac_AssociateCnf)
                  00012ee8    0000002c     mt_mac.obj (.text:MtMac_DisassociateInd)
                  00012f14    0000002c     drivers_cc13x2.a : NVS.oem4f (.text:NVS_init)
                  00012f40    0000002c     rf_multiMode_cc13x2.aem4f : RFCC26X2_multiMode.c.cc13x2.ccs.o (.text:RF_executeDirectImmediateCmd)
                  00012f6c    0000002c     dpl_cc13x2.a : SemaphoreP_tirtos.oem4f (.text:SemaphoreP_constructBinary)
                  00012f98    0000002c                  : SemaphoreP_tirtos.oem4f (.text:SemaphoreP_createBinary)
                  00012fc4    0000002c     drivers_cc13x2.a : TRNGCC26XX.oem4f (.text:TRNGCC26XX_stopTrng)
                  00012ff0    0000002c     rf_multiMode_cc13x2.aem4f : rf_patch_cpe_ieee_802_15_4.c.cc13x2.ccs.o (.text:applyIeee802154Patch)
                  0001301c    0000002c                               : rf_patch_cpe_prop.c.cc13x2.ccs.o (.text:applyPropPatch)
                  00013048    0000002c     maclib_secure_cc13x2.a : mac_radio.obj (.text:macRadioSetPanID)
                  00013074    0000002c                            : mac_radio.obj (.text:macRadioSetShortAddr)
                  000130a0    0000002c                            : mac_rx_onoff.obj (.text:macRxSoftEnable)
                  000130cc    0000002c                            : mac_symbol_timer.obj (.text:macSymbolTimerSetRollover)
                  000130f8    0000002c                            : mac_tx.obj (.text:macTxRequestCsmaRtcDelay)
                  00013124    0000002c                            : saddr.obj (.text:sAddrCmp)
                  00013150    0000002c     mt_ext.obj (.text:sendStatus$5)
                  0001317c    0000002c     app_cop_pem4f.oem4f (.text:ti_sysbios_gates_GateMutexPri_Handle__label__S)
                  000131a8    0000002c     app_cop_pem4f.oem4f (.text:ti_sysbios_heaps_HeapCallback_Handle__label__S)
                  000131d4    0000002c     rom_sysbios.aem4f : rom_sysbios.obj (.text:ti_sysbios_knl_Clock_getTicksUntilInterrupt__E)
                  00013200    0000002a     drivers_cc13x2.a : List.oem4f (.text:List_insert)
                  0001322a    0000002a     maclib_secure_cc13x2.a : mac_autopend.obj (.text:MAC_SrcMatchDeleteEntry)
[...]
200009e8  macUser0Cfg                                                     
200009fc  myTask                                                          
20000a4c  Main_user1Cfg                                                   
20000aa8  myTaskStack                                                     
20000dc8  npiAppEntityID                                                  
20000dca  incomingTXReroute                                               
20000de4  npiSemHandle                                                    
20000de8  NPITask_events                                                  
20000df0  incomingTXEventAppCBFunc                                        
20000df4  structnpiSem                                                    
20000e60  npiTaskStack                                                    
20001384  RF_cmdNop                                                       
20001394  RF_cmdNopFg                                                     
200013a4  RF_cmdRxAckCmd                                                  
200013b8  RF_cmdFsRx                                                      
200013d0  RF_cmdFsTx                                                      
200013e8  RF_cmdIEEETx                                                    
20001400  RF_cmdPropCs                                                    
2000141c  RF_cmdPropCsSlotted                                             
20001438  RF_cmdRadioSetup                                                
20001458  RF_cmdIEEECsma                                                  
20001478  RF_cmdPropTxAdv                                                 
20001498  RF_cmdPropRadioDivSetup                                         
200014c8  RF_cmdPropRxAdv                                                 
200014f8  RF_cmdIEEERx                                                    
20001534  taskCnt                                                         
20001544  heapmgrMemFreeTotal                                             
20001548  heapmgrMemFreeError                                             
20001554  HEAPMGR_SIZE                                                    
20001558  taskTbl                                                         
200016c0  PowerCC26X2_module                                              
20001830  RF_prop_ieee154                                                 
20001840  RF_prop_2gfsk50kbps154g433mhz                                   
20001850  RF_prop_slr5kbps2gfsk433mhz                                     
20001860  txPowerTable_2gfsk50kbps154g433mhz                              
200018ba  txPowerTable_slr5kbps2gfsk433mhz                                
20001914  txPowerTable_ieee154                                            
20001a94  ROM_stateStruct                                                 
20001a94  ti_sysbios_knl_Clock_Module__state__V                           
20001ac0  ti_sysbios_family_arm_cc26xx_TimestampProvider_Module__state__V 
20001ac4  xdc_runtime_Startup_Module__state__V                            
20001acc  xdc_runtime_Registry_Module__state__V                           
20001ad4  ti_sysbios_BIOS_Module__state__V                                
20001af8  ti_sysbios_knl_Swi_Module__state__V                             
20001b14  ti_sysbios_knl_Task_Module__state__V                            
20001b58  xdc_runtime_Memory_Module__state__V                             
20001b5c  xdc_runtime_System_Module__state__V                             
20001b64  ti_sysbios_family_arm_m3_Hwi_Module__state__V                   
20001b98  ti_sysbios_family_arm_cc26xx_Timer_Module__state__V             
20001ba0  reqAccessAlloc                                                  
20001ba2  rxCmdHandle                                                     
20001ba8  macRfDrvTblPtr                                                  
20001bac  lastPostCmd                                                     
20001bb0  macSfdDetectCback                                               
20001bb4  macTxTimestamp                                                  
20001bb8  pMacRadioConfig                                                 
20001bd0  macRxOutputSubG                                                 
20001bdc  macRxOutputIeee                                                 
20001bec  macFrmFilter                                                    
20001bfc  macSrcShortAddrList                                             
20001c18  macSrcExtAddrList                                               
20001c48  macMRFSKGenPhyTable                                             
20001cea  gAction                                                         
20001ceb  NVOCMP_size                                                     
20001d18  NVOCMP_nvHandle                                                 
20001d60  fhObject                                                        
20001dcc  FHIE_channelPlan                                                
20001e6c  ti_sysbios_knl_Task_Object__table__V                            
20001eb8  ti_sysbios_family_arm_cc26xx_Timer_Object__table__V             
20001f4c  pRfMode                                                         
20001f50  pRfPowerTable                                                   
20001f54  pMaxPower                                                       
20001f58  RF_handle                                                       
20001f5c  macPhyTxPower                                                   
20001f64  RF_params                                                       
20001fbc  ti_sysbios_gates_GateMutex_Object__table__V                     
20001ff4  appTaskId                                                       
20001ffc  appEvents                                                       
20002004  ApiMac_extAddr                                                  
2000200c  appSem                                                          
20002028  macBeaconPayload                                                
2000205c  pOverrides_slr5kbps2gfsk433mhz                                  
200020c0  pMacDataTx                                                      
200020c4  macDataTxIndirect                                               
200020c8  macDataRequeueIndirect                                          
200020cc  macDataRxBeaconCritical                                         
200020d0  macDataTxBeaconComplete                                         
200020d4  macDataSetSched                                                 
200020d8  macDataCheckSched                                               
200020dc  macDataCheckTxTime                                              
200020e0  macDataBeaconRequeue                                            
200020e4  csmPhy                                                          
200020e8  macTimerRollover                                                
200020ec  macTimerNewRollover                                             
200020f0  pOverrides_2gfsk50kbps154g433mhz                                
20002120  ti_sysbios_knl_Swi_Module_State_0_readyQ__A                     
20002150  ti_sysbios_knl_Swi_Object__table__V                             
20002180  ti_sysbios_knl_Task_Module_State_0_readyQ__A                    
200021b0  npiEID                                                          
200021b1  npiSID                                                          
200021b4  mtProcessIncoming                                               
200021dc  macSpecUsecsPerSymbol                                           
200021e0  macPrevPeriodRatCount                                           
200021e4  macSymbolTimerRollover                                          
200021e8  macSymbolTimerTrigger                                           
20002204  macTxSlottedDelayFactor                                         
20002205  macTxType                                                       
20002206  macTxBe                                                         
20002207  macTxGpInterframeDelay                                          
20002208  txAckReq                                                        
2000220b  txSeqn                                                          
2000220d  numTx                                                           
2000220e  macTxCsmaBackoffDelay                                           
20002210  macCsmaRtcTimerId                                               
20002214  macAckDbg                                                       
20002228  _hposcCoeffs                                                    
2000224c  macActionSet                                                    
20002290  macBeaconMargin                                                 
200022b0  ti_sysbios_knl_Clock_Object__table__V                           
200022d0  xdc_runtime_Error_IgnoreBlock                                   
200022f0  pOverrides_ieee154Tx20                                          
2000230c  pOverrides_ieee154TxStd                                         
20002328  ti_sysbios_family_arm_m3_Hwi_Object__table__V                   
20002354  txCmdHandle                                                     
20002356  macRadioAckIeeeFrame                                            
2000235c  pMacEnhancedAck                                                 
20002360  macRadioAckFrame                                                
20002368  macStateTbl                                                     
2000238c  macCfg                                                          
2000239c  lastRatChanA                                                    
2000239d  lastRatChanB                                                    
2000239e  macRxCmdActive                                                  
2000239f  macTxCmdActive                                                  
200023a0  macFsCmdActive                                                  
200023a1  macRxPreempted                                                  
200023a2  macReqAccessCnt                                                 
200023a4  macReqAccessTimeCnt                                             
200023a6  macReqAccErrCnt                                                 
200023a8  numRfCmd                                                        
200023a9  numRxCmd                                                        
200023aa  numRxPostCmd                                                    
200023c0  pClockHandleEDScan                                              
200023c4  FH_FSM                                                          
200023d0  pOverrides_ieee154                                              
200023dc  ti_sysbios_heaps_HeapCallback_Object__table__V                  
200023e8  _lock                                                           
200023ec  _unlock                                                         
200023f8  FH_txTiming                                                     
20002400  pinUpperBound                                                   
20002404  pinLowerBound                                                   
20002410  ti_sysbios_family_arm_m3_Hwi_Module__root__V                    
20002418  ti_sysbios_gates_GateHwi_Module__root__V                        
20002420  ti_sysbios_gates_GateMutexPri_Module__root__V                   
20002428  ti_sysbios_gates_GateMutex_Module__root__V                      
20002430  ti_sysbios_hal_Hwi_Module__root__V                              
20002438  ti_sysbios_heaps_HeapCallback_Module__root__V                   
20002440  ti_sysbios_heaps_HeapMem_Module__root__V                        
20002448  ti_sysbios_knl_Clock_Module__root__V                            
20002450  ti_sysbios_knl_Event_Module__root__V                            
20002458  ti_sysbios_knl_Mailbox_Module__root__V                          
20002460  ti_sysbios_knl_Queue_Module__root__V                            
20002468  ti_sysbios_knl_Semaphore_Module__root__V                        
20002470  ti_sysbios_knl_Swi_Module__root__V                              
20002478  ti_sysbios_knl_Task_Module__root__V                             
20002485  CryptoResourceCC26XX_pollingFlag                                
20002488  macSrcMatchIsAckAllPending                                      
20002489  macSrcResIndex                                                  
2000248c  macAddrSize                                                     
20002490  macTasksEvents                                                  
20002494  macTxSlottedDelay                                               
20002495  bInSwi                                                          
20002496  macSrcMatchIsEnabled                                            
20002497  macRadioYielded                                                 
2000249c  main_func_sp                                                    
200024a0  ti_sysbios_family_arm_m3_Hwi_Module_State_0_excContext__A       
200024a4  ti_sysbios_family_arm_m3_Hwi_Module_State_0_excStack__A         
200024a8  ti_sysbios_knl_Task_Module_State_0_idleTask__A                  
200024ae  ti_sysbios_family_arm_m3_Hwi_Module_State_0_excActive__A        
200024b1  macSleepState                                                   
200029a8  ti_sysbios_knl_Task_Instance_State_0_stack__A                   
20002ba8  uartCC26XXObjects                                               
20002d5c  enhancedAckBuf                                                  
20002f50  ti_sysbios_family_arm_m3_Hwi_dispatchTable                      
20003028  FHPIB_db                                                        
200030b4  FH_hnd                                                          
2000313c  macPib                                                          
200031c4  pinHandleTable                                                  
20003240  FHNT_tableOpt                                                   
200032bc  macScan                                                         
20003360  CryptoResourceCC26XX_accessSemaphore                            
200033b0  CryptoResourceCC26XX_operationSemaphore                         
20003400  FHFSM_Dbg                                                       
20003442  driverlib_release_0_58048                                       
20003443  macMgmt                                                         
20003444  macSecurityPib                                                  
20003484  macBeaconCoord                                                  
200034c0  FHNT_hnd                                                        
200034f8  macDeviceAction1                                                
20003564  macBeaconDevice                                                 
20003598  macMgmtAction1                                                  
200035c8  macCoord                                                        
200035f4  macDevice                                                       
20003620  macRxFilter                                                     
20003621  rxPromiscuousMode                                               
20003624  rxSeqNum                                                        
2000362c  macRxDataEntryOffset                                            
20003630  rxRadioBufferPtr                                                
20003640  macRxDataEntryQueue                                             
200036b0  macBeacon                                                       
20003724  CryptoResourceCC26XX_hwi                                        
20003740  macCoordAction2                                                 
2000375c  macReset                                                        
20003778  aesccmCC26XXObjects                                             
20003790  macScanAction                                                   
200037d0  macDeviceAction2                                                
200037e4  macMgmtAction2                                                  
200037f8  macBeaconDeviceAction                                           
20003808  macCoordAction3                                                 
20003818  macData                                                         
20003828  macDataTxDelay                                                  
20003844  macMain                                                         
20003858  FHNT_tempTable                                                  
20003860  macBeaconCoordAction1                                           
20003868  macCoordAction1                                                 
20003870  FHNT_Dbg                                                        
20003876  macPanCoordinator                                               
20003877  macPhyChannel                                                   
2000387c  AESCCM_handle                                                   
20003880  FH_test_var                                                     
20003884  PowerCC26XX_swiKey                                              
20003888  PowerCC26XX_taskKey                                             
2000388c  macCryptoDrvTblPtr                                              
20003890  macRxSymbol                                                     
20003894  macTimerActive                                                  
20003898  nvsCC26XXObjects                                                
2000389c  timerAlignedQ                                                   
200038a0  timerUnalignedQ                                                 
200038a4  macPwr                                                          
200038a5  macRxActive                                                     
200038a6  macRxEnableFlags                                                
200038a7  macRxOutgoingAckFlag                                            
200038a8  macSymbolTimerImpending                                         
200038a9  macTaskId                                                       
200038aa  macTxActive                                                     
200038ab  macUnitBackoffPeriod                                            
200038ac  rxFhRsl                                                         
200038ad  heapStart                                                       
20013aa0  __stack                                                         
20013aa0  heapEnd                                                         
20014000  __STACK_END                                                     
20014000  __STACK_TOP                                                     
e000e000  ti_sysbios_family_arm_m3_Hwi_nvic                               
ffffffff  __TI_pprof_out_hndl                                             
ffffffff  __TI_prof_data_size                                             
ffffffff  __TI_prof_data_start                                            
ffffffff  __binit__                                                       
ffffffff  __c_args__                                                      
ffffffff  binit                                                           
UNDEFED   ITM_flush                                                       
UNDEFED   ITM_restore                                                     
UNDEFED   SHT$$INIT_ARRAY$$Base                                           
UNDEFED   SHT$$INIT_ARRAY$$Limit                                          

[1817 symbols]
