******************************************************************************
                  TI ARM Linker PC v20.2.1                     
******************************************************************************
>> Linked Tue Sep 29 17:29:44 2020

OUTPUT FILE NAME:   <coprocessor_CC1312R1_LAUNCHXL_tirtos_ccs.out>
ENTRY POINT SYMBOL: "ResetISR"  address: 00010281


MEMORY CONFIGURATION

         name            origin    length      used     unused   attr    fill
----------------------  --------  ---------  --------  --------  ----  --------
  FLASH                 00000000   0004e000  00014e00  00039200  R  X
  FLASH_NV              0004e000   00008000  00008000  00000000  RW X
  FLASH_LAST            00056000   00002000  00002000  00000000  R  X
  SRAM                  20000000   00014000  00003da9  00010257  RW X


SEGMENT ALLOCATION MAP

run origin  load origin   length   init length attrs members
----------  ----------- ---------- ----------- ----- -------
00000000    00000000    00014e00   00014e00    r-x
  00000000    00000000    0000003c   0000003c    r-- .resetVecs
  0000003c    0000003c    00001fe8   00001fe8    r-- .const
  00002024    00002024    000129a4   000129a4    r-x .text.1
  000149c8    000149c8    00000438   00000438    r-- .cinit
0004e000    0004e000    00008000   00000000    rw-
  0004e000    0004e000    00008000   00000000    rw- .TI.bound:flashBuf0
00056000    00056000    00002000   00002000    r-x
  00056000    00056000    00001fa8   00001fa8    r-x .text.2
  00057fa8    00057fa8    00000058   00000058    r-- .ccfg
20000100    20000100    00003775   00000000    rw-
  20000100    20000100    00000004   00000000    rw- .data:xdcRomConstPtr
  20000104    20000104    00000004   00000000    rw- .data:xdcRomExternFuncPtr
  20000108    20000108    00000004   00000000    rw- .data:xdcRomStatePtr
  2000010c    2000010c    00000010   00000000    rw- .data:RAM_MAC_BASE_ADDR
  20000120    20000120    00002360   00000000    rw- .data
  20002480    20002480    000013f5   00000000    rw- .bss
20013aa0    20013aa0    00000560   00000000    rw-
  20013aa0    20013aa0    00000560   00000000    rw- .stack


SECTION ALLOCATION MAP

 output                                  attributes/
section   page    origin      length       input sections
--------  ----  ----------  ----------   ----------------
.const     0    0000003c    00001fe8     
                  0000003c    00000568     maclib_secure_cc13x2.a : hmac_rom_init.obj (.const:HMAC_ROM_Flash_JT)
                  000005a4    000003b8     app_cop_pem4f.oem4f (.const:ROM_constStruct)
                  0000095c    00000258     maclib_secure_cc13x2.a : fh_rom_init.obj (.const:FH_ROM_Flash_JT)
                  00000bb4    00000204     ti_radio_config.obj (.const:$O21$$)
                  00000db8    000001f0     rf_multiMode_cc13x2.aem4f : rf_patch_cpe_prop.c.cc13x2.ccs.o (.const:patchImageProp)
                  00000fa8    0000012c     mac_cfg.obj (.const:FH_PibTbl)
                  000010d4    00000100     crc.obj (.const:.string:crc_table$20)
                  000011d4    000000fa     maclib_secure_cc13x2.a : fh_global.obj (.const:FH_stateMatrix)
                  000012ce    000000f8     mac_cfg.obj (.const:macPibTbl)
                  000013c6    00000001     ti_drivers_config.obj (.const:aesccmCC26XXHWAttrs)
                  000013c7    00000001     app_cop_pem4f.oem4f (.const:xdc_runtime_Text_charTab__A)
                  000013c8    000000cc     maclib_secure_cc13x2.a : lmac_rom_init.obj (.const:LMAC_ROM_Flash_JT)
                  00001494    000000c0     mac_user_config.obj (.const:$O18$$)
                  00001554    0000008c     mac_cfg.obj (.const:FHPIB_defaults)
                  000015e0    00000088     mac_cfg.obj (.const:macPibDefaults)
                  00001668    00000080     drivers_cc13x2.a : Random.oem4f (.const:$P$T0$1)
                  000016e8    00000072     maclib_secure_cc13x2.a : hmac_global.obj (.const:macAssociatingSt)
                  0000175a    00000072                            : hmac_global.obj (.const:macIdleSt)
                  000017cc    00000072                            : hmac_global.obj (.const:macPollingSt)
                  0000183e    00000072                            : hmac_global.obj (.const:macScanningSt)
                  000018b0    00000072                            : hmac_global.obj (.const:macStartingSt)
                  00001922    00000002     --HOLE-- [fill = 0]
                  00001924    0000006c                            : icall_osal_rom_init.obj (.const:ICALL_OSAL_ROM_Flash_JT)
                  00001990    0000006c     mac_user_config.obj (.const:macRfDriverTable)
                  000019fc    00000058     mac_cfg.obj (.const:macSecurityPibTbl)
                  00001a54    00000054     drivers_cc13x2.a : PowerCC26X2.oem4f (.const:resourceDB)
                  00001aa8    00000050     mac_cfg.obj (.const:macMRFSKStdPhyTable)
                  00001af8    00000048     app_cop_pem4f.oem4f (.const:.string)
                  00001b40    00000048     app_cop_pem4f.oem4f (.const:ROM_externFuncPtrs)
                  00001b88    00000040     mac_user_config.obj (.const:macCryptoDriverTable)
                  00001bc8    00000040     maclib_secure_cc13x2.a : hmac_global.obj (.const:macTimerRolloverValue)
                  00001c08    00000038     ti_drivers_config.obj (.const:$O1$$)
                  00001c40    00000038     maclib_secure_cc13x2.a : hmac_global.obj (.const:macCmdIncludeFHIe)
                  00001c78    00000028     drivers_cc13x2.a : NVSCC26XX.oem4f (.const:NVSCC26XX_fxnTable)
                  00001ca0    00000028                      : UARTCC26XX.oem4f (.const:UARTCC26XX_fxnTable)
                  00001cc8    00000028     app_cop_pem4f.oem4f (.const:ti_sysbios_heaps_HeapCallback_Module__FXNS__C)
                  00001cf0    00000028     ti_drivers_config.obj (.const:uartCC26XXHWAttrs)
                  00001d18    00000028     app_cop_pem4f.oem4f (.const:xdc_runtime_Startup_sfxnTab__A)
                  00001d40    00000024     drivers_cc13x2.a : UART.oem4f (.const:UART_defaultParams)
                  00001d64    00000024     app_cop_pem4f.oem4f (.const:ti_sysbios_gates_GateMutexPri_Module__FXNS__C)
                  00001d88    00000020     rf_multiMode_cc13x2.aem4f : RFCC26X2_multiMode.c.cc13x2.ccs.o (.const:RF_defaultParams)
                  00001da8    00000020     app_cop_pem4f.oem4f (.const:ti_sysbios_gates_GateMutexPri_Object__DESC__C)
                  00001dc8    00000020     app_cop_pem4f.oem4f (.const:ti_sysbios_heaps_HeapCallback_Object__DESC__C)
                  00001de8    0000001c     CC1312R1_LAUNCHXL_fxns.obj (.const:$O1$$)
                  00001e04    0000001c     app_cop_pem4f.oem4f (.const:ti_sysbios_heaps_HeapCallback_Object__PARAMS__C)
                  00001e20    00000018     maclib_secure_cc13x2.a : hmac_global.obj (.const:macSendMsgBufSize)
                  00001e38    00000018     app_cop_pem4f.oem4f (.const:ti_sysbios_gates_GateMutexPri_Object__PARAMS__C)
                  00001e50    00000014     ti_drivers_config.obj (.const:PowerCC26X2_config)
                  00001e64    00000014     drivers_cc13x2.a : UARTCC26XX.oem4f (.const:parityType)
                  00001e78    00000014     app_cop_pem4f.oem4f (.const:xdc_runtime_Startup_sfxnRts__A)
                  00001e8c    00000013     macTask.obj (.const:.string:msacbackSizeTable)
                  00001e9f    00000001     --HOLE-- [fill = 0]
                  00001ea0    00000010     drivers_cc13x2.a : AESCCM.oem4f (.const:AESCCM_defaultParams)
                  00001eb0    00000010                      : TRNG.oem4f (.const:TRNG_defaultParams)
                  00001ec0    00000010                      : UARTCC26XX.oem4f (.const:dataLength)
                  00001ed0    00000010     maclib_secure_cc13x2.a : hmac_global.obj (.const:macIEEEPhyTable)
                  00001ee0    0000000e                            : hmac_global.obj (.const:.string:macCmdBufSize)
                  00001eee    0000000e                            : hmac_global.obj (.const:.string:macTxFrameFailed)
                  00001efc    0000000e                            : hmac_global.obj (.const:.string:macTxFrameSuccess)
                  00001f0a    00000002     --HOLE-- [fill = 0]
                  00001f0c    0000000c     mt_sys.obj (.const:$O7$$)
                  00001f18    0000000c     drivers_cc13x2.a : Random.oem4f (.const:$P$T1$2)
                  00001f24    0000000c     maclib_secure_cc13x2.a : hmac_global.obj (.const:.string:macCbackEventTbl)
                  00001f30    0000000c                            : hmac_global.obj (.const:.string:macSendMsgDataSize)
                  00001f3c    0000000c     ti_drivers_config.obj (.const:NVS_config)
                  00001f48    0000000c     ti_drivers_config.obj (.const:RFCC26XX_hwAttrs)
                  00001f54    0000000c     ti_drivers_config.obj (.const:UART_config)
                  00001f60    0000000c     app_cop_pem4f.oem4f (.const:xdc_runtime_Startup_firstFxns__A)
                  00001f6c    0000000b     ti_drivers_config.obj (.const)
                  00001f77    00000009     maclib_secure_cc13x2.a : hmac_global.obj (.const:.string:macCmdLen)
                  00001f80    00000008                            : mac_rx.obj (.const:$O27$$)
                  00001f88    00000008     driverlib.lib : aux_sysif.obj (.const:$O35$$)
                  00001f90    00000008     main.obj (.const:.string:dummyExtAddr$2)
                  00001f98    00000008     maclib_secure_cc13x2.a : fh_global.obj (.const:.string:fhSupFrameTypes)
                  00001fa0    00000008                            : hmac_global.obj (.const:.string:macAuthTagLen)
                  00001fa8    00000008     ti_drivers_config.obj (.const:AESCCM_config)
                  00001fb0    00000008     ti_drivers_config.obj (.const:PINCC26XX_hwAttrs)
                  00001fb8    00000008     rf_multiMode_cc13x2.aem4f : RFCC26X2_multiMode.c.cc13x2.ccs.o (.const:RFCC26XX_schedulerPolicy)
                  00001fc0    00000008     ti_drivers_config.obj (.const:nvsCC26XXHWAttrs)
                  00001fc8    00000008     drivers_cc13x2.a : UARTCC26XX.oem4f (.const:stopBits)
                  00001fd0    00000008     app_cop_pem4f.oem4f (.const:ti_sysbios_family_arm_m3_Hwi_excHookFuncs__A)
                  00001fd8    00000006     drivers_cc13x2.a : UARTCC26XX.oem4f (.const:.string:rxFifoBytes)
                  00001fde    00000006                      : UARTCC26XX.oem4f (.const:.string:rxFifoThreshold)
                  00001fe4    00000006                      : UARTCC26XX.oem4f (.const:.string:txFifoBytes)
                  00001fea    00000006                      : UARTCC26XX.oem4f (.const:.string:txFifoThreshold)
                  00001ff0    00000004     maclib_secure_cc13x2.a : hmac_global.obj (.const:.string:macKeySourceLen)
                  00001ff4    00000004     drivers_cc13x2.a : NVS.oem4f (.const:NVS_defaultParams)
                  00001ff8    00000004     app_cop_pem4f.oem4f (.const:ti_sysbios_gates_GateMutexPri_Instance_State_pendQ__O)
                  00001ffc    00000004     app_cop_pem4f.oem4f (.const:ti_sysbios_heaps_HeapCallback_Object__count__C)
                  00002000    00000004     app_cop_pem4f.oem4f (.const:ti_sysbios_heaps_HeapCallback_allocInstFxn__C)
                  00002004    00000004     app_cop_pem4f.oem4f (.const:ti_sysbios_heaps_HeapCallback_createInstFxn__C)
                  00002008    00000004     app_cop_pem4f.oem4f (.const:ti_sysbios_heaps_HeapCallback_deleteInstFxn__C)
                  0000200c    00000004     app_cop_pem4f.oem4f (.const:ti_sysbios_heaps_HeapCallback_freeInstFxn__C)
                  00002010    00000004     app_cop_pem4f.oem4f (.const:ti_sysbios_heaps_HeapCallback_getStatsInstFxn__C)
                  00002014    00000004     app_cop_pem4f.oem4f (.const:ti_sysbios_heaps_HeapCallback_initInstFxn__C)
                  00002018    00000004     app_cop_pem4f.oem4f (.const:ti_sysbios_heaps_HeapCallback_isBlockingInstFxn__C)
                  0000201c    00000004     app_cop_pem4f.oem4f (.const:ti_sysbios_knl_Clock_tickPeriod__C)
                  00002020    00000004     app_cop_pem4f.oem4f (.const:ti_sysbios_knl_Idle_funcList__A)

.cinit     0    000149c8    00000438     
                  000149c8    000003d0     (.cinit..data.load) [load image, compression = lzss]
                  00014d98    0000000c     (__TI_handler_table)
                  00014da4    00000004     --HOLE-- [fill = 0]
                  00014da8    00000008     (.cinit..bss.load) [load image, compression = zero_init]
                  00014db0    00000008     (.cinit..data:RAM_MAC_BASE_ADDR.load) [load image, compression = zero_init]
                  00014db8    00000008     (.cinit..data:xdcRomConstPtr.load) [load image, compression = lzss]
                  00014dc0    00000008     (.cinit..data:xdcRomExternFuncPtr.load) [load image, compression = lzss]
                  00014dc8    00000008     (.cinit..data:xdcRomStatePtr.load) [load image, compression = lzss]
                  00014dd0    00000030     (__TI_cinit_table)

.init_array 
*          0    00000000    00000000     UNINITIALIZED

.TI.bound:flashBuf0 
*          0    0004e000    00008000     UNINITIALIZED
                  0004e000    00008000     ti_drivers_config.obj (.TI.bound:flashBuf0)

.ccfg      0    00057fa8    00000058     
                  00057fa8    00000058     ti_devices_config.obj (.ccfg:retain)

.data:xdcRomConstPtr 
*          0    20000100    00000004     UNINITIALIZED
                  20000100    00000004     app_cop_pem4f.oem4f (.data:xdcRomConstPtr)

.data:xdcRomExternFuncPtr 
*          0    20000104    00000004     UNINITIALIZED
                  20000104    00000004     app_cop_pem4f.oem4f (.data:xdcRomExternFuncPtr)

.data:xdcRomStatePtr 
*          0    20000108    00000004     UNINITIALIZED
                  20000108    00000004     app_cop_pem4f.oem4f (.data:xdcRomStatePtr)

.data      0    20000120    00002360     UNINITIALIZED
                  20000120    000008c4     macTask.obj (.data:$O16$$)
                  200009e4    000003e4     main.obj (.data:$O2$$)
                  20000dc8    00000388     npi_task.obj (.data:$O12$$)
                  20001150    00000234     npi_tl.obj (.data:$O13$$)
                  20001384    000001b0     mac_settings.obj (.data:$O17$$)
                  20001534    0000018c     maclib_osal_tirtos_cc13x2_26x2.a : osal_port.obj (.data:$O31$$)
                  200016c0    00000170     drivers_cc13x2.a : PowerCC26X2.oem4f (.data:PowerCC26X2_module)
                  20001830    0000015c     ti_radio_config.obj (.data:$O20$$)
                  2000198c    00000114     npi_rxbuf.obj (.data:$O11$$)
                  20001aa0    0000010c     app_cop_pem4f.oem4f (.data:ROM_stateStruct)
                  20001bac    00000004     maclib_secure_cc13x2.a : mac_autopend.obj (.data:$O24$$)
                  20001bb0    000000a8                            : mac.obj (.data:$O23$$)
                  20001c58    000000a0     mac_cfg.obj (.data:macMRFSKGenPhyTable)
                  20001cf8    00000078     nvocmp.obj (.data:$O19$$)
                  20001d70    0000006c     maclib_secure_cc13x2.a : hmac_global.obj (.data:fhObject)
                  20001ddc    00000054                            : fh_global.obj (.data:FHIE_channelPlan)
                  20001e30    0000004c     mcp.obj (.data:$O3$$)
                  20001e7c    0000004c     app_cop_pem4f.oem4f (.data:ti_sysbios_knl_Task_Object__table__V)
                  20001ec8    00000048     app_cop_pem4f.oem4f (.data:ti_sysbios_family_arm_cc26xx_Timer_Object__table__V)
                  20001f10    00000044     board_led.obj (.data:$O9$$)
                  20001f54    00000040     maclib_secure_cc13x2.a : mac_radio.obj (.data:$O25$$)
                  20001f94    00000038     npi_tl_uart.obj (.data:$O14$$)
                  20001fcc    00000038     app_cop_pem4f.oem4f (.data:ti_sysbios_gates_GateMutex_Object__table__V)
                  20002004    00000034     api_mac.obj (.data:$O15$$)
                  20002038    00000034     maclib_secure_cc13x2.a : hmac_global.obj (.data:macBeaconPayload)
                  2000206c    00000030     mt_util.obj (.data:$O8$$)
                  2000209c    00000030     maclib_secure_cc13x2.a : hmac_global.obj (.data)
                  200020cc    00000030     app_cop_pem4f.oem4f (.data:ti_sysbios_knl_Swi_Module_State_0_readyQ__A)
                  200020fc    00000030     app_cop_pem4f.oem4f (.data:ti_sysbios_knl_Swi_Object__table__V)
                  2000212c    00000030     app_cop_pem4f.oem4f (.data:ti_sysbios_knl_Task_Module_State_0_readyQ__A)
                  2000215c    0000002c     mt.obj (.data:$O4$$)
                  20002188    0000002c     ti_radio_config.obj (.data:pOverrides_slr5kbps2gfsk)
                  200021b4    00000028     maclib_secure_cc13x2.a : mac_symbol_timer.obj (.data:$O28$$)
                  200021dc    00000028     ti_radio_config.obj (.data:pOverrides_2gfsk200kbps154g)
                  20002204    00000028     ti_radio_config.obj (.data:pOverrides_2gfsk50kbps154g)
                  2000222c    00000024     maclib_secure_cc13x2.a : mac_tx.obj (.data:$O29$$)
                  20002250    00000024     driverlib.lib : osc.obj (.data:$O33$$)
                  20002274    00000024     maclib_secure_cc13x2.a : hmac_global.obj (.data:macActionSet)
                  20002298    00000020     drivers_cc13x2.a : TRNGCC26XX.oem4f (.data:entropyPoolBuffer)
                  200022b8    00000020     mac_cfg.obj (.data:macBeaconMargin)
                  200022d8    00000020     app_cop_pem4f.oem4f (.data:ti_sysbios_knl_Clock_Object__table__V)
                  200022f8    00000020     app_cop_pem4f.oem4f (.data:xdc_runtime_Error_IgnoreBlock)
                  20002318    00000018     app_cop_pem4f.oem4f (.data:ti_sysbios_family_arm_m3_Hwi_Object__table__V)
                  20002330    00000014     maclib_secure_cc13x2.a : mac_radio_tx.obj (.data:$O30$$)
                  20002344    00000014                            : hmac_global.obj (.data:macStateTbl)
                  20002358    00000010     maclib_osal_tirtos_cc13x2_26x2.a : osal_port_timers.obj (.data:$O32$$)
                  20002368    00000010     mac_cfg.obj (.data:macCfg)
                  20002378    0000000f     maclib_secure_cc13x2.a : mac.obj (.data)
                  20002387    00000001     drivers_cc13x2.a : AESCCMCC26XX.oem4f (.data)
                  20002388    0000000c     npi_frame_mt.obj (.data:$O10$$)
                  20002394    0000000c     maclib_secure_cc13x2.a : mac_hl_patch.obj (.data:$O22$$)
                  200023a0    0000000c                            : fh_global.obj (.data:FH_FSM)
                  200023ac    0000000c     app_cop_pem4f.oem4f (.data:ti_sysbios_heaps_HeapCallback_Object__table__V)
                  200023b8    00000008     rtsv7M4_T_le_v4SPD16_eabi.lib : _lock.c.obj (.data:$O36$$)
                  200023c0    00000008     mt_sys.obj (.data:$O6$$)
                  200023c8    00000008     maclib_secure_cc13x2.a : fh_global.obj (.data:FH_txTiming)
                  200023d0    00000008     drivers_cc13x2.a : PINCC26XX.oem4f (.data)
                  200023d8    00000008                      : TRNGCC26XX.oem4f (.data:jobList)
                  200023e0    00000008     app_cop_pem4f.oem4f (.data:ti_sysbios_family_arm_m3_Hwi_Module__root__V)
                  200023e8    00000008     app_cop_pem4f.oem4f (.data:ti_sysbios_gates_GateHwi_Module__root__V)
                  200023f0    00000008     app_cop_pem4f.oem4f (.data:ti_sysbios_gates_GateMutexPri_Module__root__V)
                  200023f8    00000008     app_cop_pem4f.oem4f (.data:ti_sysbios_gates_GateMutex_Module__root__V)
                  20002400    00000008     app_cop_pem4f.oem4f (.data:ti_sysbios_hal_Hwi_Module__root__V)
                  20002408    00000008     app_cop_pem4f.oem4f (.data:ti_sysbios_heaps_HeapCallback_Module__root__V)
                  20002410    00000008     app_cop_pem4f.oem4f (.data:ti_sysbios_heaps_HeapMem_Module__root__V)
                  20002418    00000008     app_cop_pem4f.oem4f (.data:ti_sysbios_knl_Clock_Module__root__V)
                  20002420    00000008     app_cop_pem4f.oem4f (.data:ti_sysbios_knl_Event_Module__root__V)
                  20002428    00000008     app_cop_pem4f.oem4f (.data:ti_sysbios_knl_Mailbox_Module__root__V)
                  20002430    00000008     app_cop_pem4f.oem4f (.data:ti_sysbios_knl_Queue_Module__root__V)
                  20002438    00000008     app_cop_pem4f.oem4f (.data:ti_sysbios_knl_Semaphore_Module__root__V)
                  20002440    00000008     app_cop_pem4f.oem4f (.data:ti_sysbios_knl_Swi_Module__root__V)
                  20002448    00000008     app_cop_pem4f.oem4f (.data:ti_sysbios_knl_Task_Module__root__V)
                  20002450    00000005     drivers_cc13x2.a : TemperatureCC26X2.oem4f (.data)
                  20002455    00000004     maclib_secure_cc13x2.a : fh_global.obj (.data:macAddrSize)
                  20002459    00000002     drivers_cc13x2.a : CryptoResourceCC26XX.oem4f (.data)
                  2000245b    00000001                      : NVS.oem4f (.data)
                  2000245c    00000004     maclib_osal_tirtos_cc13x2_26x2.a : osal_port.obj (.data)
                  20002460    00000004     maclib_secure_cc13x2.a : lmac_global.obj (.data)
                  20002464    00000004     mt_mac.obj (.data)
                  20002468    00000004     rtsv7M4_T_le_v4SPD16_eabi.lib : stkdepth_vars.c.obj (.data)
                  2000246c    00000004     app_cop_pem4f.oem4f (.data:ti_sysbios_family_arm_m3_Hwi_Module_State_0_excContext__A)
                  20002470    00000004     app_cop_pem4f.oem4f (.data:ti_sysbios_family_arm_m3_Hwi_Module_State_0_excStack__A)
                  20002474    00000004     app_cop_pem4f.oem4f (.data:ti_sysbios_knl_Task_Module_State_0_idleTask__A)
                  20002478    00000002     drivers_cc13x2.a : TRNGCC26XX.oem4f (.data)
                  2000247a    00000002     app_cop_pem4f.oem4f (.data:ti_sysbios_family_arm_m3_Hwi_Module_State_0_excActive__A)
                  2000247c    00000001     drivers_cc13x2.a : UART.oem4f (.data)
                  2000247d    00000001     maclib_secure_cc13x2.a : mac_sleep.obj (.data)
                  2000247e    00000001     npi_tl.obj (.data)
                  2000247f    00000001     rf_multiMode_cc13x2.aem4f : rf_patch_cpe_prop.c.cc13x2.ccs.o (.data)

.bss       0    20002480    000013f5     UNINITIALIZED
                  20002480    000004f0     rf_multiMode_cc13x2.aem4f : RFCC26X2_multiMode.c.cc13x2.ccs.o (.bss:$O1$$)
                  20002970    00000200     app_cop_pem4f.oem4f (.bss:taskStackSection)
                  20002b70    000001b4     (.common:uartCC26XXObjects)
                  20002d24    000000fc     (.common:enhancedAckBuf)
                  20002e20    000000f8     maclib_secure_cc13x2.a : mac_radio.obj (.bss:RF_object$28)
                  20002f18    000000d8     (.common:ti_sysbios_family_arm_m3_Hwi_dispatchTable)
                  20002ff0    0000008c     (.common:FHPIB_db)
                  2000307c    00000088     (.common:FH_hnd)
                  20003104    00000088     (.common:macPib)
                  2000318c    0000007c     (.common:pinHandleTable)
                  20003208    0000007a     (.common:FHNT_tableOpt)
                  20003282    00000001                            : mac_tx.obj (.bss)
                  20003283    00000001     rf_multiMode_cc13x2.aem4f : RFCC26X2_multiMode.c.cc13x2.ccs.o (.bss)
                  20003284    00000054     (.common:macScan)
                  200032d8    00000050     drivers_cc13x2.a : PINCC26XX.oem4f (.bss:pinSemaphore)
                  20003328    00000050     (.common:CryptoResourceCC26XX_accessSemaphore)
                  20003378    00000050     (.common:CryptoResourceCC26XX_operationSemaphore)
                  200033c8    00000042     (.common:FHFSM_Dbg)
                  2000340a    00000001     (.common:driverlib_release_0_58048)
                  2000340b    00000001     (.common:macMgmt)
                  2000340c    00000040     (.common:macSecurityPib)
                  2000344c    0000003c     (.common:macBeaconCoord)
                  20003488    00000038     (.common:FHNT_hnd)
                  200034c0    00000038     (.common:macDeviceAction1)
                  200034f8    00000034                      : PINCC26XX.oem4f (.bss:pinSwi)
                  2000352c    00000034     (.common:macBeaconDevice)
                  20003560    00000030     (.common:macMgmtAction1)
                  20003590    0000002c     (.common:macCoord)
                  200035bc    0000002c     (.common:macDevice)
                  200035e8    00000028     maclib_secure_cc13x2.a : mac_rx.obj (.bss:$O26$$)
                  20003610    00000028     mt_ext.obj (.bss:$O5$$)
                  20003638    00000020     drivers_cc13x2.a : PINCC26XX.oem4f (.bss:pinGpioConfigTable)
                  20003658    00000020     ti_drivers_config.obj (.bss:uartCC26XXRingBuffer0)
                  20003678    00000020     (.common:macBeacon)
                  20003698    0000001c     drivers_cc13x2.a : TRNGCC26XX.oem4f (.bss:TRNGCC26XX_hwi)
                  200036b4    0000001c                      : TRNGCC26XX.oem4f (.bss:entropyPool)
                  200036d0    0000001c                      : PINCC26XX.oem4f (.bss:pinHwi)
                  200036ec    0000001c     (.common:CryptoResourceCC26XX_hwi)
                  20003708    0000001c     (.common:macCoordAction2)
                  20003724    0000001c     (.common:macReset)
                  20003740    00000018     (.common:aesccmCC26XXObjects)
                  20003758    00000018     (.common:macScanAction)
                  20003770    00000014     rf_multiMode_cc13x2.aem4f : RFCC26X2_multiMode.c.cc13x2.ccs.o (.bss:RF_ratSyncCmd)
                  20003784    00000014     drivers_cc13x2.a : Random.oem4f (.bss:state)
                  20003798    00000014     (.common:macDeviceAction2)
                  200037ac    00000014     (.common:macMgmtAction2)
                  200037c0    00000010     (.common:macBeaconDeviceAction)
                  200037d0    00000010     (.common:macCoordAction3)
                  200037e0    00000010     (.common:macData)
                  200037f0    00000010     (.common:macDataTxDelay)
                  20003800    0000000c                      : NVSCC26XX.oem4f (.bss)
                  2000380c    0000000c     (.common:macMain)
                  20003818    00000008                      : TemperatureCC26X2.oem4f (.bss:notificationList)
                  20003820    00000008     (.common:FHNT_tempTable)
                  20003828    00000008     (.common:macBeaconCoordAction1)
                  20003830    00000008     (.common:macCoordAction1)
                  20003838    00000006     (.common:FHNT_Dbg)
                  2000383e    00000001     (.common:macPanCoordinator)
                  2000383f    00000001     (.common:macPhyChannel)
                  20003840    00000004                      : PINCC26XX.oem4f (.bss)
                  20003844    00000004     (.common:AESCCM_handle)
                  20003848    00000004     (.common:FH_test_var)
                  2000384c    00000004     (.common:PowerCC26XX_swiKey)
                  20003850    00000004     (.common:PowerCC26XX_taskKey)
                  20003854    00000004     (.common:macCryptoDrvTblPtr)
                  20003858    00000004     (.common:macRxSymbol)
                  2000385c    00000004     (.common:macTimerActive)
                  20003860    00000004     (.common:nvsCC26XXObjects)
                  20003864    00000004     (.common:timerAlignedQ)
                  20003868    00000004     (.common:timerUnalignedQ)
                  2000386c    00000001     (.common:macPwr)
                  2000386d    00000001     (.common:macRxActive)
                  2000386e    00000001     (.common:macRxEnableFlags)
                  2000386f    00000001     (.common:macRxOutgoingAckFlag)
                  20003870    00000001     (.common:macSymbolTimerImpending)
                  20003871    00000001     (.common:macTaskId)
                  20003872    00000001     (.common:macTxActive)
                  20003873    00000001     (.common:macUnitBackoffPeriod)
                  20003874    00000001     (.common:rxFhRsl)

.vtable    0    20003875    00000000     UNINITIALIZED

.vtable_ram 
*          0    20003875    00000000     UNINITIALIZED

vtable_ram 
*          0    20003875    00000000     UNINITIALIZED

.sysmem    0    20003875    00000000     UNINITIALIZED

.nonretenvar 
*          0    20003875    00000000     UNINITIALIZED

.stack     0    20013aa0    00000560     UNINITIALIZED
                  20013aa0    00000560     --HOLE--

.bootVecs 
*          0    00000000    00000008     DSECT
                  00000000    00000008     boot.aem4f : boot.oem4f (.bootVecs)

.resetVecs 
*          0    00000000    0000003c     
                  00000000    0000003c     app_cop_pem4f.oem4f (.resetVecs)

.vecs      0    20000000    000000d8     NOLOAD SECTION
                  20000000    000000d8     app_cop_pem4f.oem4f (.vecs)

xdc.meta   0    00000000    00000122     COPY SECTION
                  00000000    00000122     app_cop_pem4f.oem4f (xdc.meta)

xdc.noload 
*          0    00000000    00000000     COPY SECTION

.data:RAM_MAC_BASE_ADDR 
*          0    2000010c    00000010     UNINITIALIZED
                  2000010c    00000010     maclib_secure_cc13x2.a : rom_init_154.obj (.data:RAM_MAC_BASE_ADDR)

.text.1    0    00002024    000129a4     
                  00002024    0000044c     macTask.obj (.text:macTaskFxn$16)
                  00002470    00000444     maclib_secure_cc13x2.a : mac_hl_patch.obj (.text:macWrapperAddDevice)
                  000028b4    00000434     nvocmp.obj (.text:NVOCMP_initNv$21)
                  00002ce8    000003a4     maclib_secure_cc13x2.a : mac.obj (.text:macRxCb)
                  0000308c    00000354                            : mac_rx.obj (.text:rxPayloadIsr$29)
                  000033e0    00000330     api_mac.obj (.text:processIncomingICallMsg$15)
                  00003710    00000310     maclib_secure_cc13x2.a : mac_radio_tx.obj (.text:macRadioCsmaTxCb)
                  00003a20    000002dc     npi_task.obj (.text:NPITask_Fxn)
                  00003cfc    000002c0     nvocmp.obj (.text:NVOCMP_compactPage$21)
                  00003fbc    000002c0     mcp.obj (.text:processMsg$3)
                  0000427c    00000294     maclib_secure_cc13x2.a : mac_tx.obj (.text:macTxFrame)
                  00004510    00000280                            : mac_pwr.obj (.text:macPwrVote)
                  00004790    00000274     nvocmp.obj (.text:NVOCMP_compact$21)
                  00004a04    0000025c     maclib_secure_cc13x2.a : mac_tx.obj (.text:txCsmaPrep$32)
                  00004c60    00000228     mt_sys.obj (.text:MtSys_commandProcessing)
                  00004e88    00000220     main.obj (.text:taskFxn$2)
                  000050a8    0000021c     maclib_secure_cc13x2.a : mac.obj (.text:macSendReceiveCmdIeee)
                  000052c4    00000218                            : mac_radio.obj (.text:macRadioInitSubG)
                  000054dc    00000210     rf_multiMode_cc13x2.aem4f : RFCC26X2_multiMode.c.cc13x2.ccs.o (.text:RF_scheduleCmd)
                  000056ec    0000020c     maclib_secure_cc13x2.a : mac.obj (.text:macSendReceiveCmdSubG)
                  000058f8    00000208     nvocmp.obj (.text:NVOCMP_addItem$21)
                  00005b00    00000200     rf_multiMode_cc13x2.aem4f : RFCC26X2_multiMode.c.cc13x2.ccs.o (.text:RF_open)
                  00005d00    000001e0     maclib_secure_cc13x2.a : mac_hl_patch.obj (.text:macWrapperAddKeyInitFCtr)
                  00005ee0    000001d4     rf_multiMode_cc13x2.aem4f : RFCC26X2_multiMode.c.cc13x2.ccs.o (.text:RF_dispatchNextCmd)
                  000060b4    000001cc     drivers_cc13x2.a : PINCC26XX.oem4f (.text:PIN_init)
                  00006280    000001b4     maclib_secure_cc13x2.a : mac_radio_tx.obj (.text:macRadioTxAck$36)
                  00006434    000001ac                            : mac_hl_patch.obj (.text:macRxBeaconCritical)
                  000065e0    000001a4                            : mac_hl_patch.obj (.text:macWrapperDeleteKeyAndAssociatedDevices)
                  00006784    0000019c                            : mac_hl_patch.obj (.text:macIncomingFrameSecurityMaterialRetrieval)
                  00006920    00000198     drivers_cc13x2.a : PowerCC26X2.oem4f (.text:Power_sleep)
                  00006ab8    00000198     maclib_secure_cc13x2.a : mac_hl_patch.obj (.text:macWrapperDeleteDevice)
                  00006c50    00000190     drivers_cc13x2.a : PowerCC26X2_calibrateRCOSC.oem4f (.text:calibrateRcoscHf1)
                  00006de0    0000018c     maclib_secure_cc13x2.a : mac_hl_patch.obj (.text:macIncomingFrameSecurity)
                  00006f6c    0000018c     drivers_cc13x2.a : PowerCC26X2_calibrateRCOSC.oem4f (.text:runCalibrateFsm)
                  000070f8    00000188     maclib_secure_cc13x2.a : mac_radio_tx.obj (.text:macRadioTxGoIeee$36)
                  00007280    00000174     mt_util.obj (.text:MtUtil_commandProcessing)
                  000073f4    00000174     drivers_cc13x2.a : PowerCC26X2.oem4f (.text:Power_init)
                  00007568    0000016c     maclib_secure_cc13x2.a : mac_radio_tx.obj (.text:macRadioTxPrepCsmaUnslotted)
                  000076d4    00000164     drivers_cc13x2.a : UARTCC26XX.oem4f (.text:UARTCC26XX_open)
                  00007838    00000164     maclib_secure_cc13x2.a : mac_hl_patch.obj (.text:macWrapperDeleteAllDevices)
                  0000799c    00000164                            : mac_tx.obj (.text:txCsmaDelay)
                  00007b00    00000160     driverlib.lib : sys_ctrl.obj (.text:NOROM_SysCtrlStandby)
                  00007c60    00000154     nvocmp.obj (.text:NVOCMP_findItem$21)
                  00007db4    00000154     rf_multiMode_cc13x2.aem4f : RFCC26X2_multiMode.c.cc13x2.ccs.o (.text:RF_radioOpDoneCb)
                  00007f08    00000154     drivers_cc13x2.a : UARTCC26XX.oem4f (.text:UARTCC26XX_hwiIntFxn)
                  0000805c    00000148     rf_multiMode_cc13x2.aem4f : RFCC26X2_multiMode.c.cc13x2.ccs.o (.text:RF_fsmSetupState)
                  000081a4    00000148     maclib_secure_cc13x2.a : mac_radio_tx.obj (.text:macRadioLbtTxCb)
                  000082ec    00000140     drivers_cc13x2.a : AESCCMCC26XX.oem4f (.text:AESCCM_startOperation)
                  0000842c    00000140     rf_multiMode_cc13x2.aem4f : RFCC26X2_multiMode.c.cc13x2.ccs.o (.text:RF_close)
                  0000856c    0000013c                               : RFCC26X2_multiMode.c.cc13x2.ccs.o (.text:RF_ratSetupChannel)
                  000086a8    0000013a     drivers_cc13x2.a : UARTCC26XX.oem4f (.text:UARTCC26XX_read)
                  000087e2    00000002     rf_multiMode_cc13x2.aem4f : rfc.c.cc13x2.ccs.o (.text:NOROM_RFCCpePatchReset)
                  000087e4    00000138     drivers_cc13x2.a : NVSCC26XX.oem4f (.text:NVSCC26XX_write)
                  0000891c    00000138     maclib_secure_cc13x2.a : mac_hl_patch.obj (.text:macBuildDataFrame)
                  00008a54    00000134     mt_mac.obj (.text:MtMac_BeaconNotifyInd)
                  00008b88    00000134     rf_multiMode_cc13x2.aem4f : RFCC26X2_multiMode.c.cc13x2.ccs.o (.text:RF_abortCmd)
                  00008cbc    00000130     maclib_secure_cc13x2.a : mac_radio.obj (.text:macRadioInitIeee)
                  00008dec    00000120     drivers_cc13x2.a : PowerCC26X2.oem4f (.text:configureXOSCHF)
                  00008f0c    00000118     maclib_secure_cc13x2.a : mac_low_level.obj (.text:macLowLevelBufferInit)
                  00009024    00000118                            : mac.obj (.text:macSetupRATChanCompare)
                  0000913c    00000114     macTask.obj (.text:MAC_CbackEvent)
                  00009250    00000112     rf_multiMode_cc13x2.aem4f : RFCC26X2_multiMode.c.cc13x2.ccs.o (.text:RF_decodeOverridePointers)
                  00009362    00000002                               : RFCC26X2_multiMode.c.cc13x2.ccs.o (.text:RF_defaultCallback)
                  00009364    00000110                               : RFCC26X2_multiMode.c.cc13x2.ccs.o (.text:RF_initRadioSetup)
                  00009474    00000110     maclib_secure_cc13x2.a : mac_hl_patch.obj (.text:macEdScanISR)
                  00009584    00000110                            : mac_hl_patch.obj (.text:macScanNextChan)
                  00009694    0000010c     mt_mac.obj (.text:macDataReq$6)
                  000097a0    00000106     app_cop_pem4f.oem4f (.text:xdc_runtime_System_printfExtend__I)
                  000098a6    00000002     rtsv7M4_T_le_v4SPD16_eabi.lib : _lock.c.obj (.text:_nop)
                  000098a8    00000104     rf_multiMode_cc13x2.aem4f : RFCC26X2_multiMode.c.cc13x2.ccs.o (.text:RF_hwiCpe0Active)
                  000099ac    000000fc     maclib_secure_cc13x2.a : mac_hl_patch.obj (.text:macOutgoingFrameKeyDescRetrieval)
                  00009aa8    000000f8     drivers_cc13x2.a : PINCC26XX.oem4f (.text:PINCC26XX_setIoCfg)
                  00009ba0    000000f0     rf_multiMode_cc13x2.aem4f : RFCC26X2_multiMode.c.cc13x2.ccs.o (.text:RF_fsmPowerUpState)
                  00009c90    000000f0     maclib_secure_cc13x2.a : mac_hl_patch.obj (.text:macScanRxCoordRealign)
                  00009d80    000000ec     nvocmp.obj (.text:NVOCMP_cleanPage$21)
                  00009e6c    000000e8     maclib_secure_cc13x2.a : mac.obj (.text:macSetupReceiveCmd)
                  00009f54    000000e4                            : mac_hl_patch.obj (.text:macOutgoingFrameSecurity)
                  0000a038    000000e4                            : mac_tx.obj (.text:macTxChannelBusyCallback)
                  0000a11c    000000e4                            : mac_rx.obj (.text:rxPostRxUpdates$29)
                  0000a200    000000e0     drivers_cc13x2.a : UARTCC26XX.oem4f (.text:UARTCC26XX_write)
                  0000a2e0    000000e0     mt_mac.obj (.text:macStartReq$6)
                  0000a3c0    000000dc     maclib_secure_cc13x2.a : mac_hl_patch.obj (.text:macBuildHeaderIes)
                  0000a49c    000000d8     rf_multiMode_cc13x2.aem4f : RFCC26X2_multiMode.c.cc13x2.ccs.o (.text:RF_control)
                  0000a574    000000d8                               : RFCC26X2_multiMode.c.cc13x2.ccs.o (.text:RF_pendCmd)
                  0000a64c    000000d8     driverlib.lib : setup.obj (.text:TrimAfterColdResetWakeupFromShutDown$55)
                  0000a724    000000d8     maclib_secure_cc13x2.a : mac_hl_patch.obj (.text:macCcmStarTransform)
                  0000a7fc    000000d2     mt_mac.obj (.text:MtMac_ScanCnf)
                  0000a8ce    000000d2     rf_multiMode_cc13x2.aem4f : RFCC26X2_multiMode.c.cc13x2.ccs.o (.text:RF_updatePaConfiguration)
                  0000a9a0    000000d0                               : RFCC26X2_multiMode.c.cc13x2.ccs.o (.text:RF_swiHw)
                  0000aa70    000000cc     maclib_secure_cc13x2.a : mac_timer.obj (.text:macSymbolTimerTriggerCallback)
                  0000ab3c    000000ca     mt_mac.obj (.text:dataInd$6)
                  0000ac06    00000002     main.obj (.text:assertHandler)
                  0000ac08    000000c8     dpl_cc13x2.a : PowerCC26X2_tirtos.oem4f (.text:PowerCC26XX_standbyPolicy)
                  0000acd0    000000c4     maclib_secure_cc13x2.a : mac_hl_patch.obj (.text:macApiStartReq)
                  0000ad94    000000c0     nvocmp.obj (.text:NVOCMP_erase$21)
                  0000ae54    000000c0     drivers_cc13x2.a : PowerCC26X2.oem4f (.text:Power_releaseDependency)
                  0000af14    000000c0                      : UARTCC26XX.oem4f (.text:UARTCC26XX_initIO)
                  0000afd4    000000c0     maclib_secure_cc13x2.a : mac_hl_patch.obj (.text:macMgmtReset)
                  0000b094    000000bc                            : mac_hl_patch.obj (.text:macAutoPoll)
                  0000b150    000000bc                            : mac.obj (.text:macGetRFCmdDuration)
                  0000b20c    000000b8     drivers_cc13x2.a : PowerCC26X2.oem4f (.text:Power_setDependency)
                  0000b2c4    000000b8                      : UARTCC26XX.oem4f (.text:UARTCC26XX_initHw)
                  0000b37c    000000b6     mt_mac.obj (.text:macScanReq$6)
                  0000b432    00000002     drivers_cc13x2.a : PowerCC26X2.oem4f (.text:emptyClockFunc)
                  0000b434    000000b4     maclib_secure_cc13x2.a : mac_pwr.obj (.text:MAC_PwrOffReq)
                  0000b4e8    000000b4     drivers_cc13x2.a : TRNGCC26XX.oem4f (.text:TRNG_generateEntropy)
                  0000b59c    000000b0     maclib_secure_cc13x2.a : mac_autopend.obj (.text:MAC_SrcMatchAddEntry)
                  0000b64c    000000b0                            : mac.obj (.text:macStopCmd)
                  0000b6fc    000000ac     nvocmp.obj (.text:NVOCMP_readContItemApi$21)
                  0000b7a8    000000ac     drivers_cc13x2.a : PINCC26XX.oem4f (.text:PIN_open)
                  0000b854    000000ac     maclib_secure_cc13x2.a : mac_hl_patch.obj (.text:macApiBeaconStartReq)
                  0000b900    000000ac                            : mac_hl_patch.obj (.text:macBeaconCheckTxTime)
                  0000b9ac    000000ac     macTask.obj (.text:macTaskInit)
                  0000ba58    000000ac     api_mac.obj (.text:processBeaconNotifyInd$15)
                  0000bb04    000000a8     driverlib.lib : setup.obj (.text:NOROM_SetupTrimDevice)
                  0000bbac    000000a8     nvocmp.obj (.text:NVOCMP_initNvApi$21)
                  0000bc54    000000a8     maclib_secure_cc13x2.a : mac_radio_tx.obj (.text:macRadioTxAckCb$36)
                  0000bcfc    000000a8                            : mac_hl_patch.obj (.text:macTrackTimeoutCallback)
                  0000bda4    000000a4     rf_multiMode_cc13x2.aem4f : RFCC26X2_multiMode.c.cc13x2.ccs.o (.text:RF_ratRestartChannels)
                  0000be48    000000a4     maclib_secure_cc13x2.a : mac_hl_patch.obj (.text:macCcmStarInverseTransform)
                  0000beec    000000a4                            : mac_radio_tx.obj (.text:macRadioTxPrepLbt)
                  0000bf90    000000a4                            : mac_radio.obj (.text:macRadioUpdateTxPower)
                  0000c034    000000a0     rf_multiMode_cc13x2.aem4f : RFCC26X2_multiMode.c.cc13x2.ccs.o (.text:RF_requestAccess)
                  0000c0d4    000000a0     auto_init.aem4f : auto_init.oem4f (.text)
                  0000c174    000000a0     maclib_secure_cc13x2.a : mac_hl_patch.obj (.text:macBlacklistChecking)
                  0000c214    000000a0     rom_sysbios.aem4f : rom_sysbios.obj (.text:ti_sysbios_knl_Task_setPri__E)
                  0000c2b4    0000009c     nvocmp.obj (.text:NVOCMP_readHeader$21)
                  0000c350    0000009c     maclib_secure_cc13x2.a : mac_radio.obj (.text:macRadioStartScan)
                  0000c3ec    0000009c                            : mac_timer.obj (.text:macTimerRealign)
                  0000c488    0000009c     rtsv7M4_T_le_v4SPD16_eabi.lib : memcpy_t2.asm.obj (.text)
                  0000c524    0000009c     mt_ext.obj (.text:sendFragment$5)
                  0000c5c0    0000009c     maclib_secure_cc13x2.a : mac_tx.obj (.text:txComplete)
                  0000c65c    00000098     npi_tl_uart.obj (.text:NPITLUART_initializeTransport)
                  0000c6f4    00000098     nvocmp.obj (.text:NVOCMP_updateItemApi$21)
                  0000c78c    00000098     rf_multiMode_cc13x2.aem4f : RFCC26X2_multiMode.c.cc13x2.ccs.o (.text:RF_calculateDispatchTime)
                  0000c824    00000098     drivers_cc13x2.a : UARTCC26XX.oem4f (.text:writeTxFifoFlush)
                  0000c8bc    00000096     mt_mac.obj (.text:macAddDeviceReq$6)
                  0000c952    00000096     rtsv7M4_T_le_v4SPD16_eabi.lib : ull_div_t2.asm.obj (.text)
                  0000c9e8    00000094     nvocmp.obj (.text:NVOCMP_getDstPage$21)
                  0000ca7c    00000094     rf_multiMode_cc13x2.aem4f : RFCC26X2_multiMode.c.cc13x2.ccs.o (.text:RF_getInfo)
                  0000cb10    00000094     drivers_cc13x2.a : TRNGCC26XX.oem4f (.text:TRNGCC26XX_hwiFxn)
                  0000cba4    00000094     board_led.obj (.text:board_led_blinkTimeoutCB$9)
                  0000cc38    00000094     maclib_secure_cc13x2.a : mac_hl_patch.obj (.text:macIncomingSecurityLevelChecking)
                  0000cccc    00000094                            : mac_radio.obj (.text:macRadioUpdateChannel)
                  0000cd60    00000094                            : mac_radio.obj (.text:macRadioUpdateChannelRx)
                  0000cdf4    00000094                            : mac.obj (.text:macRatCb_A)
                  0000ce88    00000094                            : mac.obj (.text:macSetupFsCmd)
                  0000cf1c    00000092     drivers_cc13x2.a : UARTCC26XX.oem4f (.text:UARTCC26XX_writeCancel)
                  0000cfae    00000002                      : CryptoResourceCC26XX.oem4f (.text:errorSpin)
                  0000cfb0    00000090     CC1312R1_LAUNCHXL_fxns.obj (.text:CC1312R1_LAUNCHXL_shutDownExtFlash)
                  0000d040    00000090     maclib_secure_cc13x2.a : mac_hl_patch.obj (.text:MAC_ResumeReq)
                  0000d0d0    00000090     rf_multiMode_cc13x2.aem4f : RFCC26X2_multiMode.c.cc13x2.ccs.o (.text:RF_discardPendCmd)
                  0000d160    00000090     maclib_secure_cc13x2.a : mac_hl_patch.obj (.text:macCcmDecrypt)
                  0000d1f0    00000090                            : mac_hl_patch.obj (.text:macTrackStartCallback)
                  0000d280    00000090     mt_mac.obj (.text:sendCRSP$6)
                  0000d310    0000008c     npi_task.obj (.text:NPITask_inititializeTask$12)
                  0000d39c    0000008c     maclib_osal_tirtos_cc13x2_26x2.a : osal_port.obj (.text:OsalPort_heapMalloc$49)
                  0000d428    0000008c                                      : osal_port.obj (.text:OsalPort_setTimer)
                  0000d4b4    0000008c     api_mac.obj (.text:copyDataInd$15)
                  0000d540    0000008c     maclib_secure_cc13x2.a : mac_hl_patch.obj (.text:macCcmEncrypt)
                  0000d5cc    0000008c                            : mac_radio_tx.obj (.text:macRadioTxEnhAckCb)
                  0000d658    0000008c     rom_sysbios.aem4f : rom_sysbios.obj (.text:ti_sysbios_gates_GateMutexPri_enter__E)
                  0000d6e4    00000088     maclib_secure_cc13x2.a : mac_autopend.obj (.text:MAC_SrcMatchEnable)
                  0000d76c    00000088     driverlib.lib : osc.obj (.text:NOROM_OSCHF_AttemptToSwitchToXosc)
                  0000d7f4    00000088     nvocmp.obj (.text:NVOCMP_deleteItemApi$21)
                  0000d87c    00000088     rf_multiMode_cc13x2.aem4f : RFCC26X2_multiMode.c.cc13x2.ccs.o (.text:RF_cmdDispatchTime)
                  0000d904    00000088                               : RFCC26X2_multiMode.c.cc13x2.ccs.o (.text:RF_getTxPower)
                  0000d98c    00000088     drivers_cc13x2.a : PowerCC26X2_calibrateRCOSC.oem4f (.text:calibrateRcoscHf2)
                  0000da14    00000088                      : PowerCC26X2.oem4f (.text:disableLFClockQualifiers)
                  0000da9c    00000088     maclib_secure_cc13x2.a : mac_hl_patch.obj (.text:macKeyDescriptorLookup)
                  0000db24    00000088                            : mac_mcu.obj (.text:macMcuOverflowSetPeriod)
                  0000dbac    00000088                            : mac_symbol_timer.obj (.text:macSymbolTimerInit)
                  0000dc34    00000088     drivers_cc13x2.a : PowerCC26X2_calibrateRCOSC.oem4f (.text:updateSubSecInc)
                  0000dcbc    00000084     npi_tl.obj (.text:NPITL_writeTL)
                  0000dd40    00000084     nvocmp.obj (.text:NVOCMP_createItemApi$21)
                  0000ddc4    00000084     rf_multiMode_cc13x2.aem4f : RFCC26X2_multiMode.c.cc13x2.ccs.o (.text:RF_issueRadioFreeCb)
                  0000de48    00000084                               : RFCC26X2_multiMode.c.cc13x2.ccs.o (.text:RF_verifyGap)
                  0000decc    00000084     drivers_cc13x2.a : UARTCC26XX.oem4f (.text:UARTCC26XX_close)
                  0000df50    00000084     maclib_secure_cc13x2.a : mac_rx_onoff.obj (.text:macRxOffRequest)
                  0000dfd4    00000084                            : mac_timer.obj (.text:macTimerUpdateSymbolTimer)
                  0000e058    00000080     api_mac.obj (.text:ApiMac_init)
                  0000e0d8    00000080     npi_tl_uart.obj (.text:NPITLUART_readCallBack$14)
                  0000e158    00000080     drivers_cc13x2.a : NVSCC26XX.oem4f (.text:NVSCC26XX_open)
                  0000e1d8    00000080     maclib_secure_cc13x2.a : mac_mcu.obj (.text:macMcuOverflowSetCompare)
                  0000e258    00000080                            : mac_radio.obj (.text:macRadioWakeupCb)
                  0000e2d8    00000080                            : mac_autopend.obj (.text:macSrcMatchCheckSrcAddr$25)
                  0000e358    00000080                            : mac_radio.obj (.text:scheduleNopWakeupCmd)
                  0000e3d8    00000080     rom_sysbios.aem4f : rom_sysbios.obj (.text:ti_sysbios_family_arm_cc26xx_Timer_start__E)
                  0000e458    00000080     maclib_secure_cc13x2.a : mac_tx.obj (.text:txGo$32)
                  0000e4d8    0000007c     nvocmp.obj (.text:NVOCMP_readItemApi$21)
                  0000e554    0000007c     rf_multiMode_cc13x2.aem4f : RFCC26X2_multiMode.c.cc13x2.ccs.o (.text:RF_ratFreeChannel)
                  0000e5d0    0000007c     maclib_secure_cc13x2.a : mac_rx_onoff.obj (.text:macRxOn)
                  0000e64c    0000007c     maclib_osal_tirtos_cc13x2_26x2.a : osal_port.obj (.text:osalHeapInitFxn)
                  0000e6c8    0000007a     rtsv7M4_T_le_v4SPD16_eabi.lib : memset_t2.asm.obj (.text)
                  0000e742    00000002     maclib_secure_cc13x2.a : mac_pwr.obj (.text:macApiPwrOnReq)
                  0000e744    00000078     board_led.obj (.text:Board_Led_control)
                  0000e7bc    00000078     nvocmp.obj (.text:NVOCMP_checkItem$21)
                  0000e834    00000078     maclib_secure_cc13x2.a : mac_timer.obj (.text:macTimerSetRollover)
                  0000e8ac    00000074     npi_task.obj (.text:NPITask_transportRXCallBack$12)
                  0000e920    00000074     nvocmp.obj (.text:NVOCMP_writeItemApi$21)
                  0000e994    00000074     drivers_cc13x2.a : PowerCC26X2_calibrateRCOSC.oem4f (.text:PowerCC26X2_auxISR)
                  0000ea08    00000074     rf_multiMode_cc13x2.aem4f : RFCC26X2_multiMode.c.cc13x2.ccs.o (.text:RF_yield)
                  0000ea7c    00000074     drivers_cc13x2.a : TRNGCC26XX.oem4f (.text:TRNG_construct)
                  0000eaf0    00000074     rom_sysbios.aem4f : rom_sysbios.obj (.text:ti_sysbios_gates_GateMutexPri_leave__E)
                  0000eb64    00000072     rf_multiMode_cc13x2.aem4f : RFCC26X2_multiMode.c.cc13x2.ccs.o (.text:RF_detachOverrides)
                  0000ebd6    00000002     maclib_secure_cc13x2.a : mac_mcu.obj (.text:macMcuBitReverse)
                  0000ebd8    00000070     drivers_cc13x2.a : AESCCMCC26XX.oem4f (.text:AESCCM_cleanup)
                  0000ec48    00000070     rf_multiMode_cc13x2.aem4f : rfc.c.cc13x2.ccs.o (.text:NOROM_RFCAnaDivTxOverride)
                  0000ecb8    00000070     nvocmp.obj (.text:NVOCMP_eraseNvApi$21)
                  0000ed28    00000070     rf_multiMode_cc13x2.aem4f : RFCC26X2_multiMode.c.cc13x2.ccs.o (.text:RF_ratDisableChannel)
                  0000ed98    00000070     drivers_cc13x2.a : Random.oem4f (.text:Random_seedAutomatic)
                  0000ee08    0000006e     rf_multiMode_cc13x2.aem4f : RFCC26X2_multiMode.c.cc13x2.ccs.o (.text:RF_attachOverrides)
                  0000ee76    0000006e                               : RFCC26X2_multiMode.c.cc13x2.ccs.o (.text:RF_howToSchedule)
                  0000eee4    0000006e     mt_mac.obj (.text:macAssociateReq$6)
                  0000ef52    0000006e     mt_mac.obj (.text:macWriteKeyReq$6)
                  0000efc0    0000006e     rtsv7M4_T_le_v4SPD16_eabi.lib : ll_div_t2.asm.obj (.text)
                  0000f02e    00000002     maclib_secure_cc13x2.a : mac_radio.obj (.text:macRadioSetRE)
                  0000f030    0000006d     rom_sysbios.aem4f : rom_sysbios.obj (.text:xdc_runtime_System_formatNum__I)
                  0000f09d    00000001     --HOLE-- [fill = 0]
                  0000f09e    00000002     rtsv7M4_T_le_v4SPD16_eabi.lib : div0.asm.obj (.text)
                  0000f0a0    0000006c     driverlib.lib : chipinfo.obj (.text:NOROM_ChipInfo_GetChipType)
                  0000f10c    0000006c     rf_multiMode_cc13x2.aem4f : RFCC26X2_multiMode.c.cc13x2.ccs.o (.text:RF_getCurrentTime)
                  0000f178    0000006c     maclib_secure_cc13x2.a : mac_radio_tx.obj (.text:macRadioTxBackoffBoundary)
                  0000f1e4    0000006c                            : mac_hl_patch.obj (.text:macTrackPeriodCallback)
                  0000f250    0000006c                            : mac_tx.obj (.text:macTxDoneCallback)
                  0000f2bc    00000068     driverlib.lib : osc.obj (.text:NOROM_OSCHF_SwitchToRcOscTurnOffXosc)
                  0000f324    00000068     nvocmp.obj (.text:NVOCMP_getFreeNvApi$21)
                  0000f38c    00000068     maclib_osal_tirtos_cc13x2_26x2.a : osal_port.obj (.text:OsalPort_registerTask)
                  0000f3f4    00000068     rf_multiMode_cc13x2.aem4f : RFCC26X2_multiMode.c.cc13x2.ccs.o (.text:RF_hwiHw)
                  0000f45c    00000068     rtsv7M4_T_le_v4SPD16_eabi.lib : copy_decompress_lzss.c.obj (.text:decompress:lzss:__TI_decompress_lzss)
                  0000f4c4    00000068     maclib_secure_cc13x2.a : mac_rx.obj (.text:macRxHaltCleanup)
                  0000f52c    00000064     drivers_cc13x2.a : AESCCMCC26XX.oem4f (.text:AESCCM_waitForResult)
                  0000f590    00000064     nvocmp.obj (.text:NVOCMP_findSignature$21)
                  0000f5f4    00000064     maclib_osal_tirtos_cc13x2_26x2.a : osal_port.obj (.text:OsalPort_clearEvent)
                  0000f658    00000064                                      : osal_port.obj (.text:OsalPort_pwrmgrTaskState)
                  0000f6bc    00000064     rf_multiMode_cc13x2.aem4f : RFCC26X2_multiMode.c.cc13x2.ccs.o (.text:RF_dispatchNextEvent)
                  0000f720    00000064     drivers_cc13x2.a : UARTCC26XX.oem4f (.text:UARTCC26XX_control)
                  0000f784    00000064     maclib_secure_cc13x2.a : mac.obj (.text:macRequestBackoff)
                  0000f7e8    00000064                            : mac_timer.obj (.text:macSymbolTimerRolloverCallback)
                  0000f84c    00000064                            : mac_timer.obj (.text:macTimerAddTimer)
                  0000f8b0    00000062     ti_drivers_config.obj (.text:Board_sendExtFlashByte)
                  0000f912    00000062     rf_multiMode_cc13x2.aem4f : RFCC26X2_multiMode.c.cc13x2.ccs.o (.text:RF_syncCb)
                  0000f974    00000062     drivers_cc13x2.a : UARTCC26XX.oem4f (.text:UARTCC26XX_swiIntFxn)
                  0000f9d6    00000002     app_cop_pem4f.oem4f (.text:ti_sysbios_BIOS_nullFunc__I)
                  0000f9d8    00000060     drivers_cc13x2.a : AESCCMCC26XX.oem4f (.text:AESCCM_hwiFxn)
                  0000fa38    00000060                      : CryptoResourceCC26XX.oem4f (.text:CryptoResourceCC26XX_constructRTOSObjects)
                  0000fa98    00000060     rf_multiMode_cc13x2.aem4f : RFCC26X2_multiMode.c.cc13x2.ccs.o (.text:RF_applyRfCorePatch)
                  0000faf8    00000060     drivers_cc13x2.a : TRNGCC26XX.oem4f (.text:TRNGCC26XX_startTrng)
                  0000fb58    00000060     maclib_secure_cc13x2.a : mac_radio.obj (.text:macGetRadioTxPowerReg)
                  0000fbb8    00000060                            : mac_timer.obj (.text:macTimerCancel)
                  0000fc18    00000060                            : mac_timer.obj (.text:macTimerGetNextTimer)
                  0000fc78    0000005e     api_mac.obj (.text:convertTxOptions)
                  0000fcd6    0000005c     npi_frame_mt.obj (.text:NPIFrame_frameMsg)
                  0000fd32    00000002     rom_sysbios.aem4f : rom_sysbios.obj (.text:ti_sysbios_heaps_HeapCallback_defaultDelete)
                  0000fd34    0000005c     nvocmp.obj (.text:NVOCMP_readItem$21)
                  0000fd90    0000005c     maclib_osal_tirtos_cc13x2_26x2.a : osal_port.obj (.text:OsalPort_msgReceive)
                  0000fdec    0000005c                                      : osal_port.obj (.text:OsalPort_setEvent)
                  0000fe48    0000005c     drivers_cc13x2.a : PINCC26XX.oem4f (.text:PIN_remove)
                  0000fea4    0000005c                      : NVSCC26XX.oem4f (.text:doErase)
                  0000ff00    0000005c     mt_mac.obj (.text:macDisassociateReq$6)
                  0000ff5c    0000005c     maclib_secure_cc13x2.a : mac_hl_patch.obj (.text:macSetDefaultsByPatch)
                  0000ffb8    0000005c     drivers_cc13x2.a : UARTCC26XX.oem4f (.text:startTxFifoEmptyClk)
                  00010014    0000005c     app_cop_pem4f.oem4f (.text:xdc_runtime_Startup_getState__I)
                  00010070    00000058     npi_task.obj (.text:NPITask_incomingFrameCB$12)
                  000100c8    00000058     nvocmp.obj (.text:NVOCMP_getItemLenApi$21)
                  00010120    00000058     drivers_cc13x2.a : PowerCC26X2_calibrateRCOSC.oem4f (.text:PowerCC26X2_initiateCalibration)
                  00010178    00000058     rf_multiMode_cc13x2.aem4f : RFCC26X2_multiMode.c.cc13x2.ccs.o (.text:RF_TxPowerTable_findValue)
                  000101d0    00000058                               : RFCC26X2_multiMode.c.cc13x2.ccs.o (.text:RF_hwiCpe0PowerFsm)
                  00010228    00000058     drivers_cc13x2.a : TRNGCC26XX.oem4f (.text:TRNG_init)
                  00010280    00000058     boot.aem4f : boot.oem4f (.text)
                  000102d8    00000058     maclib_secure_cc13x2.a : mac_radio_tx.obj (.text:macRadioTxRequestTxAck)
                  00010330    00000058     main.obj (.text:main)
                  00010388    00000056     rf_multiMode_cc13x2.aem4f : RFCC26X2_multiMode.c.cc13x2.ccs.o (.text:RF_defaultSubmitPolicy)
                  000103de    00000002     rom_sysbios.aem4f : rom_sysbios.obj (.text:xdc_runtime_SysCallback_defaultAbort)
                  000103e0    00000054     drivers_cc13x2.a : AESCCMCC26XX.oem4f (.text:AESCCM_construct)
                  00010434    00000054     driverlib.lib : prcm.obj (.text:NOROM_PRCMPowerDomainsAllOff)
                  00010488    00000054     npi_task.obj (.text:NPITask_createTask)
                  000104dc    00000054     nvocmp.obj (.text:NVOCMP_doNVCRC$21)
                  00010530    00000054     drivers_cc13x2.a : NVSCC26XX.oem4f (.text:NVSCC26XX_init)
                  00010584    00000054     rf_multiMode_cc13x2.aem4f : RFCC26X2_multiMode.c.cc13x2.ccs.o (.text:RF_fsmXOSCState)
                  000105d8    00000054     drivers_cc13x2.a : StructRingBuf.oem4f (.text:StructRingBuf_put)
                  0001062c    00000054     dpl_cc13x2.a : SwiP_tirtos.oem4f (.text:SwiP_construct)
                  00010680    00000054     mt_ext.obj (.text:abortFragMsg$5)
                  000106d4    00000054     maclib_secure_cc13x2.a : mac_hl_patch.obj (.text:macIncomingKeyUsagePolicyChecking)
                  00010728    00000054                            : mac_radio.obj (.text:macRadioSetChannel)
                  0001077c    00000054                            : mac_radio.obj (.text:macRadioSetChannelRx)
                  000107d0    00000054                            : mac_tx.obj (.text:macTxAckReceivedCallback)
                  00010824    00000054     api_mac.obj (.text:processScanCnf$15)
                  00010878    00000050     nvocmp.obj (.text:NVOCMP_compactNvApi$21)
                  000108c8    00000050     drivers_cc13x2.a : TRNGCC26XX.oem4f (.text:TRNGCC26XX_waitForResult)
                  00010918    00000050                      : TemperatureCC26X2.oem4f (.text:degreesToCode)
                  00010968    00000050     maclib_secure_cc13x2.a : mac_sleep.obj (.text:macCanSleep)
                  000109b8    00000050                            : mac_radio.obj (.text:macRadioSetPanCoordinator)
                  00010a08    00000050                            : mac_rx_onoff.obj (.text:macRxDisable)
                  00010a58    00000050                            : mac_timer.obj (.text:macTimerStart)
                  00010aa8    0000004e     mt_mac.obj (.text:macOrphanRsp$6)
                  00010af6    0000004c     mt_mac.obj (.text:MtMac_DataCnf)
                  00010b42    00000002     rom_sysbios.aem4f : rom_sysbios.obj (.text:xdc_runtime_SysCallback_defaultExit)
                  00010b44    0000004c     driverlib.lib : prcm.obj (.text:NOROM_PRCMPowerDomainsAllOn)
                  00010b90    0000004c     nvocmp.obj (.text:NVOCMP_setItemInactive$21)
                  00010bdc    0000004c     maclib_osal_tirtos_cc13x2_26x2.a : osal_port.obj (.text:OsalPort_msgSend)
                  00010c28    0000004c     rf_multiMode_cc13x2.aem4f : RFCC26X2_multiMode.c.cc13x2.ccs.o (.text:RF_wakeupNotification)
                  00010c74    0000004c     drivers_cc13x2.a : StructRingBuf.oem4f (.text:StructRingBuf_get)
                  00010cc0    0000004c                      : UARTCC26XX.oem4f (.text:UARTCC26XX_readCancel)
                  00010d0c    0000004c     rtsv7M4_T_le_v4SPD16_eabi.lib : cpy_tbl.c.obj (.text:copy_in)
                  00010d58    0000004c     mt_util.obj (.text:loopTimerCB$8)
                  00010da4    0000004c     mt_mac.obj (.text:macGetFhReq$6)
                  00010df0    0000004c     maclib_secure_cc13x2.a : mac_radio_tx.obj (.text:macRadioTxHandleAck)
                  00010e3c    0000004c                            : mac.obj (.text:macSendFsCmd)
                  00010e88    0000004c     maclib_osal_tirtos_cc13x2_26x2.a : osal_port.obj (.text:osalHeapGetStatsFxn)
                  00010ed4    0000004a     mt_mac.obj (.text:macAsyncReq$6)
                  00010f1e    00000002     rom_sysbios.aem4f : rom_sysbios.obj (.text:xdc_runtime_SysCallback_defaultFlush)
                  00010f20    00000048     ti_drivers_config.obj (.text:Board_wakeUpExtFlash)
                  00010f68    00000048     CC1312R1_LAUNCHXL_fxns.obj (.text:CC1312R1_LAUNCHXL_wakeUpExtFlash)
                  00010fb0    00000048     rf_multiMode_cc13x2.aem4f : rfc.c.cc13x2.ccs.o (.text:NOROM_RFCSynthPowerDown)
                  00010ff8    00000048     nvocmp.obj (.text:NVOCMP_write$21)
                  00011040    00000048     drivers_cc13x2.a : NVS.oem4f (.text:NVS_open)
                  00011088    00000048                      : PINCC26XX.oem4f (.text:PIN_setOutputEnable)
                  000110d0    00000048                      : PowerCC26X2_calibrateRCOSC.oem4f (.text:PowerCC26X2_RCOSC_clockFunc)
                  00011118    00000048                      : PowerCC26X2.oem4f (.text:PowerCC26XX_switchXOSC_HF)
                  00011160    00000048     maclib_osal_tirtos_cc13x2_26x2.a : util_timer.obj (.text:UtilTimer_construct)
                  000111a8    00000048     drivers_cc13x2.a : NVSCC26XX.oem4f (.text:disableFlashCache)
                  000111f0    00000048     mt_mac.obj (.text:macAssociateRsp$6)
                  00011238    00000048     mt_mac.obj (.text:macPollReq$6)
                  00011280    00000048     maclib_secure_cc13x2.a : mac_radio.obj (.text:macRadioNeedAdjustPower)
                  000112c8    00000048                            : mac_radio.obj (.text:macRadioStopScan)
                  00011310    00000048                            : mac_timer.obj (.text:macTimerUpdActive)
                  00011358    00000048     drivers_cc13x2.a : PowerCC26X2.oem4f (.text:switchXOSCHF)
                  000113a0    00000048                      : UARTCC26XX.oem4f (.text:writeFinishedDoCallback)
                  000113e8    00000046                      : RingBuf.oem4f (.text:RingBuf_put)
                  0001142e    00000046     maclib_secure_cc13x2.a : mac_hl_patch.obj (.text:macDeviceDescriptorLookup)
                  00011474    00000044                            : mac_timer.obj (.text:MAC_PwrNextTimeout)
                  000114b8    00000044     driverlib.lib : chipinfo.obj (.text:NOROM_ChipInfo_GetHwRevision)
                  000114fc    00000044     drivers_cc13x2.a : NVSCC26XX.oem4f (.text:NVSCC26XX_read)
                  00011540    00000044                      : PINCC26XX.oem4f (.text:PIN_swi)
                  00011584    00000044                      : UART.oem4f (.text:UART_init)
                  000115c8    00000044     maclib_secure_cc13x2.a : mac_tx.obj (.text:macTxTimestampCallback)
                  0001160c    00000044     mcp.obj (.text:relayRxMsg$3)
                  00011650    00000042     mt_mac.obj (.text:MtMac_CommStatusInd)
                  00011692    00000042     api_mac.obj (.text:copyMacPanDescToApiMacPanDesc$15)
                  000116d4    00000040     dpl_cc13x2.a : ClockP_tirtos.oem4f (.text:ClockP_construct)
                  00011714    00000040                  : ClockP_tirtos.oem4f (.text:ClockP_create)
                  00011754    00000040     driverlib.lib : osc.obj (.text:NOROM_OSC_HPOSCRelativeFrequencyOffsetGet)
                  00011794    00000040     maclib_osal_tirtos_cc13x2_26x2.a : osal_port.obj (.text:OsalPort_heapFree$49)
                  000117d4    00000040     drivers_cc13x2.a : PowerCC26X2.oem4f (.text:PowerCC26XX_isStableXOSC_HF)
                  00011814    00000040                      : Random.oem4f (.text:Random_getNumber)
                  00011854    00000040                      : RingBuf.oem4f (.text:RingBuf_get)
                  00011894    00000040                      : TRNGCC26XX.oem4f (.text:TRNGCC26XX_copyToClient)
                  000118d4    00000040                      : UART.oem4f (.text:UART_open)
                  00011914    00000040     rf_multiMode_cc13x2.aem4f : rf_patch_cpe_prop.c.cc13x2.ccs.o (.text:configurePropPatch)
                  00011954    00000040     maclib_secure_cc13x2.a : mac_low_level.obj (.text:macLowLevelYield)
                  00011994    00000040                            : mac.obj (.text:macRatCb_B)
                  000119d4    00000040                            : mac_rx.obj (.text:macRxNokIsr)
                  00011a14    00000040                            : mac_autopend.obj (.text:macSrcMatchSetEnableBit$25)
                  00011a54    00000040                            : mac_symbol_timer.obj (.text:macSymbolTimerSetTrigger)
                  00011a94    00000040                            : mac_tx.obj (.text:macTxUpdateIE)
                  00011ad4    00000040     rtsv7M4_T_le_v4SPD16_eabi.lib : u_divt2.asm.obj (.text)
                  00011b14    00000040     drivers_cc13x2.a : TemperatureCC26X2.oem4f (.text:setNextThresholds)
                  00011b54    00000040     rom_sysbios.aem4f : rom_sysbios.obj (.text:ti_sysbios_family_arm_cc26xx_Timer_setThreshold__I)
                  00011b94    00000040                       : rom_sysbios.obj (.text:ti_sysbios_heaps_HeapCallback_Module_startup__E)
                  00011bd4    0000003e     dpl_cc13x2.a : HwiP_tirtos.oem4f (.text:HwiP_construct)
                  00011c12    0000003e     mt_mac.obj (.text:MtMac_SyncLossInd)
                  00011c50    0000003e     maclib_osal_tirtos_cc13x2_26x2.a : osal_port.obj (.text:OsalPort_msgEnqueueMax)
                  00011c8e    00000002     rom_sysbios.aem4f : rom_sysbios.obj (.text:xdc_runtime_SysCallback_defaultPutch)
                  00011c90    0000003c     maclib_secure_cc13x2.a : mac_pwr.obj (.text:MAC_PwrOnReq)
                  00011ccc    0000003c     mt_sys.obj (.text:MtSys_resetReq)
                  00011d08    0000003c     npi_tl.obj (.text:NPITL_transmissionCallBack$13)
                  00011d44    0000003c     nvocmp.obj (.text:NVOCMP_disableCache$21)
                  00011d80    0000003c     drivers_cc13x2.a : PINCC26XX.oem4f (.text:PIN_setOutputValue)
                  00011dbc    0000003c     rf_multiMode_cc13x2.aem4f : RFCC26X2_multiMode.c.cc13x2.ccs.o (.text:RF_cmdGet)
                  00011df8    0000003c                               : RFCC26X2_multiMode.c.cc13x2.ccs.o (.text:RF_cmdStoreEvents)
                  00011e34    0000003c     drivers_cc13x2.a : NVSCC26XX.oem4f (.text:checkEraseRange)
                  00011e70    0000003c     maclib_secure_cc13x2.a : mac_timer.obj (.text:macTimerRecalcUnaligned)
                  00011eac    0000003c                            : mac_tx.obj (.text:macTxDecrypt)
                  00011ee8    0000003c     rom_sysbios.aem4f : rom_sysbios.obj (.text:ti_sysbios_family_arm_m3_Hwi_construct2__E)
                  00011f24    0000003a     maclib_osal_tirtos_cc13x2_26x2.a : mac_util.obj (.text:Util_bufferUint32)
                  00011f5e    00000038     api_mac.obj (.text:ApiMac_buildMsgCapInfo)
                  00011f96    00000002     --HOLE-- [fill = 0]
                  00011f98    00000038     ti_drivers_config.obj (.text:Board_shutDownExtFlash)
                  00011fd0    00000038     nvocmp.obj (.text:NVOCMP_findPage$21)
                  00012008    00000038     drivers_cc13x2.a : PINCC26XX.oem4f (.text:PIN_setConfig)
                  00012040    00000038     rf_multiMode_cc13x2.aem4f : RFCC26X2_multiMode.c.cc13x2.ccs.o (.text:RF_checkCmdFsError)
                  00012078    00000038                               : RFCC26X2_multiMode.c.cc13x2.ccs.o (.text:RF_powerConstraintRelease)
                  000120b0    00000038     maclib_secure_cc13x2.a : mac_timer.obj (.text:macTimerAligned)
                  000120e8    00000038                            : mac_timer.obj (.text:macTimerInit)
                  00012120    00000038                            : mac_tx.obj (.text:macTxAckNotReceivedCallback)
                  00012158    00000038                            : mac_tx.obj (.text:macTxFrameIsr)
                  00012190    00000038     drivers_cc13x2.a : PowerCC26X2.oem4f (.text:notify)
                  000121c8    00000038                      : UARTCC26XX.oem4f (.text:readData)
                  00012200    00000038     rom_sysbios.aem4f : rom_sysbios.obj (.text:ti_sysbios_family_arm_cc26xx_Timer_getCurrentTick__E)
                  00012238    00000038     drivers_cc13x2.a : UARTCC26XX.oem4f (.text:writeData)
                  00012270    00000036     api_mac.obj (.text:ApiMac_convertCapabilityInfo)
                  000122a6    00000036     mt_mac.obj (.text:MtMac_AssociateInd)
                  000122dc    00000036     rom_sysbios.aem4f : rom_sysbios.obj (.text:ti_sysbios_family_arm_cc26xx_Timer_setNextTick__E)
                  00012312    00000002     --HOLE-- [fill = 0]
                  00012314    00000034     driverlib.lib : sys_ctrl.obj (.text:NOROM_SysCtrlIdle)
                  00012348    00000034     npi_rxbuf.obj (.text:NPIRxBuf_ReadFromRxBuf)
                  0001237c    00000034     nvocmp.obj (.text:NVOCMP_verifyCRC$21)
                  000123b0    00000034     rf_multiMode_cc13x2.aem4f : RFCC26X2_multiMode.c.cc13x2.ccs.o (.text:RF_runDirectImmediateCmd)
                  000123e4    00000034     mt_mac.obj (.text:macAdrToSba$6)
                  00012418    00000034     maclib_secure_cc13x2.a : mac_hl_patch.obj (.text:macCheckPhyRate)
                  0001244c    00000034                            : mac_low_level.obj (.text:macLowLevelDiags)
                  00012480    00000034                            : mac_radio.obj (.text:macRadioSetIEEEAddr)
                  000124b4    00000034                            : mac.obj (.text:macRatDisableChannelB)
                  000124e8    00000034                            : mac_symbol_timer.obj (.text:macSymbolTimerCount)
                  0001251c    00000034     drivers_cc13x2.a : UARTCC26XX.oem4f (.text:readData2RingBuf)
                  00012550    00000034     rom_sysbios.aem4f : rom_sysbios.obj (.text:ti_sysbios_knl_Swi_setPri__E)
                  00012584    00000034     drivers_cc13x2.a : TemperatureCC26X2.oem4f (.text:updateThresholds)
                  000125b8    00000032     maclib_osal_tirtos_cc13x2_26x2.a : osal_port.obj (.text:OsalPort_msgExtract)
                  000125ea    00000032     rom_sysbios.aem4f : rom_sysbios.obj (.text:ti_sysbios_gates_GateMutexPri_insertPri__I)
                  0001261c    00000030     npi_tl.obj (.text:NPITL_readTL)
                  0001264c    00000030     nvocmp.obj (.text:NVOCMP_changePageState$21)
                  0001267c    00000030     drivers_cc13x2.a : NVSCC26XX.oem4f (.text:NVSCC26XX_erase)
                  000126ac    00000030                      : PINCC26XX.oem4f (.text:PINCC26XX_setMux)
                  000126dc    00000030                      : PowerCC26X2.oem4f (.text:Power_releaseConstraint)
                  0001270c    00000030                      : PowerCC26X2.oem4f (.text:Power_setConstraint)
                  0001273c    00000030                      : TRNGCC26XX.oem4f (.text:TRNGCC26XX_fillEntropyPool)
                  0001276c    00000030                      : TemperatureCC26X2.oem4f (.text:Temperature_unregisterNotify)
                  0001279c    00000030     maclib_secure_cc13x2.a : mac_rx_onoff.obj (.text:macRxHardDisable)
                  000127cc    00000030                            : mac_rx_onoff.obj (.text:macRxSoftDisable)
                  000127fc    00000030                            : mac_symbol_timer.obj (.text:macSymbolTimerBCWakeUp)
                  0001282c    00000030                            : mac_symbol_timer.obj (.text:macSymbolTimerICallTimerCback)
                  0001285c    00000030                            : mac_timer.obj (.text:macTimerCheckUnAlignedQ)
                  0001288c    00000030     app_cop_pem4f.oem4f (.text:ti_sysbios_BIOS_atExitFunc__I)
                  000128bc    00000030     app_cop_pem4f.oem4f (.text:ti_sysbios_BIOS_startFunc__I)
                  000128ec    00000030     rom_sysbios.aem4f : rom_sysbios.obj (.text:ti_sysbios_family_arm_cc26xx_Timer_initDevice__I)
                  0001291c    00000030     app_cop_pem4f.oem4f (.text:ti_sysbios_gates_GateMutexPri_Object__create__S)
                  0001294c    00000030     app_cop_pem4f.oem4f (.text:ti_sysbios_gates_GateMutexPri_create)
                  0001297c    00000030     app_cop_pem4f.oem4f (.text:ti_sysbios_heaps_HeapCallback_Object__create__S)
                  000129ac    00000030     rom_sysbios.aem4f : rom_sysbios.obj (.text:ti_sysbios_knl_Clock_getTimeout__E)
                  000129dc    0000002e     maclib_osal_tirtos_cc13x2_26x2.a : osal_port.obj (.text:OsalPort_msgDequeue)
                  00012a0a    0000002e                                      : osal_port.obj (.text:OsalPort_msgEnqueue)
                  00012a38    0000002e     rf_multiMode_cc13x2.aem4f : RFCC26X2_multiMode.c.cc13x2.ccs.o (.text:RF_queueEnd)
                  00012a66    0000002e     drivers_cc13x2.a : TRNGCC26XX.oem4f (.text:TRNGCC26XX_serviceJob)
                  00012a94    0000002c     mt_mac.obj (.text:MtMac_AssociateCnf)
                  00012ac0    0000002c     mt_mac.obj (.text:MtMac_DisassociateInd)
                  00012aec    0000002c     drivers_cc13x2.a : NVS.oem4f (.text:NVS_init)
                  00012b18    0000002c     rf_multiMode_cc13x2.aem4f : RFCC26X2_multiMode.c.cc13x2.ccs.o (.text:RF_executeDirectImmediateCmd)
                  00012b44    0000002c     dpl_cc13x2.a : SemaphoreP_tirtos.oem4f (.text:SemaphoreP_constructBinary)
                  00012b70    0000002c                  : SemaphoreP_tirtos.oem4f (.text:SemaphoreP_createBinary)
                  00012b9c    0000002c     drivers_cc13x2.a : TRNGCC26XX.oem4f (.text:TRNGCC26XX_stopTrng)
                  00012bc8    0000002c     rf_multiMode_cc13x2.aem4f : rf_patch_cpe_prop.c.cc13x2.ccs.o (.text:applyPropPatch)
                  00012bf4    0000002c     maclib_secure_cc13x2.a : mac_radio.obj (.text:macRadioSetPanID)
                  00012c20    0000002c                            : mac_radio.obj (.text:macRadioSetShortAddr)
                  00012c4c    0000002c                            : mac_rx_onoff.obj (.text:macRxSoftEnable)
                  00012c78    0000002c                            : mac_symbol_timer.obj (.text:macSymbolTimerSetRollover)
                  00012ca4    0000002c                            : mac_tx.obj (.text:macTxRequestCsmaRtcDelay)
                  00012cd0    0000002c                            : saddr.obj (.text:sAddrCmp)
                  00012cfc    0000002c     mt_ext.obj (.text:sendStatus$5)
                  00012d28    0000002c     app_cop_pem4f.oem4f (.text:ti_sysbios_gates_GateMutexPri_Handle__label__S)
                  00012d54    0000002c     app_cop_pem4f.oem4f (.text:ti_sysbios_heaps_HeapCallback_Handle__label__S)
                  00012d80    0000002c     rom_sysbios.aem4f : rom_sysbios.obj (.text:ti_sysbios_knl_Clock_getTicksUntilInterrupt__E)
                  00012dac    0000002a     drivers_cc13x2.a : List.oem4f (.text:List_insert)
                  00012dd6    0000002a     maclib_secure_cc13x2.a : mac_autopend.obj (.text:MAC_SrcMatchDeleteEntry)
                  00012e00    0000002a     rf_multiMode_cc13x2.aem4f : RFCC26X2_multiMode.c.cc13x2.ccs.o (.text:RF_searchAndReplacePAOverride)
                  00012e2a    00000028     mt_mac.obj (.text:MtMac_DisassociateCnf)
                  00012e52    00000028     rf_multiMode_cc13x2.aem4f : rfc.c.cc13x2.ccs.o (.text:NOROM_RFCOverrideSearch)
                  00012e7a    00000002     --HOLE-- [fill = 0]
                  00012e7c    00000028     nvocmp.obj (.text:NVOCMP_findDstPage$21)
                  00012ea4    00000028     nvocmp.obj (.text:NVOCMP_setCompactHdr$21)
                  00012ecc    00000028     drivers_cc13x2.a : PowerCC26X2.oem4f (.text:Power_registerNotify)
                  00012ef4    00000028     rf_multiMode_cc13x2.aem4f : RFCC26X2_multiMode.c.cc13x2.ccs.o (.text:RF_calculateDeltaTimeUs)
[...]
2000013c  macSem                                                          
20000194  macTask                                                         
200009e8  macUser0Cfg                                                     
200009fc  myTask                                                          
20000a4c  Main_user1Cfg                                                   
20000aa8  myTaskStack                                                     
20000dc8  npiAppEntityID                                                  
20000dca  incomingTXReroute                                               
20000de4  npiSemHandle                                                    
20000de8  NPITask_events                                                  
20000df0  incomingTXEventAppCBFunc                                        
20000df4  structnpiSem                                                    
20000e60  npiTaskStack                                                    
20001384  RF_cmdNop                                                       
20001394  RF_cmdNopFg                                                     
200013a4  RF_cmdRxAckCmd                                                  
200013b8  RF_cmdFsRx                                                      
200013d0  RF_cmdFsTx                                                      
200013e8  RF_cmdIEEETx                                                    
20001400  RF_cmdPropCs                                                    
2000141c  RF_cmdPropCsSlotted                                             
20001438  RF_cmdRadioSetup                                                
20001458  RF_cmdIEEECsma                                                  
20001478  RF_cmdPropTxAdv                                                 
20001498  RF_cmdPropRadioDivSetup                                         
200014c8  RF_cmdPropRxAdv                                                 
200014f8  RF_cmdIEEERx                                                    
20001534  taskCnt                                                         
20001544  heapmgrMemFreeTotal                                             
20001548  heapmgrMemFreeError                                             
20001554  HEAPMGR_SIZE                                                    
20001558  taskTbl                                                         
200016c0  PowerCC26X2_module                                              
20001830  RF_prop_2gfsk50kbps154g                                         
20001840  RF_prop_2gfsk200kbps154g                                        
20001850  RF_prop_slr5kbps2gfsk                                           
20001860  txPowerTable_2gfsk50kbps154g                                    
200018c4  txPowerTable_2gfsk200kbps154g                                   
20001928  txPowerTable_slr5kbps2gfsk                                      
20001aa0  ROM_stateStruct                                                 
20001aa0  ti_sysbios_knl_Clock_Module__state__V                           
20001acc  ti_sysbios_family_arm_cc26xx_TimestampProvider_Module__state__V 
20001ad0  xdc_runtime_Startup_Module__state__V                            
20001ad8  xdc_runtime_Registry_Module__state__V                           
20001ae0  ti_sysbios_BIOS_Module__state__V                                
20001b04  ti_sysbios_knl_Swi_Module__state__V                             
20001b20  ti_sysbios_knl_Task_Module__state__V                            
20001b64  xdc_runtime_Memory_Module__state__V                             
20001b68  xdc_runtime_System_Module__state__V                             
20001b70  ti_sysbios_family_arm_m3_Hwi_Module__state__V                   
20001ba4  ti_sysbios_family_arm_cc26xx_Timer_Module__state__V             
20001bac  macSrcMatchIsAckAllPending                                      
20001bad  macSrcResIndex                                                  
20001bb0  reqAccessAlloc                                                  
20001bb2  rxCmdHandle                                                     
20001bb8  macRfDrvTblPtr                                                  
20001bbc  lastPostCmd                                                     
20001bc0  macSfdDetectCback                                               
20001bc4  macTxTimestamp                                                  
20001bc8  pMacRadioConfig                                                 
20001be0  macRxOutputSubG                                                 
20001bec  macRxOutputIeee                                                 
20001bfc  macFrmFilter                                                    
20001c0c  macSrcShortAddrList                                             
20001c28  macSrcExtAddrList                                               
20001c58  macMRFSKGenPhyTable                                             
20001cfa  gAction                                                         
20001cfb  NVOCMP_size                                                     
20001d28  NVOCMP_nvHandle                                                 
20001d70  fhObject                                                        
20001ddc  FHIE_channelPlan                                                
20001e7c  ti_sysbios_knl_Task_Object__table__V                            
20001ec8  ti_sysbios_family_arm_cc26xx_Timer_Object__table__V             
20001f5c  pRfMode                                                         
20001f60  pRfPowerTable                                                   
20001f64  pMaxPower                                                       
20001f68  RF_handle                                                       
20001f6c  macPhyTxPower                                                   
20001f74  RF_params                                                       
20001fcc  ti_sysbios_gates_GateMutex_Object__table__V                     
20002004  appTaskId                                                       
2000200c  appEvents                                                       
20002014  ApiMac_extAddr                                                  
2000201c  appSem                                                          
20002038  macBeaconPayload                                                
2000209c  pMacDataTx                                                      
200020a0  macDataTxIndirect                                               
200020a4  macDataRequeueIndirect                                          
200020a8  macDataRxBeaconCritical                                         
200020ac  macDataTxBeaconComplete                                         
200020b0  macDataSetSched                                                 
200020b4  macDataCheckSched                                               
200020b8  macDataCheckTxTime                                              
200020bc  macDataBeaconRequeue                                            
200020c0  csmPhy                                                          
200020c4  macTimerRollover                                                
200020c8  macTimerNewRollover                                             
200020cc  ti_sysbios_knl_Swi_Module_State_0_readyQ__A                     
200020fc  ti_sysbios_knl_Swi_Object__table__V                             
2000212c  ti_sysbios_knl_Task_Module_State_0_readyQ__A                    
2000215c  npiEID                                                          
2000215d  npiSID                                                          
20002160  mtProcessIncoming                                               
20002188  pOverrides_slr5kbps2gfsk                                        
200021b4  macSpecUsecsPerSymbol                                           
200021b8  macPrevPeriodRatCount                                           
200021bc  macSymbolTimerRollover                                          
200021c0  macSymbolTimerTrigger                                           
200021dc  pOverrides_2gfsk200kbps154g                                     
20002204  pOverrides_2gfsk50kbps154g                                      
2000222c  macTxSlottedDelayFactor                                         
2000222d  macTxType                                                       
2000222e  macTxBe                                                         
2000222f  macTxGpInterframeDelay                                          
20002230  txAckReq                                                        
20002233  txSeqn                                                          
20002235  numTx                                                           
20002236  macTxCsmaBackoffDelay                                           
20002238  macCsmaRtcTimerId                                               
2000223c  macAckDbg                                                       
20002250  _hposcCoeffs                                                    
20002274  macActionSet                                                    
200022b8  macBeaconMargin                                                 
200022d8  ti_sysbios_knl_Clock_Object__table__V                           
200022f8  xdc_runtime_Error_IgnoreBlock                                   
20002318  ti_sysbios_family_arm_m3_Hwi_Object__table__V                   
20002330  txCmdHandle                                                     
20002332  macRadioAckIeeeFrame                                            
20002338  pMacEnhancedAck                                                 
2000233c  macRadioAckFrame                                                
20002344  macStateTbl                                                     
20002368  macCfg                                                          
20002378  lastRatChanA                                                    
20002379  lastRatChanB                                                    
2000237a  macRxCmdActive                                                  
2000237b  macTxCmdActive                                                  
2000237c  macFsCmdActive                                                  
2000237d  macRxPreempted                                                  
2000237e  macReqAccessCnt                                                 
20002380  macReqAccessTimeCnt                                             
20002382  macReqAccErrCnt                                                 
20002384  numRfCmd                                                        
20002385  numRxCmd                                                        
20002386  numRxPostCmd                                                    
2000239c  pClockHandleEDScan                                              
200023a0  FH_FSM                                                          
200023ac  ti_sysbios_heaps_HeapCallback_Object__table__V                  
200023b8  _lock                                                           
200023bc  _unlock                                                         
200023c8  FH_txTiming                                                     
200023d0  pinUpperBound                                                   
200023d4  pinLowerBound                                                   
200023e0  ti_sysbios_family_arm_m3_Hwi_Module__root__V                    
200023e8  ti_sysbios_gates_GateHwi_Module__root__V                        
200023f0  ti_sysbios_gates_GateMutexPri_Module__root__V                   
200023f8  ti_sysbios_gates_GateMutex_Module__root__V                      
20002400  ti_sysbios_hal_Hwi_Module__root__V                              
20002408  ti_sysbios_heaps_HeapCallback_Module__root__V                   
20002410  ti_sysbios_heaps_HeapMem_Module__root__V                        
20002418  ti_sysbios_knl_Clock_Module__root__V                            
20002420  ti_sysbios_knl_Event_Module__root__V                            
20002428  ti_sysbios_knl_Mailbox_Module__root__V                          
20002430  ti_sysbios_knl_Queue_Module__root__V                            
20002438  ti_sysbios_knl_Semaphore_Module__root__V                        
20002440  ti_sysbios_knl_Swi_Module__root__V                              
20002448  ti_sysbios_knl_Task_Module__root__V                             
20002455  macAddrSize                                                     
20002459  CryptoResourceCC26XX_pollingFlag                                
2000245c  macTasksEvents                                                  
20002460  macTxSlottedDelay                                               
20002461  bInSwi                                                          
20002462  macSrcMatchIsEnabled                                            
20002463  macRadioYielded                                                 
20002468  main_func_sp                                                    
2000246c  ti_sysbios_family_arm_m3_Hwi_Module_State_0_excContext__A       
20002470  ti_sysbios_family_arm_m3_Hwi_Module_State_0_excStack__A         
20002474  ti_sysbios_knl_Task_Module_State_0_idleTask__A                  
2000247a  ti_sysbios_family_arm_m3_Hwi_Module_State_0_excActive__A        
2000247d  macSleepState                                                   
20002970  ti_sysbios_knl_Task_Instance_State_0_stack__A                   
20002b70  uartCC26XXObjects                                               
20002d24  enhancedAckBuf                                                  
20002f18  ti_sysbios_family_arm_m3_Hwi_dispatchTable                      
20002ff0  FHPIB_db                                                        
2000307c  FH_hnd                                                          
20003104  macPib                                                          
2000318c  pinHandleTable                                                  
20003208  FHNT_tableOpt                                                   
20003284  macScan                                                         
20003328  CryptoResourceCC26XX_accessSemaphore                            
20003378  CryptoResourceCC26XX_operationSemaphore                         
200033c8  FHFSM_Dbg                                                       
2000340a  driverlib_release_0_58048                                       
2000340b  macMgmt                                                         
2000340c  macSecurityPib                                                  
2000344c  macBeaconCoord                                                  
20003488  FHNT_hnd                                                        
200034c0  macDeviceAction1                                                
2000352c  macBeaconDevice                                                 
20003560  macMgmtAction1                                                  
20003590  macCoord                                                        
200035bc  macDevice                                                       
200035e8  macRxFilter                                                     
200035e9  rxPromiscuousMode                                               
200035ec  rxSeqNum                                                        
200035f4  macRxDataEntryOffset                                            
200035f8  rxRadioBufferPtr                                                
20003608  macRxDataEntryQueue                                             
20003678  macBeacon                                                       
200036ec  CryptoResourceCC26XX_hwi                                        
20003708  macCoordAction2                                                 
20003724  macReset                                                        
20003740  aesccmCC26XXObjects                                             
20003758  macScanAction                                                   
20003798  macDeviceAction2                                                
200037ac  macMgmtAction2                                                  
200037c0  macBeaconDeviceAction                                           
200037d0  macCoordAction3                                                 
200037e0  macData                                                         
200037f0  macDataTxDelay                                                  
2000380c  macMain                                                         
20003820  FHNT_tempTable                                                  
20003828  macBeaconCoordAction1                                           
20003830  macCoordAction1                                                 
20003838  FHNT_Dbg                                                        
2000383e  macPanCoordinator                                               
2000383f  macPhyChannel                                                   
20003844  AESCCM_handle                                                   
20003848  FH_test_var                                                     
2000384c  PowerCC26XX_swiKey                                              
20003850  PowerCC26XX_taskKey                                             
20003854  macCryptoDrvTblPtr                                              
20003858  macRxSymbol                                                     
2000385c  macTimerActive                                                  
20003860  nvsCC26XXObjects                                                
20003864  timerAlignedQ                                                   
20003868  timerUnalignedQ                                                 
2000386c  macPwr                                                          
2000386d  macRxActive                                                     
2000386e  macRxEnableFlags                                                
2000386f  macRxOutgoingAckFlag                                            
20003870  macSymbolTimerImpending                                         
20003871  macTaskId                                                       
20003872  macTxActive                                                     
20003873  macUnitBackoffPeriod                                            
20003874  rxFhRsl                                                         
20003875  heapStart                                                       
20013aa0  __stack                                                         
20013aa0  heapEnd                                                         
20014000  __STACK_END                                                     
20014000  __STACK_TOP                                                     
e000e000  ti_sysbios_family_arm_m3_Hwi_nvic                               
ffffffff  __TI_pprof_out_hndl                                             
ffffffff  __TI_prof_data_size                                             
ffffffff  __TI_prof_data_start                                            
ffffffff  __binit__                                                       
ffffffff  __c_args__                                                      
ffffffff  binit                                                           
UNDEFED   ITM_flush                                                       
UNDEFED   ITM_restore                                                     
UNDEFED   SHT$$INIT_ARRAY$$Base                                           
UNDEFED   SHT$$INIT_ARRAY$$Limit                                          

[1811 symbols]
